Archive member included to satisfy reference by file (symbol)

e:/embitz/1.11/share/em_armgcc/bin/../lib/gcc/arm-none-eabi/5.4.1/armv7e-m\libgcc.a(_arm_addsubdf3.o)
                              obj\debug\src\main.o (__aeabi_i2d)
e:/embitz/1.11/share/em_armgcc/bin/../lib/gcc/arm-none-eabi/5.4.1/armv7e-m\libgcc.a(_arm_muldivdf3.o)
                              obj\debug\src\main.o (__aeabi_ddiv)
e:/embitz/1.11/share/em_armgcc/bin/../lib/gcc/arm-none-eabi/5.4.1/armv7e-m\libgcc.a(_arm_truncdfsf2.o)
                              obj\debug\src\main.o (__aeabi_d2f)
e:/embitz/1.11/share/em_armgcc/bin/../lib/gcc/arm-none-eabi/5.4.1/armv7e-m\libgcc.a(_arm_addsubsf3.o)
                              obj\debug\src\adc.o (__aeabi_ui2f)
e:/embitz/1.11/share/em_armgcc/bin/../lib/gcc/arm-none-eabi/5.4.1/../../../../arm-none-eabi/lib/armv7e-m\libg_n.a(lib_a-exit.o)
                              e:/embitz/1.11/share/em_armgcc/bin/../lib/gcc/arm-none-eabi/5.4.1/../../../../arm-none-eabi/lib/armv7e-m/crt0.o (exit)
e:/embitz/1.11/share/em_armgcc/bin/../lib/gcc/arm-none-eabi/5.4.1/../../../../arm-none-eabi/lib/armv7e-m\libg_n.a(lib_a-impure.o)
                              e:/embitz/1.11/share/em_armgcc/bin/../lib/gcc/arm-none-eabi/5.4.1/../../../../arm-none-eabi/lib/armv7e-m\libg_n.a(lib_a-exit.o) (_global_impure_ptr)
e:/embitz/1.11/share/em_armgcc/bin/../lib/gcc/arm-none-eabi/5.4.1/../../../../arm-none-eabi/lib/armv7e-m\libg_n.a(lib_a-init.o)
                              e:/embitz/1.11/share/em_armgcc/bin/../lib/gcc/arm-none-eabi/5.4.1/../../../../arm-none-eabi/lib/armv7e-m/crt0.o (__libc_init_array)
e:/embitz/1.11/share/em_armgcc/bin/../lib/gcc/arm-none-eabi/5.4.1/../../../../arm-none-eabi/lib/armv7e-m\libg_n.a(lib_a-memcpy-stub.o)
                              obj\debug\src\lcd.o (memcpy)
e:/embitz/1.11/share/em_armgcc/bin/../lib/gcc/arm-none-eabi/5.4.1/../../../../arm-none-eabi/lib/armv7e-m\libg_n.a(lib_a-memset.o)
                              e:/embitz/1.11/share/em_armgcc/bin/../lib/gcc/arm-none-eabi/5.4.1/../../../../arm-none-eabi/lib/armv7e-m/crt0.o (memset)
e:/embitz/1.11/share/em_armgcc/bin/../lib/gcc/arm-none-eabi/5.4.1/../../../../arm-none-eabi/lib/armv7e-m\libg_n.a(lib_a-nano-vfprintf_float.o)
                              (_printf_float)
e:/embitz/1.11/share/em_armgcc/bin/../lib/gcc/arm-none-eabi/5.4.1/../../../../arm-none-eabi/lib/armv7e-m\libg_n.a(lib_a-nano-vfprintf_i.o)
                              e:/embitz/1.11/share/em_armgcc/bin/../lib/gcc/arm-none-eabi/5.4.1/../../../../arm-none-eabi/lib/armv7e-m\libg_n.a(lib_a-nano-vfprintf_float.o) (_printf_common)
e:/embitz/1.11/share/em_armgcc/bin/../lib/gcc/arm-none-eabi/5.4.1/../../../../arm-none-eabi/lib/armv7e-m\libg_n.a(lib_a-printf.o)
                              obj\debug\src\adc.o (printf)
e:/embitz/1.11/share/em_armgcc/bin/../lib/gcc/arm-none-eabi/5.4.1/../../../../arm-none-eabi/lib/armv7e-m\libg_n.a(lib_a-puts.o)
                              obj\debug\src\main.o (puts)
e:/embitz/1.11/share/em_armgcc/bin/../lib/gcc/arm-none-eabi/5.4.1/../../../../arm-none-eabi/lib/armv7e-m\libg_n.a(lib_a-setbuf.o)
                              obj\debug\src\30021_io.o (setbuf)
e:/embitz/1.11/share/em_armgcc/bin/../lib/gcc/arm-none-eabi/5.4.1/../../../../arm-none-eabi/lib/armv7e-m\libg_n.a(lib_a-setvbuf.o)
                              e:/embitz/1.11/share/em_armgcc/bin/../lib/gcc/arm-none-eabi/5.4.1/../../../../arm-none-eabi/lib/armv7e-m\libg_n.a(lib_a-setbuf.o) (setvbuf)
e:/embitz/1.11/share/em_armgcc/bin/../lib/gcc/arm-none-eabi/5.4.1/../../../../arm-none-eabi/lib/armv7e-m\libg_n.a(lib_a-strlen.o)
                              e:/embitz/1.11/share/em_armgcc/bin/../lib/gcc/arm-none-eabi/5.4.1/../../../../arm-none-eabi/lib/armv7e-m\libg_n.a(lib_a-nano-vfprintf_float.o) (strlen)
e:/embitz/1.11/share/em_armgcc/bin/../lib/gcc/arm-none-eabi/5.4.1/../../../../arm-none-eabi/lib/armv7e-m\libg_n.a(lib_a-wbuf.o)
                              e:/embitz/1.11/share/em_armgcc/bin/../lib/gcc/arm-none-eabi/5.4.1/../../../../arm-none-eabi/lib/armv7e-m\libg_n.a(lib_a-puts.o) (__swbuf_r)
e:/embitz/1.11/share/em_armgcc/bin/../lib/gcc/arm-none-eabi/5.4.1/../../../../arm-none-eabi/lib/armv7e-m\libg_n.a(lib_a-wsetup.o)
                              e:/embitz/1.11/share/em_armgcc/bin/../lib/gcc/arm-none-eabi/5.4.1/../../../../arm-none-eabi/lib/armv7e-m\libg_n.a(lib_a-puts.o) (__swsetup_r)
e:/embitz/1.11/share/em_armgcc/bin/../lib/gcc/arm-none-eabi/5.4.1/../../../../arm-none-eabi/lib/armv7e-m\libg_n.a(lib_a-dtoa.o)
                              e:/embitz/1.11/share/em_armgcc/bin/../lib/gcc/arm-none-eabi/5.4.1/../../../../arm-none-eabi/lib/armv7e-m\libg_n.a(lib_a-nano-vfprintf_float.o) (_dtoa_r)
e:/embitz/1.11/share/em_armgcc/bin/../lib/gcc/arm-none-eabi/5.4.1/../../../../arm-none-eabi/lib/armv7e-m\libg_n.a(lib_a-fflush.o)
[...]
Memory Configuration

Name             Origin             Length             Attributes
ROM              0x08000000         0x00008000         xr
RAM              0x20000000         0x00004000         xrw
*default*        0x00000000         0xffffffff

Linker script and memory map

LOAD e:/embitz/1.11/share/em_armgcc/bin/../lib/gcc/arm-none-eabi/5.4.1/armv7e-m/crti.o
LOAD e:/embitz/1.11/share/em_armgcc/bin/../lib/gcc/arm-none-eabi/5.4.1/armv7e-m/crtbegin.o
LOAD e:/embitz/1.11/share/em_armgcc/bin/../lib/gcc/arm-none-eabi/5.4.1/../../../../arm-none-eabi/lib/armv7e-m/crt0.o
                0x00000000                __HEAP_SIZE = 0x0
                0x00000100                __STACK_SIZE = 0x100

.text           0x08000000     0x4eb0
 *(.isr_vector)
 .isr_vector    0x08000000      0x188 obj\debug\src\startup_stm32f30x.o
                0x08000000                __isr_vector
 *(.text*)
 .text          0x08000188       0x5c e:/embitz/1.11/share/em_armgcc/bin/../lib/gcc/arm-none-eabi/5.4.1/armv7e-m/crtbegin.o
 .text          0x080001e4       0x74 e:/embitz/1.11/share/em_armgcc/bin/../lib/gcc/arm-none-eabi/5.4.1/../../../../arm-none-eabi/lib/armv7e-m/crt0.o
                0x080001e4                _start
                0x080001e4                _mainCRTStartup
 .text.EXTI_Init
                0x08000258      0x1f4 obj\debug\spl\src\stm32f30x_exti.o
                0x08000258                EXTI_Init
 .text.EXTI_StructInit
                0x0800044c       0x2c obj\debug\spl\src\stm32f30x_exti.o
                0x0800044c                EXTI_StructInit
 .text.EXTI_ClearITPendingBit
                0x08000478       0x30 obj\debug\spl\src\stm32f30x_exti.o
                0x08000478                EXTI_ClearITPendingBit
 .text.GPIO_Init
                0x080004a8      0x12c obj\debug\spl\src\stm32f30x_gpio.o
                0x080004a8                GPIO_Init
 .text.GPIO_StructInit
                0x080005d4       0x34 obj\debug\spl\src\stm32f30x_gpio.o
                0x080005d4                GPIO_StructInit
 .text.GPIO_ReadInputDataBit
                0x08000608       0x38 obj\debug\spl\src\stm32f30x_gpio.o
                0x08000608                GPIO_ReadInputDataBit
 .text.GPIO_WriteBit
                0x08000640       0x30 obj\debug\spl\src\stm32f30x_gpio.o
                0x08000640                GPIO_WriteBit
 .text.GPIO_PinAFConfig
                0x08000670       0x90 obj\debug\spl\src\stm32f30x_gpio.o
                0x08000670                GPIO_PinAFConfig
 .text.NVIC_PriorityGroupConfig
                0x08000700       0x24 obj\debug\spl\src\stm32f30x_misc.o
                0x08000700                NVIC_PriorityGroupConfig
 .text.NVIC_Init
                0x08000724       0xc4 obj\debug\spl\src\stm32f30x_misc.o
                0x08000724                NVIC_Init
 .text.RCC_GetClocksFreq
                0x080007e8      0x414 obj\debug\spl\src\stm32f30x_rcc.o
                0x080007e8                RCC_GetClocksFreq
 .text.RCC_AHBPeriphClockCmd
                0x08000bfc       0x3c obj\debug\spl\src\stm32f30x_rcc.o
                0x08000bfc                RCC_AHBPeriphClockCmd
 .text.RCC_APB2PeriphClockCmd
                0x08000c38       0x3c obj\debug\spl\src\stm32f30x_rcc.o
                0x08000c38                RCC_APB2PeriphClockCmd
 .text.RCC_APB1PeriphClockCmd
                0x08000c74       0x3c obj\debug\spl\src\stm32f30x_rcc.o
                0x08000c74                RCC_APB1PeriphClockCmd
 .text.SYSCFG_EXTILineConfig
                0x08000cb0       0x84 obj\debug\spl\src\stm32f30x_syscfg.o
                0x08000cb0                SYSCFG_EXTILineConfig
 .text.TIM_TimeBaseInit
                0x08000d34       0xec obj\debug\spl\src\stm32f30x_tim.o
                0x08000d34                TIM_TimeBaseInit
 .text.TIM_TimeBaseStructInit
                0x08000e20       0x34 obj\debug\spl\src\stm32f30x_tim.o
                0x08000e20                TIM_TimeBaseStructInit
 .text.TIM_SetCounter
                0x08000e54       0x1c obj\debug\spl\src\stm32f30x_tim.o
                0x08000e54                TIM_SetCounter
 .text.TIM_Cmd  0x08000e70       0x40 obj\debug\spl\src\stm32f30x_tim.o
                0x08000e70                TIM_Cmd
 .text.TIM_OC1Init
                0x08000eb0      0x124 obj\debug\spl\src\stm32f30x_tim.o
                0x08000eb0                TIM_OC1Init
 .text.TIM_OCStructInit
                0x08000fd4       0x44 obj\debug\spl\src\stm32f30x_tim.o
                0x08000fd4                TIM_OCStructInit
 .text.TIM_SetCompare1
                0x08001018       0x1c obj\debug\spl\src\stm32f30x_tim.o
                0x08001018                TIM_SetCompare1
 .text.TIM_CtrlPWMOutputs
                0x08001034       0x38 obj\debug\spl\src\stm32f30x_tim.o
                0x08001034                TIM_CtrlPWMOutputs
 .text.TIM_ITConfig
                0x0800106c       0x40 obj\debug\spl\src\stm32f30x_tim.o
                0x0800106c                TIM_ITConfig
 .text.TIM_ClearITPendingBit
                0x080010ac       0x24 obj\debug\spl\src\stm32f30x_tim.o
                0x080010ac                TIM_ClearITPendingBit
 .text.USART_SendData
                0x080010d0       0x24 obj\debug\spl\src\stm32f30x_usart.o
                0x080010d0                USART_SendData
 .text.USART_GetFlagStatus
                0x080010f4       0x30 obj\debug\spl\src\stm32f30x_usart.o
                0x080010f4                USART_GetFlagStatus
 .text.uart_putc
                0x08001124       0x34 obj\debug\src\30021_io.o
                0x08001124                uart_putc
 .text._write_r
                0x08001158       0x4c obj\debug\src\30021_io.o
                0x08001158                _write_r
 .text.init_usb_uart
                0x080011a4      0x220 obj\debug\src\30021_io.o
                0x080011a4                init_usb_uart
 .text.EXTI9_5_IRQHandler
                0x080013c4       0x54 obj\debug\src\main.o
                0x080013c4                EXTI9_5_IRQHandler
 .text.TIM1_UP_TIM16_IRQHandler
                0x08001418       0x34 obj\debug\src\main.o
                0x08001418                TIM1_UP_TIM16_IRQHandler
 .text.setup    0x0800144c       0x1c obj\debug\src\main.o
                0x0800144c                setup
 .text.main     0x08001468       0xa0 obj\debug\src\main.o
                0x08001468                main
 .text.EXTI_INIT
                0x08001508       0x64 obj\debug\src\sdmu.o
                0x08001508                EXTI_INIT
 .text.GPIO_INIT_SDMU
                0x0800156c       0xa8 obj\debug\src\sdmu.o
                0x0800156c                GPIO_INIT_SDMU
 .text.TIM2_INIT_SDMU
                0x08001614       0x80 obj\debug\src\sdmu.o
                0x08001614                TIM2_INIT_SDMU
 .text.TIM16_INIT_SDMU
                0x08001694       0x94 obj\debug\src\sdmu.o
                0x08001694                TIM16_INIT_SDMU
 .text          0x08001728       0xe4 obj\debug\src\startup_stm32f30x.o
                0x08001728                Reset_Handler
                0x0800176e                NMI_Handler
                0x08001770                HardFault_Handler
                0x08001772                MemManage_Handler
                0x08001774                BusFault_Handler
                0x08001776                UsageFault_Handler
                0x08001778                SVC_Handler
                0x0800177a                DebugMon_Handler
                0x0800177c                PendSV_Handler
                0x0800177e                SysTick_Handler
                0x08001780                WWDG_IRQHandler
                0x08001782                PVD_IRQHandler
                0x08001784                TAMPER_STAMP_IRQHandler
                0x08001786                RTC_WKUP_IRQHandler
                0x08001788                FLASH_IRQHandler
                0x0800178a                RCC_IRQHandler
                0x0800178c                EXTI0_IRQHandler
                0x0800178e                EXTI1_IRQHandler
                0x08001790                EXTI2_TS_IRQHandler
                0x08001792                EXTI3_IRQHandler
                0x08001794                EXTI4_IRQHandler
                0x08001796                DMA1_Channel1_IRQHandler
                0x08001798                DMA1_Channel2_IRQHandler
                0x0800179a                DMA1_Channel3_IRQHandler
                0x0800179c                DMA1_Channel4_IRQHandler
                0x0800179e                DMA1_Channel5_IRQHandler
                0x080017a0                DMA1_Channel6_IRQHandler
                0x080017a2                DMA1_Channel7_IRQHandler
                0x080017a4                ADC1_2_IRQHandler
                0x080017a6                USB_HP_CAN1_TX_IRQHandler
                0x080017a8                USB_LP_CAN1_RX0_IRQHandler
                0x080017aa                CAN1_RX1_IRQHandler
                0x080017ac                CAN1_SCE_IRQHandler
                0x080017b0                TIM1_BRK_TIM15_IRQHandler
                0x080017b4                TIM1_TRG_COM_TIM17_IRQHandler
                0x080017b6                TIM1_CC_IRQHandler
                0x080017b8                TIM2_IRQHandler
                0x080017ba                TIM3_IRQHandler
                0x080017bc                TIM4_IRQHandler
                0x080017be                I2C1_EV_IRQHandler
                0x080017c0                I2C1_ER_IRQHandler
                0x080017c2                I2C2_EV_IRQHandler
                0x080017c4                I2C2_ER_IRQHandler
                0x080017c6                SPI1_IRQHandler
                0x080017c8                SPI2_IRQHandler
                0x080017ca                USART1_IRQHandler
                0x080017cc                USART2_IRQHandler
                0x080017ce                USART3_IRQHandler
                0x080017d0                EXTI15_10_IRQHandler
                0x080017d2                RTC_Alarm_IRQHandler
                0x080017d4                USBWakeUp_IRQHandler
                0x080017d6                TIM8_BRK_IRQHandler
                0x080017d8                TIM8_UP_IRQHandler
                0x080017da                TIM8_TRG_COM_IRQHandler
                0x080017dc                TIM8_CC_IRQHandler
                0x080017de                ADC3_IRQHandler
                0x080017e0                SPI3_IRQHandler
                0x080017e2                UART4_IRQHandler
                0x080017e4                UART5_IRQHandler
                0x080017e6                TIM6_DAC_IRQHandler
                0x080017e8                TIM7_IRQHandler
                0x080017ea                DMA2_Channel1_IRQHandler
                0x080017ec                DMA2_Channel2_IRQHandler
                0x080017ee                DMA2_Channel3_IRQHandler
                0x080017f0                DMA2_Channel4_IRQHandler
                0x080017f2                DMA2_Channel5_IRQHandler
                0x080017f4                ADC4_IRQHandler
                0x080017f6                COMP1_2_3_IRQHandler
                0x080017f8                COMP4_5_6_IRQHandler
                0x080017fa                COMP7_IRQHandler
                0x080017fc                USB_HP_IRQHandler
                0x080017fe                USB_LP_IRQHandler
                0x08001800                USBWakeUp_RMP_IRQHandler
                0x08001802                FPU_IRQHandler
 .text.SystemInit
                0x0800180c       0x84 obj\debug\src\system_stm32f30x.o
                0x0800180c                SystemInit
 .text.SetSysClock
                0x08001890       0x90 obj\debug\src\system_stm32f30x.o
 .text          0x08001920      0x370 e:/embitz/1.11/share/em_armgcc/bin/../lib/gcc/arm-none-eabi/5.4.1/armv7e-m\libgcc.a(_arm_addsubdf3.o)
                0x08001920                __aeabi_drsub
                0x08001928                __aeabi_dsub
                0x08001928                __subdf3
                0x0800192c                __aeabi_dadd
                0x0800192c                __adddf3
                0x08001ba4                __floatunsidf
                0x08001ba4                __aeabi_ui2d
                0x08001bc4                __floatsidf
                0x08001bc4                __aeabi_i2d
                0x08001be8                __aeabi_f2d
                0x08001be8                __extendsfdf2
                0x08001c24                __floatundidf
                0x08001c24                __aeabi_ul2d
                0x08001c34                __floatdidf
                0x08001c34                __aeabi_l2d
 .text          0x08001c90      0x424 e:/embitz/1.11/share/em_armgcc/bin/../lib/gcc/arm-none-eabi/5.4.1/armv7e-m\libgcc.a(_arm_muldivdf3.o)
                0x08001c90                __aeabi_dmul
                0x08001c90                __muldf3
                0x08001ee4                __divdf3
                0x08001ee4                __aeabi_ddiv
 .text          0x080020b4       0xa0 e:/embitz/1.11/share/em_armgcc/bin/../lib/gcc/arm-none-eabi/5.4.1/armv7e-m\libgcc.a(_arm_truncdfsf2.o)
                0x080020b4                __truncdfsf2
                0x080020b4                __aeabi_d2f
 .text.exit     0x08002154       0x28 e:/embitz/1.11/share/em_armgcc/bin/../lib/gcc/arm-none-eabi/5.4.1/../../../../arm-none-eabi/lib/armv7e-m\libg_n.a(lib_a-exit.o)
                0x08002154                exit
 .text.__libc_init_array
                0x0800217c       0x4c e:/embitz/1.11/share/em_armgcc/bin/../lib/gcc/arm-none-eabi/5.4.1/../../../../arm-none-eabi/lib/armv7e-m\libg_n.a(lib_a-init.o)
                0x0800217c                __libc_init_array
 .text.memcpy   0x080021c8       0x16 e:/embitz/1.11/share/em_armgcc/bin/../lib/gcc/arm-none-eabi/5.4.1/../../../../arm-none-eabi/lib/armv7e-m\libg_n.a(lib_a-memcpy-stub.o)
                0x080021c8                memcpy
 .text.memset   0x080021de       0x10 e:/embitz/1.11/share/em_armgcc/bin/../lib/gcc/arm-none-eabi/5.4.1/../../../../arm-none-eabi/lib/armv7e-m\libg_n.a(lib_a-memset.o)
                0x080021de                memset
 .text.__cvt    0x080021ee       0xbe e:/embitz/1.11/share/em_armgcc/bin/../lib/gcc/arm-none-eabi/5.4.1/../../../../arm-none-eabi/lib/armv7e-m\libg_n.a(lib_a-nano-vfprintf_float.o)
                0x080021ee                __cvt
 .text.__exponent
                0x080022ac       0x60 e:/embitz/1.11/share/em_armgcc/bin/../lib/gcc/arm-none-eabi/5.4.1/../../../../arm-none-eabi/lib/armv7e-m\libg_n.a(lib_a-nano-vfprintf_float.o)
                0x080022ac                __exponent
 .text._printf_float
                0x0800230c      0x488 e:/embitz/1.11/share/em_armgcc/bin/../lib/gcc/arm-none-eabi/5.4.1/../../../../arm-none-eabi/lib/armv7e-m\libg_n.a(lib_a-nano-vfprintf_float.o)
                0x0800230c                _printf_float
 .text._printf_common
                0x08002794       0xec e:/embitz/1.11/share/em_armgcc/bin/../lib/gcc/arm-none-eabi/5.4.1/../../../../arm-none-eabi/lib/armv7e-m\libg_n.a(lib_a-nano-vfprintf_i.o)
                0x08002794                _printf_common
 .text._printf_i
                0x08002880      0x24c e:/embitz/1.11/share/em_armgcc/bin/../lib/gcc/arm-none-eabi/5.4.1/../../../../arm-none-eabi/lib/armv7e-m\libg_n.a(lib_a-nano-vfprintf_i.o)
                0x08002880                _printf_i
 .text.printf   0x08002acc       0x30 e:/embitz/1.11/share/em_armgcc/bin/../lib/gcc/arm-none-eabi/5.4.1/../../../../arm-none-eabi/lib/armv7e-m\libg_n.a(lib_a-printf.o)
                0x08002acc                iprintf
                0x08002acc                printf
 .text._puts_r  0x08002afc       0xb4 e:/embitz/1.11/share/em_armgcc/bin/../lib/gcc/arm-none-eabi/5.4.1/../../../../arm-none-eabi/lib/armv7e-m\libg_n.a(lib_a-puts.o)
                0x08002afc                _puts_r
 .text.puts     0x08002bb0       0x10 e:/embitz/1.11/share/em_armgcc/bin/../lib/gcc/arm-none-eabi/5.4.1/../../../../arm-none-eabi/lib/armv7e-m\libg_n.a(lib_a-puts.o)
                0x08002bb0                puts
 .text.setbuf   0x08002bc0       0x10 e:/embitz/1.11/share/em_armgcc/bin/../lib/gcc/arm-none-eabi/5.4.1/../../../../arm-none-eabi/lib/armv7e-m\libg_n.a(lib_a-setbuf.o)
                0x08002bc0                setbuf
 .text.setvbuf  0x08002bd0      0x154 e:/embitz/1.11/share/em_armgcc/bin/../lib/gcc/arm-none-eabi/5.4.1/../../../../arm-none-eabi/lib/armv7e-m\libg_n.a(lib_a-setvbuf.o)
                0x08002bd0                setvbuf
 .text          0x08002d24       0x10 e:/embitz/1.11/share/em_armgcc/bin/../lib/gcc/arm-none-eabi/5.4.1/../../../../arm-none-eabi/lib/armv7e-m\libg_n.a(lib_a-strlen.o)
                0x08002d24                strlen
 .text.__swbuf_r
                0x08002d34       0xa8 e:/embitz/1.11/share/em_armgcc/bin/../lib/gcc/arm-none-eabi/5.4.1/../../../../arm-none-eabi/lib/armv7e-m\libg_n.a(lib_a-wbuf.o)
                0x08002d34                __swbuf_r
 .text.__swsetup_r
                0x08002ddc       0xdc e:/embitz/1.11/share/em_armgcc/bin/../lib/gcc/arm-none-eabi/5.4.1/../../../../arm-none-eabi/lib/armv7e-m\libg_n.a(lib_a-wsetup.o)
                0x08002ddc                __swsetup_r
 .text.quorem   0x08002eb8      0x11e e:/embitz/1.11/share/em_armgcc/bin/../lib/gcc/arm-none-eabi/5.4.1/../../../../arm-none-eabi/lib/armv7e-m\libg_n.a(lib_a-dtoa.o)
 *fill*         0x08002fd6        0x2 
 .text._dtoa_r  0x08002fd8      0xb38 e:/embitz/1.11/share/em_armgcc/bin/../lib/gcc/arm-none-eabi/5.4.1/../../../../arm-none-eabi/lib/armv7e-m\libg_n.a(lib_a-dtoa.o)
                0x08002fd8                _dtoa_r
 .text.__sflush_r
                0x08003b10      0x110 e:/embitz/1.11/share/em_armgcc/bin/../lib/gcc/arm-none-eabi/5.4.1/../../../../arm-none-eabi/lib/armv7e-m\libg_n.a(lib_a-fflush.o)
                0x08003b10                __sflush_r
 .text._fflush_r
                0x08003c20       0x54 e:/embitz/1.11/share/em_armgcc/bin/../lib/gcc/arm-none-eabi/5.4.1/../../../../arm-none-eabi/lib/armv7e-m\libg_n.a(lib_a-fflush.o)
                0x08003c20                _fflush_r
 .text._cleanup_r
                0x08003c74        0xc e:/embitz/1.11/share/em_armgcc/bin/../lib/gcc/arm-none-eabi/5.4.1/../../../../arm-none-eabi/lib/armv7e-m\libg_n.a(lib_a-findfp.o)
                0x08003c74                _cleanup_r
 .text.std.isra.0
                0x08003c80       0x48 e:/embitz/1.11/share/em_armgcc/bin/../lib/gcc/arm-none-eabi/5.4.1/../../../../arm-none-eabi/lib/armv7e-m\libg_n.a(lib_a-findfp.o)
 .text.__sfmoreglue
                0x08003cc8       0x2c e:/embitz/1.11/share/em_armgcc/bin/../lib/gcc/arm-none-eabi/5.4.1/../../../../arm-none-eabi/lib/armv7e-m\libg_n.a(lib_a-findfp.o)
                0x08003cc8                __sfmoreglue
 .text.__sinit  0x08003cf4       0x60 e:/embitz/1.11/share/em_armgcc/bin/../lib/gcc/arm-none-eabi/5.4.1/../../../../arm-none-eabi/lib/armv7e-m\libg_n.a(lib_a-findfp.o)
                0x08003cf4                __sinit
 .text.__sfp    0x08003d54       0x78 e:/embitz/1.11/share/em_armgcc/bin/../lib/gcc/arm-none-eabi/5.4.1/../../../../arm-none-eabi/lib/armv7e-m\libg_n.a(lib_a-findfp.o)
                0x08003d54                __sfp
 .text._fwalk_reent
                0x08003dcc       0x3c e:/embitz/1.11/share/em_armgcc/bin/../lib/gcc/arm-none-eabi/5.4.1/../../../../arm-none-eabi/lib/armv7e-m\libg_n.a(lib_a-fwalk.o)
                0x08003dcc                _fwalk_reent
 .text._localeconv_r
                0x08003e08        0x8 e:/embitz/1.11/share/em_armgcc/bin/../lib/gcc/arm-none-eabi/5.4.1/../../../../arm-none-eabi/lib/armv7e-m\libg_n.a(lib_a-locale.o)
                0x08003e08                _localeconv_r
 .text.__swhatbuf_r
                0x08003e10       0x46 e:/embitz/1.11/share/em_armgcc/bin/../lib/gcc/arm-none-eabi/5.4.1/../../../../arm-none-eabi/lib/armv7e-m\libg_n.a(lib_a-makebuf.o)
                0x08003e10                __swhatbuf_r
 *fill*         0x08003e56        0x2 
 .text.__smakebuf_r
                0x08003e58       0x78 e:/embitz/1.11/share/em_armgcc/bin/../lib/gcc/arm-none-eabi/5.4.1/../../../../arm-none-eabi/lib/armv7e-m\libg_n.a(lib_a-makebuf.o)
                0x08003e58                __smakebuf_r
 .text.malloc   0x08003ed0       0x10 e:/embitz/1.11/share/em_armgcc/bin/../lib/gcc/arm-none-eabi/5.4.1/../../../../arm-none-eabi/lib/armv7e-m\libg_n.a(lib_a-malloc.o)
                0x08003ed0                malloc
 .text          0x08003ee0       0xa0 e:/embitz/1.11/share/em_armgcc/bin/../lib/gcc/arm-none-eabi/5.4.1/../../../../arm-none-eabi/lib/armv7e-m\libg_n.a(lib_a-memchr.o)
                0x08003ee0                memchr
 .text._Balloc  0x08003f80       0x6a e:/embitz/1.11/share/em_armgcc/bin/../lib/gcc/arm-none-eabi/5.4.1/../../../../arm-none-eabi/lib/armv7e-m\libg_n.a(lib_a-mprec.o)
                0x08003f80                _Balloc
 .text._Bfree   0x08003fea       0x2e e:/embitz/1.11/share/em_armgcc/bin/../lib/gcc/arm-none-eabi/5.4.1/../../../../arm-none-eabi/lib/armv7e-m\libg_n.a(lib_a-mprec.o)
                0x08003fea                _Bfree
 .text.__multadd
                0x08004018       0x76 e:/embitz/1.11/share/em_armgcc/bin/../lib/gcc/arm-none-eabi/5.4.1/../../../../arm-none-eabi/lib/armv7e-m\libg_n.a(lib_a-mprec.o)
                0x08004018                __multadd
 .text.__hi0bits
                0x0800408e       0x40 e:/embitz/1.11/share/em_armgcc/bin/../lib/gcc/arm-none-eabi/5.4.1/../../../../arm-none-eabi/lib/armv7e-m\libg_n.a(lib_a-mprec.o)
                0x0800408e                __hi0bits
 .text.__lo0bits
                0x080040ce       0x5a e:/embitz/1.11/share/em_armgcc/bin/../lib/gcc/arm-none-eabi/5.4.1/../../../../arm-none-eabi/lib/armv7e-m\libg_n.a(lib_a-mprec.o)
                0x080040ce                __lo0bits
 .text.__i2b    0x08004128       0x12 e:/embitz/1.11/share/em_armgcc/bin/../lib/gcc/arm-none-eabi/5.4.1/../../../../arm-none-eabi/lib/armv7e-m\libg_n.a(lib_a-mprec.o)
                0x08004128                __i2b
 .text.__multiply
                0x0800413a      0x122 e:/embitz/1.11/share/em_armgcc/bin/../lib/gcc/arm-none-eabi/5.4.1/../../../../arm-none-eabi/lib/armv7e-m\libg_n.a(lib_a-mprec.o)
                0x0800413a                __multiply
 .text.__pow5mult
                0x0800425c       0x9c e:/embitz/1.11/share/em_armgcc/bin/../lib/gcc/arm-none-eabi/5.4.1/../../../../arm-none-eabi/lib/armv7e-m\libg_n.a(lib_a-mprec.o)
                0x0800425c                __pow5mult
 .text.__lshift
                0x080042f8       0xa2 e:/embitz/1.11/share/em_armgcc/bin/../lib/gcc/arm-none-eabi/5.4.1/../../../../arm-none-eabi/lib/armv7e-m\libg_n.a(lib_a-mprec.o)
                0x080042f8                __lshift
 .text.__mcmp   0x0800439a       0x38 e:/embitz/1.11/share/em_armgcc/bin/../lib/gcc/arm-none-eabi/5.4.1/../../../../arm-none-eabi/lib/armv7e-m\libg_n.a(lib_a-mprec.o)
                0x0800439a                __mcmp
 .text.__mdiff  0x080043d2       0xbe e:/embitz/1.11/share/em_armgcc/bin/../lib/gcc/arm-none-eabi/5.4.1/../../../../arm-none-eabi/lib/armv7e-m\libg_n.a(lib_a-mprec.o)
                0x080043d2                __mdiff
 .text.__d2b    0x08004490       0x9c e:/embitz/1.11/share/em_armgcc/bin/../lib/gcc/arm-none-eabi/5.4.1/../../../../arm-none-eabi/lib/armv7e-m\libg_n.a(lib_a-mprec.o)
                0x08004490                __d2b
 .text._calloc_r
                0x0800452c       0x1c e:/embitz/1.11/share/em_armgcc/bin/../lib/gcc/arm-none-eabi/5.4.1/../../../../arm-none-eabi/lib/armv7e-m\libg_n.a(lib_a-nano-callocr.o)
                0x0800452c                _calloc_r
 .text._free_r  0x08004548       0x9c e:/embitz/1.11/share/em_armgcc/bin/../lib/gcc/arm-none-eabi/5.4.1/../../../../arm-none-eabi/lib/armv7e-m\libg_n.a(lib_a-nano-freer.o)
                0x08004548                _free_r
 .text._malloc_r
                0x080045e4       0xbc e:/embitz/1.11/share/em_armgcc/bin/../lib/gcc/arm-none-eabi/5.4.1/../../../../arm-none-eabi/lib/armv7e-m\libg_n.a(lib_a-nano-mallocr.o)
                0x080045e4                _malloc_r
 .text.__sfputc_r
                0x080046a0       0x2c e:/embitz/1.11/share/em_armgcc/bin/../lib/gcc/arm-none-eabi/5.4.1/../../../../arm-none-eabi/lib/armv7e-m\libg_n.a(lib_a-nano-vfprintf.o)
 .text.__sfputs_r
                0x080046cc       0x24 e:/embitz/1.11/share/em_armgcc/bin/../lib/gcc/arm-none-eabi/5.4.1/../../../../arm-none-eabi/lib/armv7e-m\libg_n.a(lib_a-nano-vfprintf.o)
                0x080046cc                __sfputs_r
 .text._vfprintf_r
                0x080046f0      0x238 e:/embitz/1.11/share/em_armgcc/bin/../lib/gcc/arm-none-eabi/5.4.1/../../../../arm-none-eabi/lib/armv7e-m\libg_n.a(lib_a-nano-vfprintf.o)
                0x080046f0                _vfprintf_r
                0x080046f0                _vfiprintf_r
 .text._sbrk_r  0x08004928       0x20 e:/embitz/1.11/share/em_armgcc/bin/../lib/gcc/arm-none-eabi/5.4.1/../../../../arm-none-eabi/lib/armv7e-m\libg_n.a(lib_a-sbrkr.o)
                0x08004928                _sbrk_r
 .text.__sread  0x08004948       0x22 e:/embitz/1.11/share/em_armgcc/bin/../lib/gcc/arm-none-eabi/5.4.1/../../../../arm-none-eabi/lib/armv7e-m\libg_n.a(lib_a-stdio.o)
                0x08004948                __sread
 .text.__swrite
                0x0800496a       0x38 e:/embitz/1.11/share/em_armgcc/bin/../lib/gcc/arm-none-eabi/5.4.1/../../../../arm-none-eabi/lib/armv7e-m\libg_n.a(lib_a-stdio.o)
                0x0800496a                __swrite
 .text.__sseek  0x080049a2       0x24 e:/embitz/1.11/share/em_armgcc/bin/../lib/gcc/arm-none-eabi/5.4.1/../../../../arm-none-eabi/lib/armv7e-m\libg_n.a(lib_a-stdio.o)
                0x080049a2                __sseek
 .text.__sclose
                0x080049c6        0x8 e:/embitz/1.11/share/em_armgcc/bin/../lib/gcc/arm-none-eabi/5.4.1/../../../../arm-none-eabi/lib/armv7e-m\libg_n.a(lib_a-stdio.o)
                0x080049c6                __sclose
 *fill*         0x080049ce        0x2 
 .text._close_r
                0x080049d0       0x20 e:/embitz/1.11/share/em_armgcc/bin/../lib/gcc/arm-none-eabi/5.4.1/../../../../arm-none-eabi/lib/armv7e-m\libg_n.a(lib_a-closer.o)
                0x080049d0                _close_r
 .text._fstat_r
                0x080049f0       0x24 e:/embitz/1.11/share/em_armgcc/bin/../lib/gcc/arm-none-eabi/5.4.1/../../../../arm-none-eabi/lib/armv7e-m\libg_n.a(lib_a-fstatr.o)
                0x080049f0                _fstat_r
 .text._isatty_r
                0x08004a14       0x20 e:/embitz/1.11/share/em_armgcc/bin/../lib/gcc/arm-none-eabi/5.4.1/../../../../arm-none-eabi/lib/armv7e-m\libg_n.a(lib_a-isattyr.o)
                0x08004a14                _isatty_r
 .text._lseek_r
                0x08004a34       0x24 e:/embitz/1.11/share/em_armgcc/bin/../lib/gcc/arm-none-eabi/5.4.1/../../../../arm-none-eabi/lib/armv7e-m\libg_n.a(lib_a-lseekr.o)
                0x08004a34                _lseek_r
 .text.__malloc_lock
                0x08004a58        0x2 e:/embitz/1.11/share/em_armgcc/bin/../lib/gcc/arm-none-eabi/5.4.1/../../../../arm-none-eabi/lib/armv7e-m\libg_n.a(lib_a-mlock.o)
                0x08004a58                __malloc_lock
 .text.__malloc_unlock
                0x08004a5a        0x2 e:/embitz/1.11/share/em_armgcc/bin/../lib/gcc/arm-none-eabi/5.4.1/../../../../arm-none-eabi/lib/armv7e-m\libg_n.a(lib_a-mlock.o)
                0x08004a5a                __malloc_unlock
 .text._read_r  0x08004a5c       0x24 e:/embitz/1.11/share/em_armgcc/bin/../lib/gcc/arm-none-eabi/5.4.1/../../../../arm-none-eabi/lib/armv7e-m\libg_n.a(lib_a-readr.o)
                0x08004a5c                _read_r
 .text          0x08004a80      0x110 e:/embitz/1.11/share/em_armgcc/bin/../lib/gcc/arm-none-eabi/5.4.1/armv7e-m\libgcc.a(_arm_cmpdf2.o)
                0x08004a80                __gtdf2
                0x08004a80                __gedf2
                0x08004a88                __ltdf2
                0x08004a88                __ledf2
                0x08004a90                __nedf2
                0x08004a90                __eqdf2
                0x08004a90                __cmpdf2
                0x08004b0c                __aeabi_cdrcmple
                0x08004b1c                __aeabi_cdcmpeq
                0x08004b1c                __aeabi_cdcmple
                0x08004b2c                __aeabi_dcmpeq
                0x08004b40                __aeabi_dcmplt
                0x08004b54                __aeabi_dcmple
                0x08004b68                __aeabi_dcmpge
                0x08004b7c                __aeabi_dcmpgt
 .text          0x08004b90       0x2c e:/embitz/1.11/share/em_armgcc/bin/../lib/gcc/arm-none-eabi/5.4.1/armv7e-m\libgcc.a(_arm_unorddf2.o)
                0x08004b90                __unorddf2
                0x08004b90                __aeabi_dcmpun
 .text          0x08004bbc       0x50 e:/embitz/1.11/share/em_armgcc/bin/../lib/gcc/arm-none-eabi/5.4.1/armv7e-m\libgcc.a(_arm_fixdfsi.o)
                0x08004bbc                __aeabi_d2iz
                0x08004bbc                __fixdfsi
 .text._close   0x08004c0c       0x10 e:/embitz/1.11/share/em_armgcc/bin/../lib/gcc/arm-none-eabi/5.4.1/../../../../arm-none-eabi/lib/armv7e-m\libnosys_s.a(close.o)
                0x08004c0c                _close
 .text._fstat   0x08004c1c       0x10 e:/embitz/1.11/share/em_armgcc/bin/../lib/gcc/arm-none-eabi/5.4.1/../../../../arm-none-eabi/lib/armv7e-m\libnosys_s.a(fstat.o)
                0x08004c1c                _fstat
 .text._isatty  0x08004c2c       0x10 e:/embitz/1.11/share/em_armgcc/bin/../lib/gcc/arm-none-eabi/5.4.1/../../../../arm-none-eabi/lib/armv7e-m\libnosys_s.a(isatty.o)
                0x08004c2c                _isatty
 .text._lseek   0x08004c3c       0x10 e:/embitz/1.11/share/em_armgcc/bin/../lib/gcc/arm-none-eabi/5.4.1/../../../../arm-none-eabi/lib/armv7e-m\libnosys_s.a(lseek.o)
                0x08004c3c                _lseek
 .text._read    0x08004c4c       0x10 e:/embitz/1.11/share/em_armgcc/bin/../lib/gcc/arm-none-eabi/5.4.1/../../../../arm-none-eabi/lib/armv7e-m\libnosys_s.a(read.o)
                0x08004c4c                _read
 .text._sbrk    0x08004c5c       0x1c e:/embitz/1.11/share/em_armgcc/bin/../lib/gcc/arm-none-eabi/5.4.1/../../../../arm-none-eabi/lib/armv7e-m\libnosys_s.a(sbrk.o)
                0x08004c5c                _sbrk
 .text._exit    0x08004c78        0x2 e:/embitz/1.11/share/em_armgcc/bin/../lib/gcc/arm-none-eabi/5.4.1/../../../../arm-none-eabi/lib/armv7e-m\libnosys_s.a(_exit.o)
                0x08004c78                _exit
 *(.init)
 *fill*         0x08004c7a        0x2 
 .init          0x08004c7c        0x4 e:/embitz/1.11/share/em_armgcc/bin/../lib/gcc/arm-none-eabi/5.4.1/armv7e-m/crti.o
                0x08004c7c                _init
 .init          0x08004c80        0x8 e:/embitz/1.11/share/em_armgcc/bin/../lib/gcc/arm-none-eabi/5.4.1/armv7e-m/crtn.o
 *(.fini)
 .fini          0x08004c88        0x4 e:/embitz/1.11/share/em_armgcc/bin/../lib/gcc/arm-none-eabi/5.4.1/armv7e-m/crti.o
                0x08004c88                _fini
 .fini          0x08004c8c        0x8 e:/embitz/1.11/share/em_armgcc/bin/../lib/gcc/arm-none-eabi/5.4.1/armv7e-m/crtn.o
 *crtbegin.o(.ctors)
 *crtbegin?.o(.ctors)
 *(EXCLUDE_FILE(*crtend.o *crtend?.o) .ctors)
 *(SORT(.ctors.*))
 *(.ctors)
 *crtbegin.o(.dtors)
 *crtbegin?.o(.dtors)
 *(EXCLUDE_FILE(*crtend.o *crtend?.o) .dtors)
 *(SORT(.dtors.*))
 *(.dtors)
 *(.rodata*)
 .rodata        0x08004c94       0x4b obj\debug\src\main.o
 .rodata.str1.1
                0x08004cdf        0x2 e:/embitz/1.11/share/em_armgcc/bin/../lib/gcc/arm-none-eabi/5.4.1/../../../../arm-none-eabi/lib/armv7e-m\libg_n.a(lib_a-impure.o)
 *fill*         0x08004ce1        0x3 
 .rodata._global_impure_ptr
                0x08004ce4        0x4 e:/embitz/1.11/share/em_armgcc/bin/../lib/gcc/arm-none-eabi/5.4.1/../../../../arm-none-eabi/lib/armv7e-m\libg_n.a(lib_a-impure.o)
                0x08004ce4                _global_impure_ptr
 .rodata.str1.1
                0x08004ce8       0x12 e:/embitz/1.11/share/em_armgcc/bin/../lib/gcc/arm-none-eabi/5.4.1/../../../../arm-none-eabi/lib/armv7e-m\libg_n.a(lib_a-nano-vfprintf_float.o)
 .rodata.str1.1
                0x08004cfa       0x22 e:/embitz/1.11/share/em_armgcc/bin/../lib/gcc/arm-none-eabi/5.4.1/../../../../arm-none-eabi/lib/armv7e-m\libg_n.a(lib_a-nano-vfprintf_i.o)
 .rodata.str1.1
                0x08004d1c        0xd e:/embitz/1.11/share/em_armgcc/bin/../lib/gcc/arm-none-eabi/5.4.1/../../../../arm-none-eabi/lib/armv7e-m\libg_n.a(lib_a-dtoa.o)
                                  0xf (size before relaxing)
 *fill*         0x08004d29        0x3 
 .rodata.__sf_fake_stdin
                0x08004d2c       0x20 e:/embitz/1.11/share/em_armgcc/bin/../lib/gcc/arm-none-eabi/5.4.1/../../../../arm-none-eabi/lib/armv7e-m\libg_n.a(lib_a-findfp.o)
                0x08004d2c                __sf_fake_stdin
 .rodata.__sf_fake_stdout
                0x08004d4c       0x20 e:/embitz/1.11/share/em_armgcc/bin/../lib/gcc/arm-none-eabi/5.4.1/../../../../arm-none-eabi/lib/armv7e-m\libg_n.a(lib_a-findfp.o)
                0x08004d4c                __sf_fake_stdout
 .rodata.__sf_fake_stderr
                0x08004d6c       0x20 e:/embitz/1.11/share/em_armgcc/bin/../lib/gcc/arm-none-eabi/5.4.1/../../../../arm-none-eabi/lib/armv7e-m\libg_n.a(lib_a-findfp.o)
                0x08004d6c                __sf_fake_stderr
 .rodata.str1.1
                0x08004d8c        0x8 e:/embitz/1.11/share/em_armgcc/bin/../lib/gcc/arm-none-eabi/5.4.1/../../../../arm-none-eabi/lib/armv7e-m\libg_n.a(lib_a-locale.o)
                                  0xb (size before relaxing)
 *fill*         0x08004d94        0x4 
 .rodata.__mprec_tens
                0x08004d98       0xc8 e:/embitz/1.11/share/em_armgcc/bin/../lib/gcc/arm-none-eabi/5.4.1/../../../../arm-none-eabi/lib/armv7e-m\libg_n.a(lib_a-mprec.o)
                0x08004d98                __mprec_tens
 .rodata.p05.5408
                0x08004e60        0xc e:/embitz/1.11/share/em_armgcc/bin/../lib/gcc/arm-none-eabi/5.4.1/../../../../arm-none-eabi/lib/armv7e-m\libg_n.a(lib_a-mprec.o)
 *fill*         0x08004e6c        0x4 
 .rodata.__mprec_bigtens
                0x08004e70       0x28 e:/embitz/1.11/share/em_armgcc/bin/../lib/gcc/arm-none-eabi/5.4.1/../../../../arm-none-eabi/lib/armv7e-m\libg_n.a(lib_a-mprec.o)
                0x08004e70                __mprec_bigtens
 .rodata.str1.1
                0x08004e98       0x11 e:/embitz/1.11/share/em_armgcc/bin/../lib/gcc/arm-none-eabi/5.4.1/../../../../arm-none-eabi/lib/armv7e-m\libg_n.a(lib_a-nano-vfprintf.o)
 *(.eh_frame*)
 *fill*         0x08004ea9        0x3 
 .eh_frame      0x08004eac        0x0 e:/embitz/1.11/share/em_armgcc/bin/../lib/gcc/arm-none-eabi/5.4.1/armv7e-m/crtbegin.o
 .eh_frame      0x08004eac        0x4 e:/embitz/1.11/share/em_armgcc/bin/../lib/gcc/arm-none-eabi/5.4.1/armv7e-m/crtend.o

.glue_7         0x08004eb0        0x0
 .glue_7        0x08004eb0        0x0 linker stubs

.glue_7t        0x08004eb0        0x0
 .glue_7t       0x08004eb0        0x0 linker stubs

.vfp11_veneer   0x08004eb0        0x0
 .vfp11_veneer  0x08004eb0        0x0 linker stubs

.v4_bx          0x08004eb0        0x0
 .v4_bx         0x08004eb0        0x0 linker stubs

.iplt           0x08004eb0        0x0
 .iplt          0x08004eb0        0x0 e:/embitz/1.11/share/em_armgcc/bin/../lib/gcc/arm-none-eabi/5.4.1/armv7e-m/crtbegin.o

.ARM.extab
 *(.ARM.extab* .gnu.linkonce.armextab.*)
                0x08004eb0                __exidx_start = .

.ARM.exidx      0x08004eb0        0x8
 *(.ARM.exidx* .gnu.linkonce.armexidx.*)
 .ARM.exidx     0x08004eb0        0x8 e:/embitz/1.11/share/em_armgcc/bin/../lib/gcc/arm-none-eabi/5.4.1/../../../../arm-none-eabi/lib/armv7e-m/crt0.o
                0x08004eb8                __exidx_end = .
                0x08004eb8                __etext = .

.rel.dyn        0x08004eb8        0x0
 .rel.iplt      0x08004eb8        0x0 e:/embitz/1.11/share/em_armgcc/bin/../lib/gcc/arm-none-eabi/5.4.1/armv7e-m/crtbegin.o

.data           0x20000000       0xd0 load address 0x08004eb8
                0x20000000                __data_start__ = .
 *(vtable)
 *(.data*)
 .data.APBAHBPrescTable
                0x20000000       0x10 obj\debug\spl\src\stm32f30x_rcc.o
 .data.ADCPrescTable
                0x20000010       0x1a obj\debug\spl\src\stm32f30x_rcc.o
 *fill*         0x2000002a        0x2 
 .data.impure_data
                0x2000002c       0x60 e:/embitz/1.11/share/em_armgcc/bin/../lib/gcc/arm-none-eabi/5.4.1/../../../../arm-none-eabi/lib/armv7e-m\libg_n.a(lib_a-impure.o)
 .data._impure_ptr
                0x2000008c        0x4 e:/embitz/1.11/share/em_armgcc/bin/../lib/gcc/arm-none-eabi/5.4.1/../../../../arm-none-eabi/lib/armv7e-m\libg_n.a(lib_a-impure.o)
                0x2000008c                _impure_ptr
 .data.lconv    0x20000090       0x38 e:/embitz/1.11/share/em_armgcc/bin/../lib/gcc/arm-none-eabi/5.4.1/../../../../arm-none-eabi/lib/armv7e-m\libg_n.a(lib_a-locale.o)
                0x200000c8                . = ALIGN (0x4)
                0x200000c8                PROVIDE (__preinit_array_start, .)
 *(.preinit_array)
                0x200000c8                PROVIDE (__preinit_array_end, .)
                0x200000c8                . = ALIGN (0x4)
                0x200000c8                PROVIDE (__init_array_start, .)
 *(SORT(.init_array.*))
 *(.init_array)
 .init_array    0x200000c8        0x4 e:/embitz/1.11/share/em_armgcc/bin/../lib/gcc/arm-none-eabi/5.4.1/armv7e-m/crtbegin.o
                0x200000cc                PROVIDE (__init_array_end, .)
                0x200000cc                . = ALIGN (0x4)
                [!provide]                PROVIDE (__fini_array_start, .)
 *(SORT(.fini_array.*))
 *(.fini_array)
 .fini_array    0x200000cc        0x4 e:/embitz/1.11/share/em_armgcc/bin/../lib/gcc/arm-none-eabi/5.4.1/armv7e-m/crtbegin.o
                [!provide]                PROVIDE (__fini_array_end, .)
                0x200000d0                . = ALIGN (0x4)
                0x200000d0                __data_end__ = .

.jcr            0x200000d0        0x0 load address 0x08004f88
 .jcr           0x200000d0        0x0 e:/embitz/1.11/share/em_armgcc/bin/../lib/gcc/arm-none-eabi/5.4.1/armv7e-m/crtbegin.o

.igot.plt       0x200000d0        0x0 load address 0x08004f88
 .igot.plt      0x200000d0        0x0 e:/embitz/1.11/share/em_armgcc/bin/../lib/gcc/arm-none-eabi/5.4.1/armv7e-m/crtbegin.o

.bss            0x200000d0       0x34 load address 0x08004f88
                0x200000d0                __bss_start__ = .
 *(.bss*)
 .bss           0x200000d0       0x1c e:/embitz/1.11/share/em_armgcc/bin/../lib/gcc/arm-none-eabi/5.4.1/armv7e-m/crtbegin.o
 .bss.PulseWidth
                0x200000ec        0x2 obj\debug\src\main.o
                0x200000ec                PulseWidth
 .bss.ticks     0x200000ee        0x2 obj\debug\src\main.o
                0x200000ee                ticks
 .bss.Calc_Pulse_Flag
                0x200000f0        0x1 obj\debug\src\main.o
                0x200000f0                Calc_Pulse_Flag
 *fill*         0x200000f1        0x3 
 .bss.__malloc_sbrk_start
                0x200000f4        0x4 e:/embitz/1.11/share/em_armgcc/bin/../lib/gcc/arm-none-eabi/5.4.1/../../../../arm-none-eabi/lib/armv7e-m\libg_n.a(lib_a-nano-mallocr.o)
                0x200000f4                __malloc_sbrk_start
 .bss.__malloc_free_list
                0x200000f8        0x4 e:/embitz/1.11/share/em_armgcc/bin/../lib/gcc/arm-none-eabi/5.4.1/../../../../arm-none-eabi/lib/armv7e-m\libg_n.a(lib_a-nano-mallocr.o)
                0x200000f8                __malloc_free_list
 .bss.heap_end.4167
                0x200000fc        0x4 e:/embitz/1.11/share/em_armgcc/bin/../lib/gcc/arm-none-eabi/5.4.1/../../../../arm-none-eabi/lib/armv7e-m\libnosys_s.a(sbrk.o)
 *(COMMON)
 COMMON         0x20000100        0x4 e:/embitz/1.11/share/em_armgcc/bin/../lib/gcc/arm-none-eabi/5.4.1/../../../../arm-none-eabi/lib/armv7e-m\libg_n.a(lib_a-reent.o)
                0x20000100                errno
                0x20000104                __bss_end__ = .

.heap           0x20000108        0x0
                0x20000108                __end__ = .
                0x20000108                end = __end__
 *(.heap*)
 .heap          0x20000108        0x0 obj\debug\src\startup_stm32f30x.o
                0x20000108                __HeapLimit = .

.stack_dummy    0x20000108      0x100
 *(.stack)
 .stack         0x20000108      0x100 obj\debug\src\startup_stm32f30x.o
                0x20004000                __StackTop = (ORIGIN (RAM) + LENGTH (RAM))
                0x20003f00                __StackLimit = (__StackTop - SIZEOF (.stack_dummy))
                0x20004000                PROVIDE (__stack, __StackTop)
                0x00000001                ASSERT ((__StackLimit >= __HeapLimit), region RAM overflowed with stack)
LOAD obj\debug\inc\sd_driver.o
LOAD obj\debug\spl\src\stm32f30x_adc.o
LOAD obj\debug\spl\src\stm32f30x_can.o
LOAD obj\debug\spl\src\stm32f30x_comp.o
LOAD obj\debug\spl\src\stm32f30x_crc.o
LOAD obj\debug\spl\src\stm32f30x_dac.o
LOAD obj\debug\spl\src\stm32f30x_dbgmcu.o
LOAD obj\debug\spl\src\stm32f30x_dma.o
LOAD obj\debug\spl\src\stm32f30x_exti.o
LOAD obj\debug\spl\src\stm32f30x_flash.o
LOAD obj\debug\spl\src\stm32f30x_gpio.o
LOAD obj\debug\spl\src\stm32f30x_i2c.o
LOAD obj\debug\spl\src\stm32f30x_iwdg.o
LOAD obj\debug\spl\src\stm32f30x_misc.o
LOAD obj\debug\spl\src\stm32f30x_opamp.o
LOAD obj\debug\spl\src\stm32f30x_pwr.o
LOAD obj\debug\spl\src\stm32f30x_rcc.o
LOAD obj\debug\spl\src\stm32f30x_rtc.o
LOAD obj\debug\spl\src\stm32f30x_spi.o
LOAD obj\debug\spl\src\stm32f30x_syscfg.o
LOAD obj\debug\spl\src\stm32f30x_tim.o
LOAD obj\debug\spl\src\stm32f30x_usart.o
LOAD obj\debug\spl\src\stm32f30x_wwdg.o
LOAD obj\debug\src\30021_io.o
LOAD obj\debug\src\adc.o
LOAD obj\debug\src\ansi.o
LOAD obj\debug\src\flash.o
LOAD obj\debug\src\gpio.o
LOAD obj\debug\src\gyro.o
LOAD obj\debug\src\imu.o
LOAD obj\debug\src\lcd.o
LOAD obj\debug\src\main.o
LOAD obj\debug\src\pwm.o
LOAD obj\debug\src\sd_driver.o
LOAD obj\debug\src\sdmu.o
LOAD obj\debug\src\startup_stm32f30x.o
LOAD obj\debug\src\stepper.o
LOAD obj\debug\src\system_stm32f30x.o
LOAD obj\debug\src\timer.o
START GROUP
LOAD e:/embitz/1.11/share/em_armgcc/bin/../lib/gcc/arm-none-eabi/5.4.1/armv7e-m\libgcc.a
LOAD e:/embitz/1.11/share/em_armgcc/bin/../lib/gcc/arm-none-eabi/5.4.1/../../../../arm-none-eabi/lib/armv7e-m\libg_n.a
LOAD e:/embitz/1.11/share/em_armgcc/bin/../lib/gcc/arm-none-eabi/5.4.1/../../../../arm-none-eabi/lib/armv7e-m\libc_n.a
END GROUP
START GROUP
LOAD e:/embitz/1.11/share/em_armgcc/bin/../lib/gcc/arm-none-eabi/5.4.1/armv7e-m\libgcc.a
LOAD e:/embitz/1.11/share/em_armgcc/bin/../lib/gcc/arm-none-eabi/5.4.1/../../../../arm-none-eabi/lib/armv7e-m\libc_n.a
LOAD e:/embitz/1.11/share/em_armgcc/bin/../lib/gcc/arm-none-eabi/5.4.1/../../../../arm-none-eabi/lib/armv7e-m\libnosys_s.a
END GROUP
LOAD e:/embitz/1.11/share/em_armgcc/bin/../lib/gcc/arm-none-eabi/5.4.1/armv7e-m/crtend.o
LOAD e:/embitz/1.11/share/em_armgcc/bin/../lib/gcc/arm-none-eabi/5.4.1/armv7e-m/crtn.o
OUTPUT(bin\Debug\Project_Digital_Instrumentering.elf elf32-littlearm)

.ARM.attributes
                0x00000000       0x2a
 .ARM.attributes
                0x00000000       0x1e e:/embitz/1.11/share/em_armgcc/bin/../lib/gcc/arm-none-eabi/5.4.1/armv7e-m/crti.o
 .ARM.attributes
                0x0000001e       0x2e e:/embitz/1.11/share/em_armgcc/bin/../lib/gcc/arm-none-eabi/5.4.1/armv7e-m/crtbegin.o
 .ARM.attributes
                0x0000004c       0x1c e:/embitz/1.11/share/em_armgcc/bin/../lib/gcc/arm-none-eabi/5.4.1/../../../../arm-none-eabi/lib/armv7e-m/crt0.o
 .ARM.attributes
                0x00000068       0x33 obj\debug\spl\src\stm32f30x_exti.o
 .ARM.attributes
                0x0000009b       0x33 obj\debug\spl\src\stm32f30x_gpio.o
 .ARM.attributes
                0x000000ce       0x33 obj\debug\spl\src\stm32f30x_misc.o
 .ARM.attributes
                0x00000101       0x33 obj\debug\spl\src\stm32f30x_rcc.o
 .ARM.attributes
                0x00000134       0x33 obj\debug\spl\src\stm32f30x_syscfg.o
 .ARM.attributes
                0x00000167       0x33 obj\debug\spl\src\stm32f30x_tim.o
 .ARM.attributes
                0x0000019a       0x33 obj\debug\spl\src\stm32f30x_usart.o
 .ARM.attributes
                0x000001cd       0x33 obj\debug\src\30021_io.o
 .ARM.attributes
                0x00000200       0x33 obj\debug\src\main.o
 .ARM.attributes
                0x00000233       0x33 obj\debug\src\sdmu.o
 .ARM.attributes
                0x00000266       0x1b obj\debug\src\startup_stm32f30x.o
 .ARM.attributes
                0x00000281       0x33 obj\debug\src\system_stm32f30x.o
 .ARM.attributes
                0x000002b4       0x1e e:/embitz/1.11/share/em_armgcc/bin/../lib/gcc/arm-none-eabi/5.4.1/armv7e-m\libgcc.a(_arm_addsubdf3.o)
 .ARM.attributes
                0x000002d2       0x1e e:/embitz/1.11/share/em_armgcc/bin/../lib/gcc/arm-none-eabi/5.4.1/armv7e-m\libgcc.a(_arm_muldivdf3.o)
 .ARM.attributes
                0x000002f0       0x1e e:/embitz/1.11/share/em_armgcc/bin/../lib/gcc/arm-none-eabi/5.4.1/armv7e-m\libgcc.a(_arm_truncdfsf2.o)
 .ARM.attributes
                0x0000030e       0x2e e:/embitz/1.11/share/em_armgcc/bin/../lib/gcc/arm-none-eabi/5.4.1/../../../../arm-none-eabi/lib/armv7e-m\libg_n.a(lib_a-exit.o)
 .ARM.attributes
                0x0000033c       0x2e e:/embitz/1.11/share/em_armgcc/bin/../lib/gcc/arm-none-eabi/5.4.1/../../../../arm-none-eabi/lib/armv7e-m\libg_n.a(lib_a-impure.o)
 .ARM.attributes
                0x0000036a       0x2e e:/embitz/1.11/share/em_armgcc/bin/../lib/gcc/arm-none-eabi/5.4.1/../../../../arm-none-eabi/lib/armv7e-m\libg_n.a(lib_a-init.o)
 .ARM.attributes
                0x00000398       0x2e e:/embitz/1.11/share/em_armgcc/bin/../lib/gcc/arm-none-eabi/5.4.1/../../../../arm-none-eabi/lib/armv7e-m\libg_n.a(lib_a-memcpy-stub.o)
 .ARM.attributes
                0x000003c6       0x2e e:/embitz/1.11/share/em_armgcc/bin/../lib/gcc/arm-none-eabi/5.4.1/../../../../arm-none-eabi/lib/armv7e-m\libg_n.a(lib_a-memset.o)
 .ARM.attributes
                0x000003f4       0x2e e:/embitz/1.11/share/em_armgcc/bin/../lib/gcc/arm-none-eabi/5.4.1/../../../../arm-none-eabi/lib/armv7e-m\libg_n.a(lib_a-nano-vfprintf_float.o)
 .ARM.attributes
                0x00000422       0x2e e:/embitz/1.11/share/em_armgcc/bin/../lib/gcc/arm-none-eabi/5.4.1/../../../../arm-none-eabi/lib/armv7e-m\libg_n.a(lib_a-nano-vfprintf_i.o)
 .ARM.attributes
                0x00000450       0x2e e:/embitz/1.11/share/em_armgcc/bin/../lib/gcc/arm-none-eabi/5.4.1/../../../../arm-none-eabi/lib/armv7e-m\libg_n.a(lib_a-printf.o)
 .ARM.attributes
                0x0000047e       0x2e e:/embitz/1.11/share/em_armgcc/bin/../lib/gcc/arm-none-eabi/5.4.1/../../../../arm-none-eabi/lib/armv7e-m\libg_n.a(lib_a-puts.o)
 .ARM.attributes
                0x000004ac       0x2e e:/embitz/1.11/share/em_armgcc/bin/../lib/gcc/arm-none-eabi/5.4.1/../../../../arm-none-eabi/lib/armv7e-m\libg_n.a(lib_a-setbuf.o)
 .ARM.attributes
                0x000004da       0x2e e:/embitz/1.11/share/em_armgcc/bin/../lib/gcc/arm-none-eabi/5.4.1/../../../../arm-none-eabi/lib/armv7e-m\libg_n.a(lib_a-setvbuf.o)
 .ARM.attributes
                0x00000508       0x17 e:/embitz/1.11/share/em_armgcc/bin/../lib/gcc/arm-none-eabi/5.4.1/../../../../arm-none-eabi/lib/armv7e-m\libg_n.a(lib_a-strlen.o)
 .ARM.attributes
                0x0000051f       0x2e e:/embitz/1.11/share/em_armgcc/bin/../lib/gcc/arm-none-eabi/5.4.1/../../../../arm-none-eabi/lib/armv7e-m\libg_n.a(lib_a-wbuf.o)
 .ARM.attributes
                0x0000054d       0x2e e:/embitz/1.11/share/em_armgcc/bin/../lib/gcc/arm-none-eabi/5.4.1/../../../../arm-none-eabi/lib/armv7e-m\libg_n.a(lib_a-wsetup.o)
 .ARM.attributes
                0x0000057b       0x2e e:/embitz/1.11/share/em_armgcc/bin/../lib/gcc/arm-none-eabi/5.4.1/../../../../arm-none-eabi/lib/armv7e-m\libg_n.a(lib_a-dtoa.o)
 .ARM.attributes
                0x000005a9       0x2e e:/embitz/1.11/share/em_armgcc/bin/../lib/gcc/arm-none-eabi/5.4.1/../../../../arm-none-eabi/lib/armv7e-m\libg_n.a(lib_a-fflush.o)
 .ARM.attributes
                0x000005d7       0x2e e:/embitz/1.11/share/em_armgcc/bin/../lib/gcc/arm-none-eabi/5.4.1/../../../../arm-none-eabi/lib/armv7e-m\libg_n.a(lib_a-findfp.o)
 .ARM.attributes
                0x00000605       0x2e e:/embitz/1.11/share/em_armgcc/bin/../lib/gcc/arm-none-eabi/5.4.1/../../../../arm-none-eabi/lib/armv7e-m\libg_n.a(lib_a-fwalk.o)
 .ARM.attributes
                0x00000633       0x2e e:/embitz/1.11/share/em_armgcc/bin/../lib/gcc/arm-none-eabi/5.4.1/../../../../arm-none-eabi/lib/armv7e-m\libg_n.a(lib_a-locale.o)
 .ARM.attributes
                0x00000661       0x2e e:/embitz/1.11/share/em_armgcc/bin/../lib/gcc/arm-none-eabi/5.4.1/../../../../arm-none-eabi/lib/armv7e-m\libg_n.a(lib_a-makebuf.o)
 .ARM.attributes
                0x0000068f       0x2e e:/embitz/1.11/share/em_armgcc/bin/../lib/gcc/arm-none-eabi/5.4.1/../../../../arm-none-eabi/lib/armv7e-m\libg_n.a(lib_a-malloc.o)
 .ARM.attributes
                0x000006bd       0x1c e:/embitz/1.11/share/em_armgcc/bin/../lib/gcc/arm-none-eabi/5.4.1/../../../../arm-none-eabi/lib/armv7e-m\libg_n.a(lib_a-memchr.o)
 .ARM.attributes
                0x000006d9       0x2e e:/embitz/1.11/share/em_armgcc/bin/../lib/gcc/arm-none-eabi/5.4.1/../../../../arm-none-eabi/lib/armv7e-m\libg_n.a(lib_a-mprec.o)
 .ARM.attributes
                0x00000707       0x2e e:/embitz/1.11/share/em_armgcc/bin/../lib/gcc/arm-none-eabi/5.4.1/../../../../arm-none-eabi/lib/armv7e-m\libg_n.a(lib_a-nano-callocr.o)
 .ARM.attributes
                0x00000735       0x2e e:/embitz/1.11/share/em_armgcc/bin/../lib/gcc/arm-none-eabi/5.4.1/../../../../arm-none-eabi/lib/armv7e-m\libg_n.a(lib_a-nano-freer.o)
 .ARM.attributes
                0x00000763       0x2e e:/embitz/1.11/share/em_armgcc/bin/../lib/gcc/arm-none-eabi/5.4.1/../../../../arm-none-eabi/lib/armv7e-m\libg_n.a(lib_a-nano-mallocr.o)
 .ARM.attributes
                0x00000791       0x2e e:/embitz/1.11/share/em_armgcc/bin/../lib/gcc/arm-none-eabi/5.4.1/../../../../arm-none-eabi/lib/armv7e-m\libg_n.a(lib_a-nano-vfprintf.o)
 .ARM.attributes
                0x000007bf       0x2e e:/embitz/1.11/share/em_armgcc/bin/../lib/gcc/arm-none-eabi/5.4.1/../../../../arm-none-eabi/lib/armv7e-m\libg_n.a(lib_a-sbrkr.o)
 .ARM.attributes
                0x000007ed       0x2e e:/embitz/1.11/share/em_armgcc/bin/../lib/gcc/arm-none-eabi/5.4.1/../../../../arm-none-eabi/lib/armv7e-m\libg_n.a(lib_a-stdio.o)
 .ARM.attributes
                0x0000081b       0x2e e:/embitz/1.11/share/em_armgcc/bin/../lib/gcc/arm-none-eabi/5.4.1/../../../../arm-none-eabi/lib/armv7e-m\libg_n.a(lib_a-closer.o)
 .ARM.attributes
                0x00000849       0x2e e:/embitz/1.11/share/em_armgcc/bin/../lib/gcc/arm-none-eabi/5.4.1/../../../../arm-none-eabi/lib/armv7e-m\libg_n.a(lib_a-fstatr.o)
 .ARM.attributes
                0x00000877       0x2e e:/embitz/1.11/share/em_armgcc/bin/../lib/gcc/arm-none-eabi/5.4.1/../../../../arm-none-eabi/lib/armv7e-m\libg_n.a(lib_a-isattyr.o)
 .ARM.attributes
                0x000008a5       0x2e e:/embitz/1.11/share/em_armgcc/bin/../lib/gcc/arm-none-eabi/5.4.1/../../../../arm-none-eabi/lib/armv7e-m\libg_n.a(lib_a-lseekr.o)
 .ARM.attributes
                0x000008d3       0x2e e:/embitz/1.11/share/em_armgcc/bin/../lib/gcc/arm-none-eabi/5.4.1/../../../../arm-none-eabi/lib/armv7e-m\libg_n.a(lib_a-mlock.o)
 .ARM.attributes
                0x00000901       0x2e e:/embitz/1.11/share/em_armgcc/bin/../lib/gcc/arm-none-eabi/5.4.1/../../../../arm-none-eabi/lib/armv7e-m\libg_n.a(lib_a-readr.o)
 .ARM.attributes
                0x0000092f       0x2e e:/embitz/1.11/share/em_armgcc/bin/../lib/gcc/arm-none-eabi/5.4.1/../../../../arm-none-eabi/lib/armv7e-m\libg_n.a(lib_a-reent.o)
 .ARM.attributes
                0x0000095d       0x1e e:/embitz/1.11/share/em_armgcc/bin/../lib/gcc/arm-none-eabi/5.4.1/armv7e-m\libgcc.a(_arm_cmpdf2.o)
 .ARM.attributes
                0x0000097b       0x1e e:/embitz/1.11/share/em_armgcc/bin/../lib/gcc/arm-none-eabi/5.4.1/armv7e-m\libgcc.a(_arm_unorddf2.o)
 .ARM.attributes
                0x00000999       0x1e e:/embitz/1.11/share/em_armgcc/bin/../lib/gcc/arm-none-eabi/5.4.1/armv7e-m\libgcc.a(_arm_fixdfsi.o)
 .ARM.attributes
                0x000009b7       0x2e e:/embitz/1.11/share/em_armgcc/bin/../lib/gcc/arm-none-eabi/5.4.1/../../../../arm-none-eabi/lib/armv7e-m\libnosys_s.a(close.o)
 .ARM.attributes
                0x000009e5       0x2e e:/embitz/1.11/share/em_armgcc/bin/../lib/gcc/arm-none-eabi/5.4.1/../../../../arm-none-eabi/lib/armv7e-m\libnosys_s.a(fstat.o)
 .ARM.attributes
                0x00000a13       0x2e e:/embitz/1.11/share/em_armgcc/bin/../lib/gcc/arm-none-eabi/5.4.1/../../../../arm-none-eabi/lib/armv7e-m\libnosys_s.a(isatty.o)
 .ARM.attributes
                0x00000a41       0x2e e:/embitz/1.11/share/em_armgcc/bin/../lib/gcc/arm-none-eabi/5.4.1/../../../../arm-none-eabi/lib/armv7e-m\libnosys_s.a(lseek.o)
 .ARM.attributes
                0x00000a6f       0x2e e:/embitz/1.11/share/em_armgcc/bin/../lib/gcc/arm-none-eabi/5.4.1/../../../../arm-none-eabi/lib/armv7e-m\libnosys_s.a(read.o)
 .ARM.attributes
                0x00000a9d       0x2e e:/embitz/1.11/share/em_armgcc/bin/../lib/gcc/arm-none-eabi/5.4.1/../../../../arm-none-eabi/lib/armv7e-m\libnosys_s.a(sbrk.o)
 .ARM.attributes
                0x00000acb       0x2e e:/embitz/1.11/share/em_armgcc/bin/../lib/gcc/arm-none-eabi/5.4.1/../../../../arm-none-eabi/lib/armv7e-m\libnosys_s.a(_exit.o)
 .ARM.attributes
                0x00000af9       0x2e e:/embitz/1.11/share/em_armgcc/bin/../lib/gcc/arm-none-eabi/5.4.1/armv7e-m/crtend.o
 .ARM.attributes
                0x00000b27       0x1e e:/embitz/1.11/share/em_armgcc/bin/../lib/gcc/arm-none-eabi/5.4.1/armv7e-m/crtn.o

.comment        0x00000000       0x6e
 .comment       0x00000000       0x6e obj\debug\spl\src\stm32f30x_exti.o
                                 0x6f (size before relaxing)
 .comment       0x0000006e       0x6f obj\debug\spl\src\stm32f30x_gpio.o
 .comment       0x0000006e       0x6f obj\debug\spl\src\stm32f30x_misc.o
 .comment       0x0000006e       0x6f obj\debug\spl\src\stm32f30x_rcc.o
 .comment       0x0000006e       0x6f obj\debug\spl\src\stm32f30x_syscfg.o
 .comment       0x0000006e       0x6f obj\debug\spl\src\stm32f30x_tim.o
 .comment       0x0000006e       0x6f obj\debug\spl\src\stm32f30x_usart.o
 .comment       0x0000006e       0x6f obj\debug\src\30021_io.o
 .comment       0x0000006e       0x6f obj\debug\src\main.o
 .comment       0x0000006e       0x6f obj\debug\src\sdmu.o
 .comment       0x0000006e       0x6f obj\debug\src\system_stm32f30x.o

.debug_info     0x00000000     0x6dd5
 .debug_info    0x00000000      0x3cc obj\debug\spl\src\stm32f30x_exti.o
 .debug_info    0x000003cc      0x61a obj\debug\spl\src\stm32f30x_gpio.o
 .debug_info    0x000009e6      0x55e obj\debug\spl\src\stm32f30x_misc.o
 .debug_info    0x00000f44      0xad4 obj\debug\spl\src\stm32f30x_rcc.o
 .debug_info    0x00001a18      0x3d6 obj\debug\spl\src\stm32f30x_syscfg.o
 .debug_info    0x00001dee     0x2194 obj\debug\spl\src\stm32f30x_tim.o
 .debug_info    0x00003f82      0xecc obj\debug\spl\src\stm32f30x_usart.o
 .debug_info    0x00004e4e      0xd55 obj\debug\src\30021_io.o
 .debug_info    0x00005ba3      0x457 obj\debug\src\main.o
 .debug_info    0x00005ffa      0x8b3 obj\debug\src\sdmu.o
 .debug_info    0x000068ad       0xb8 obj\debug\src\startup_stm32f30x.o
 .debug_info    0x00006965      0x470 obj\debug\src\system_stm32f30x.o

.debug_abbrev   0x00000000     0x1084
 .debug_abbrev  0x00000000      0x183 obj\debug\spl\src\stm32f30x_exti.o
 .debug_abbrev  0x00000183      0x19d obj\debug\spl\src\stm32f30x_gpio.o
 .debug_abbrev  0x00000320      0x14c obj\debug\spl\src\stm32f30x_misc.o
 .debug_abbrev  0x0000046c      0x1ea obj\debug\spl\src\stm32f30x_rcc.o
 .debug_abbrev  0x00000656      0x188 obj\debug\spl\src\stm32f30x_syscfg.o
 .debug_abbrev  0x000007de      0x18e obj\debug\spl\src\stm32f30x_tim.o
 .debug_abbrev  0x0000096c      0x15c obj\debug\spl\src\stm32f30x_usart.o
 .debug_abbrev  0x00000ac8      0x23b obj\debug\src\30021_io.o
 .debug_abbrev  0x00000d03      0x131 obj\debug\src\main.o
 .debug_abbrev  0x00000e34      0x122 obj\debug\src\sdmu.o
 .debug_abbrev  0x00000f56       0x14 obj\debug\src\startup_stm32f30x.o
 .debug_abbrev  0x00000f6a      0x11a obj\debug\src\system_stm32f30x.o

.debug_aranges  0x00000000      0x930
 .debug_aranges
                0x00000000       0x58 obj\debug\spl\src\stm32f30x_exti.o
 .debug_aranges
                0x00000058       0x80 obj\debug\spl\src\stm32f30x_gpio.o
 .debug_aranges
                0x000000d8       0x40 obj\debug\spl\src\stm32f30x_misc.o
 .debug_aranges
                0x00000118      0x150 obj\debug\spl\src\stm32f30x_rcc.o
 .debug_aranges
                0x00000268       0x88 obj\debug\spl\src\stm32f30x_syscfg.o
 .debug_aranges
                0x000002f0      0x3a8 obj\debug\spl\src\stm32f30x_tim.o
 .debug_aranges
                0x00000698      0x1a0 obj\debug\spl\src\stm32f30x_usart.o
 .debug_aranges
                0x00000838       0x38 obj\debug\src\30021_io.o
 .debug_aranges
                0x00000870       0x38 obj\debug\src\main.o
 .debug_aranges
                0x000008a8       0x38 obj\debug\src\sdmu.o
 .debug_aranges
                0x000008e0       0x20 obj\debug\src\startup_stm32f30x.o
 .debug_aranges
                0x00000900       0x30 obj\debug\src\system_stm32f30x.o

.debug_ranges   0x00000000      0x860
 .debug_ranges  0x00000000       0x48 obj\debug\spl\src\stm32f30x_exti.o
 .debug_ranges  0x00000048       0x70 obj\debug\spl\src\stm32f30x_gpio.o
 .debug_ranges  0x000000b8       0x30 obj\debug\spl\src\stm32f30x_misc.o
 .debug_ranges  0x000000e8      0x140 obj\debug\spl\src\stm32f30x_rcc.o
 .debug_ranges  0x00000228       0x78 obj\debug\spl\src\stm32f30x_syscfg.o
 .debug_ranges  0x000002a0      0x398 obj\debug\spl\src\stm32f30x_tim.o
 .debug_ranges  0x00000638      0x190 obj\debug\spl\src\stm32f30x_usart.o
 .debug_ranges  0x000007c8       0x28 obj\debug\src\30021_io.o
 .debug_ranges  0x000007f0       0x28 obj\debug\src\main.o
 .debug_ranges  0x00000818       0x28 obj\debug\src\sdmu.o
 .debug_ranges  0x00000840       0x20 obj\debug\src\system_stm32f30x.o

.debug_macro    0x00000000     0x3964
 .debug_macro   0x00000000      0x1a1 obj\debug\spl\src\stm32f30x_exti.o
 .debug_macro   0x000001a1      0x10e obj\debug\spl\src\stm32f30x_exti.o
 .debug_macro   0x000002af      0x19b obj\debug\spl\src\stm32f30x_gpio.o
 .debug_macro   0x0000044a      0x1b0 obj\debug\spl\src\stm32f30x_gpio.o
 .debug_macro   0x000005fa      0x1a1 obj\debug\spl\src\stm32f30x_misc.o
 .debug_macro   0x0000079b       0x83 obj\debug\spl\src\stm32f30x_misc.o
 .debug_macro   0x0000081e      0x238 obj\debug\spl\src\stm32f30x_rcc.o
 .debug_macro   0x00000a56      0x5c0 obj\debug\spl\src\stm32f30x_rcc.o
 .debug_macro   0x00001016      0x1cb obj\debug\spl\src\stm32f30x_syscfg.o
 .debug_macro   0x000011e1      0x1d9 obj\debug\spl\src\stm32f30x_syscfg.o
 .debug_macro   0x000013ba      0x1c5 obj\debug\spl\src\stm32f30x_tim.o
 .debug_macro   0x0000157f      0x8d2 obj\debug\spl\src\stm32f30x_tim.o
 .debug_macro   0x00001e51      0x1b3 obj\debug\spl\src\stm32f30x_usart.o
 .debug_macro   0x00002004      0x35e obj\debug\spl\src\stm32f30x_usart.o
 .debug_macro   0x00002362      0x2d8 obj\debug\src\30021_io.o
 .debug_macro   0x0000263a       0x52 obj\debug\src\30021_io.o
 .debug_macro   0x0000268c       0x35 obj\debug\src\30021_io.o
 .debug_macro   0x000026c1       0x9c obj\debug\src\30021_io.o
 .debug_macro   0x0000275d       0x16 obj\debug\src\30021_io.o
 .debug_macro   0x00002773       0x97 obj\debug\src\30021_io.o
 .debug_macro   0x0000280a      0x30d obj\debug\src\30021_io.o
 .debug_macro   0x00002b17       0xfd obj\debug\src\30021_io.o
 .debug_macro   0x00002c14       0x10 obj\debug\src\30021_io.o
 .debug_macro   0x00002c24       0x52 obj\debug\src\30021_io.o
 .debug_macro   0x00002c76       0x1f obj\debug\src\30021_io.o
 .debug_macro   0x00002c95       0x43 obj\debug\src\30021_io.o
 .debug_macro   0x00002cd8       0x20 obj\debug\src\30021_io.o
 .debug_macro   0x00002cf8      0x187 obj\debug\src\30021_io.o
 .debug_macro   0x00002e7f       0x10 obj\debug\src\30021_io.o
 .debug_macro   0x00002e8f       0x1c obj\debug\src\30021_io.o
 .debug_macro   0x00002eab       0x52 obj\debug\src\30021_io.o
 .debug_macro   0x00002efd       0x40 obj\debug\src\30021_io.o
 .debug_macro   0x00002f3d       0x10 obj\debug\src\30021_io.o
 .debug_macro   0x00002f4d       0x40 obj\debug\src\30021_io.o
 .debug_macro   0x00002f8d       0xd7 obj\debug\src\30021_io.o
 .debug_macro   0x00003064       0x16 obj\debug\src\30021_io.o
 .debug_macro   0x0000307a      0x189 obj\debug\src\30021_io.o
 .debug_macro   0x00003203      0x2e8 obj\debug\src\main.o
 .debug_macro   0x000034eb      0x2e2 obj\debug\src\sdmu.o
 .debug_macro   0x000037cd      0x197 obj\debug\src\system_stm32f30x.o

.debug_line     0x00000000     0x469e
 .debug_line    0x00000000      0x4a9 obj\debug\spl\src\stm32f30x_exti.o
 .debug_line    0x000004a9      0x52f obj\debug\spl\src\stm32f30x_gpio.o
 .debug_line    0x000009d8      0x44a obj\debug\spl\src\stm32f30x_misc.o
 .debug_line    0x00000e22      0x795 obj\debug\spl\src\stm32f30x_rcc.o
 .debug_line    0x000015b7      0x4f8 obj\debug\spl\src\stm32f30x_syscfg.o
 .debug_line    0x00001aaf      0xe9f obj\debug\spl\src\stm32f30x_tim.o
 .debug_line    0x0000294e      0x81c obj\debug\spl\src\stm32f30x_usart.o
 .debug_line    0x0000316a      0x57b obj\debug\src\30021_io.o
 .debug_line    0x000036e5      0x549 obj\debug\src\main.o
 .debug_line    0x00003c2e      0x572 obj\debug\src\sdmu.o
 .debug_line    0x000041a0       0xbb obj\debug\src\startup_stm32f30x.o
 .debug_line    0x0000425b      0x443 obj\debug\src\system_stm32f30x.o

.debug_str      0x00000000    0x5915f
 .debug_str     0x00000000    0x523d1 obj\debug\spl\src\stm32f30x_exti.o
                              0x5255c (size before relaxing)
 .debug_str     0x000523d1      0x2bf obj\debug\spl\src\stm32f30x_gpio.o
                              0x52659 (size before relaxing)
 .debug_str     0x00052690      0x241 obj\debug\spl\src\stm32f30x_misc.o
                              0x525b2 (size before relaxing)
 .debug_str     0x000528d1      0xa5d obj\debug\spl\src\stm32f30x_rcc.o
                              0x52e0d (size before relaxing)
 .debug_str     0x0005332e      0x3ba obj\debug\spl\src\stm32f30x_syscfg.o
                              0x52732 (size before relaxing)
 .debug_str     0x000536e8      0xdfd obj\debug\spl\src\stm32f30x_tim.o
                              0x53200 (size before relaxing)
 .debug_str     0x000544e5      0x7ec obj\debug\spl\src\stm32f30x_usart.o
                              0x52ce1 (size before relaxing)
 .debug_str     0x00054cd1     0x3ea0 obj\debug\src\30021_io.o
                              0x564b9 (size before relaxing)
 .debug_str     0x00058b71       0xbf obj\debug\src\main.o
                              0x56043 (size before relaxing)
 .debug_str     0x00058c30      0x4a3 obj\debug\src\sdmu.o
                              0x567c5 (size before relaxing)
 .debug_str     0x000590d3       0x8c obj\debug\src\system_stm32f30x.o
                              0x5249f (size before relaxing)

.debug_frame    0x00000000     0x34f4
 .debug_frame   0x00000000      0x148 obj\debug\spl\src\stm32f30x_exti.o
 .debug_frame   0x00000148      0x214 obj\debug\spl\src\stm32f30x_gpio.o
 .debug_frame   0x0000035c       0xd8 obj\debug\spl\src\stm32f30x_misc.o
 .debug_frame   0x00000434      0x60c obj\debug\spl\src\stm32f30x_rcc.o
 .debug_frame   0x00000a40      0x230 obj\debug\spl\src\stm32f30x_syscfg.o
 .debug_frame   0x00000c70     0x11c4 obj\debug\spl\src\stm32f30x_tim.o
 .debug_frame   0x00001e34      0x7b0 obj\debug\spl\src\stm32f30x_usart.o
 .debug_frame   0x000025e4       0xa4 obj\debug\src\30021_io.o
 .debug_frame   0x00002688       0x90 obj\debug\src\main.o
 .debug_frame   0x00002718       0xa0 obj\debug\src\sdmu.o
 .debug_frame   0x000027b8       0x74 obj\debug\src\system_stm32f30x.o
 .debug_frame   0x0000282c       0x28 e:/embitz/1.11/share/em_armgcc/bin/../lib/gcc/arm-none-eabi/5.4.1/../../../../arm-none-eabi/lib/armv7e-m\libg_n.a(lib_a-exit.o)
 .debug_frame   0x00002854       0x2c e:/embitz/1.11/share/em_armgcc/bin/../lib/gcc/arm-none-eabi/5.4.1/../../../../arm-none-eabi/lib/armv7e-m\libg_n.a(lib_a-init.o)
 .debug_frame   0x00002880       0x28 e:/embitz/1.11/share/em_armgcc/bin/../lib/gcc/arm-none-eabi/5.4.1/../../../../arm-none-eabi/lib/armv7e-m\libg_n.a(lib_a-memcpy-stub.o)
 .debug_frame   0x000028a8       0x20 e:/embitz/1.11/share/em_armgcc/bin/../lib/gcc/arm-none-eabi/5.4.1/../../../../arm-none-eabi/lib/armv7e-m\libg_n.a(lib_a-memset.o)
 .debug_frame   0x000028c8       0x8c e:/embitz/1.11/share/em_armgcc/bin/../lib/gcc/arm-none-eabi/5.4.1/../../../../arm-none-eabi/lib/armv7e-m\libg_n.a(lib_a-nano-vfprintf_float.o)
 .debug_frame   0x00002954       0x60 e:/embitz/1.11/share/em_armgcc/bin/../lib/gcc/arm-none-eabi/5.4.1/../../../../arm-none-eabi/lib/armv7e-m\libg_n.a(lib_a-nano-vfprintf_i.o)
 .debug_frame   0x000029b4       0x74 e:/embitz/1.11/share/em_armgcc/bin/../lib/gcc/arm-none-eabi/5.4.1/../../../../arm-none-eabi/lib/armv7e-m\libg_n.a(lib_a-printf.o)
 .debug_frame   0x00002a28       0x3c e:/embitz/1.11/share/em_armgcc/bin/../lib/gcc/arm-none-eabi/5.4.1/../../../../arm-none-eabi/lib/armv7e-m\libg_n.a(lib_a-puts.o)
 .debug_frame   0x00002a64       0x20 e:/embitz/1.11/share/em_armgcc/bin/../lib/gcc/arm-none-eabi/5.4.1/../../../../arm-none-eabi/lib/armv7e-m\libg_n.a(lib_a-setbuf.o)
 .debug_frame   0x00002a84       0x38 e:/embitz/1.11/share/em_armgcc/bin/../lib/gcc/arm-none-eabi/5.4.1/../../../../arm-none-eabi/lib/armv7e-m\libg_n.a(lib_a-setvbuf.o)
 .debug_frame   0x00002abc       0x40 e:/embitz/1.11/share/em_armgcc/bin/../lib/gcc/arm-none-eabi/5.4.1/../../../../arm-none-eabi/lib/armv7e-m\libg_n.a(lib_a-wbuf.o)
 .debug_frame   0x00002afc       0x2c e:/embitz/1.11/share/em_armgcc/bin/../lib/gcc/arm-none-eabi/5.4.1/../../../../arm-none-eabi/lib/armv7e-m\libg_n.a(lib_a-wsetup.o)
 .debug_frame   0x00002b28       0x6c e:/embitz/1.11/share/em_armgcc/bin/../lib/gcc/arm-none-eabi/5.4.1/../../../../arm-none-eabi/lib/armv7e-m\libg_n.a(lib_a-dtoa.o)
 .debug_frame   0x00002b94       0x68 e:/embitz/1.11/share/em_armgcc/bin/../lib/gcc/arm-none-eabi/5.4.1/../../../../arm-none-eabi/lib/armv7e-m\libg_n.a(lib_a-fflush.o)
 .debug_frame   0x00002bfc      0x11c e:/embitz/1.11/share/em_armgcc/bin/../lib/gcc/arm-none-eabi/5.4.1/../../../../arm-none-eabi/lib/armv7e-m\libg_n.a(lib_a-findfp.o)
 .debug_frame   0x00002d18       0x54 e:/embitz/1.11/share/em_armgcc/bin/../lib/gcc/arm-none-eabi/5.4.1/../../../../arm-none-eabi/lib/armv7e-m\libg_n.a(lib_a-fwalk.o)
 .debug_frame   0x00002d6c       0x98 e:/embitz/1.11/share/em_armgcc/bin/../lib/gcc/arm-none-eabi/5.4.1/../../../../arm-none-eabi/lib/armv7e-m\libg_n.a(lib_a-locale.o)
 .debug_frame   0x00002e04       0x54 e:/embitz/1.11/share/em_armgcc/bin/../lib/gcc/arm-none-eabi/5.4.1/../../../../arm-none-eabi/lib/armv7e-m\libg_n.a(lib_a-makebuf.o)
 .debug_frame   0x00002e58       0x30 e:/embitz/1.11/share/em_armgcc/bin/../lib/gcc/arm-none-eabi/5.4.1/../../../../arm-none-eabi/lib/armv7e-m\libg_n.a(lib_a-malloc.o)
 .debug_frame   0x00002e88      0x234 e:/embitz/1.11/share/em_armgcc/bin/../lib/gcc/arm-none-eabi/5.4.1/../../../../arm-none-eabi/lib/armv7e-m\libg_n.a(lib_a-mprec.o)
 .debug_frame   0x000030bc       0x2c e:/embitz/1.11/share/em_armgcc/bin/../lib/gcc/arm-none-eabi/5.4.1/../../../../arm-none-eabi/lib/armv7e-m\libg_n.a(lib_a-nano-callocr.o)
 .debug_frame   0x000030e8       0x38 e:/embitz/1.11/share/em_armgcc/bin/../lib/gcc/arm-none-eabi/5.4.1/../../../../arm-none-eabi/lib/armv7e-m\libg_n.a(lib_a-nano-freer.o)
 .debug_frame   0x00003120       0x2c e:/embitz/1.11/share/em_armgcc/bin/../lib/gcc/arm-none-eabi/5.4.1/../../../../arm-none-eabi/lib/armv7e-m\libg_n.a(lib_a-nano-mallocr.o)
 .debug_frame   0x0000314c       0xac e:/embitz/1.11/share/em_armgcc/bin/../lib/gcc/arm-none-eabi/5.4.1/../../../../arm-none-eabi/lib/armv7e-m\libg_n.a(lib_a-nano-vfprintf.o)
 .debug_frame   0x000031f8       0x2c e:/embitz/1.11/share/em_armgcc/bin/../lib/gcc/arm-none-eabi/5.4.1/../../../../arm-none-eabi/lib/armv7e-m\libg_n.a(lib_a-sbrkr.o)
 .debug_frame   0x00003224       0x88 e:/embitz/1.11/share/em_armgcc/bin/../lib/gcc/arm-none-eabi/5.4.1/../../../../arm-none-eabi/lib/armv7e-m\libg_n.a(lib_a-stdio.o)
 .debug_frame   0x000032ac       0x2c e:/embitz/1.11/share/em_armgcc/bin/../lib/gcc/arm-none-eabi/5.4.1/../../../../arm-none-eabi/lib/armv7e-m\libg_n.a(lib_a-closer.o)
 .debug_frame   0x000032d8       0x2c e:/embitz/1.11/share/em_armgcc/bin/../lib/gcc/arm-none-eabi/5.4.1/../../../../arm-none-eabi/lib/armv7e-m\libg_n.a(lib_a-fstatr.o)
 .debug_frame   0x00003304       0x2c e:/embitz/1.11/share/em_armgcc/bin/../lib/gcc/arm-none-eabi/5.4.1/../../../../arm-none-eabi/lib/armv7e-m\libg_n.a(lib_a-isattyr.o)
 .debug_frame   0x00003330       0x2c e:/embitz/1.11/share/em_armgcc/bin/../lib/gcc/arm-none-eabi/5.4.1/../../../../arm-none-eabi/lib/armv7e-m\libg_n.a(lib_a-lseekr.o)
 .debug_frame   0x0000335c       0x30 e:/embitz/1.11/share/em_armgcc/bin/../lib/gcc/arm-none-eabi/5.4.1/../../../../arm-none-eabi/lib/armv7e-m\libg_n.a(lib_a-mlock.o)
 .debug_frame   0x0000338c       0x2c e:/embitz/1.11/share/em_armgcc/bin/../lib/gcc/arm-none-eabi/5.4.1/../../../../arm-none-eabi/lib/armv7e-m\libg_n.a(lib_a-readr.o)
 .debug_frame   0x000033b8       0x5c e:/embitz/1.11/share/em_armgcc/bin/../lib/gcc/arm-none-eabi/5.4.1/../../../../arm-none-eabi/lib/armv7e-m\libg_n.a(lib_a-reent.o)
 .debug_frame   0x00003414       0x20 e:/embitz/1.11/share/em_armgcc/bin/../lib/gcc/arm-none-eabi/5.4.1/../../../../arm-none-eabi/lib/armv7e-m\libnosys_s.a(close.o)
 .debug_frame   0x00003434       0x20 e:/embitz/1.11/share/em_armgcc/bin/../lib/gcc/arm-none-eabi/5.4.1/../../../../arm-none-eabi/lib/armv7e-m\libnosys_s.a(fstat.o)
 .debug_frame   0x00003454       0x20 e:/embitz/1.11/share/em_armgcc/bin/../lib/gcc/arm-none-eabi/5.4.1/../../../../arm-none-eabi/lib/armv7e-m\libnosys_s.a(isatty.o)
 .debug_frame   0x00003474       0x20 e:/embitz/1.11/share/em_armgcc/bin/../lib/gcc/arm-none-eabi/5.4.1/../../../../arm-none-eabi/lib/armv7e-m\libnosys_s.a(lseek.o)
 .debug_frame   0x00003494       0x20 e:/embitz/1.11/share/em_armgcc/bin/../lib/gcc/arm-none-eabi/5.4.1/../../../../arm-none-eabi/lib/armv7e-m\libnosys_s.a(read.o)
 .debug_frame   0x000034b4       0x20 e:/embitz/1.11/share/em_armgcc/bin/../lib/gcc/arm-none-eabi/5.4.1/../../../../arm-none-eabi/lib/armv7e-m\libnosys_s.a(sbrk.o)
 .debug_frame   0x000034d4       0x20 e:/embitz/1.11/share/em_armgcc/bin/../lib/gcc/arm-none-eabi/5.4.1/../../../../arm-none-eabi/lib/armv7e-m\libnosys_s.a(_exit.o)

.stab           0x00000000       0x84
 .stab          0x00000000       0x24 e:/embitz/1.11/share/em_armgcc/bin/../lib/gcc/arm-none-eabi/5.4.1/../../../../arm-none-eabi/lib/armv7e-m\libnosys_s.a(close.o)
 .stab          0x00000024       0x18 e:/embitz/1.11/share/em_armgcc/bin/../lib/gcc/arm-none-eabi/5.4.1/../../../../arm-none-eabi/lib/armv7e-m\libnosys_s.a(fstat.o)
                                 0x24 (size before relaxing)
 .stab          0x0000003c       0x18 e:/embitz/1.11/share/em_armgcc/bin/../lib/gcc/arm-none-eabi/5.4.1/../../../../arm-none-eabi/lib/armv7e-m\libnosys_s.a(isatty.o)
                                 0x24 (size before relaxing)
 .stab          0x00000054       0x18 e:/embitz/1.11/share/em_armgcc/bin/../lib/gcc/arm-none-eabi/5.4.1/../../../../arm-none-eabi/lib/armv7e-m\libnosys_s.a(lseek.o)
                                 0x24 (size before relaxing)
 .stab          0x0000006c       0x18 e:/embitz/1.11/share/em_armgcc/bin/../lib/gcc/arm-none-eabi/5.4.1/../../../../arm-none-eabi/lib/armv7e-m\libnosys_s.a(read.o)
                                 0x24 (size before relaxing)

.stabstr        0x00000000      0x117
 .stabstr       0x00000000      0x117 e:/embitz/1.11/share/em_armgcc/bin/../lib/gcc/arm-none-eabi/5.4.1/../../../../arm-none-eabi/lib/armv7e-m\libnosys_s.a(close.o)
