Archive member included to satisfy reference by file (symbol)

c:/program files (x86)/embitz/1.11/share/em_armgcc/bin/../lib/gcc/arm-none-eabi/5.4.1/armv7e-m\libgcc.a(_arm_addsubsf3.o)
                              obj\debug\src\adc.o (__aeabi_ui2f)
c:/program files (x86)/embitz/1.11/share/em_armgcc/bin/../lib/gcc/arm-none-eabi/5.4.1/../../../../arm-none-eabi/lib/armv7e-m\libg_n.a(lib_a-exit.o)
                              c:/program files (x86)/embitz/1.11/share/em_armgcc/bin/../lib/gcc/arm-none-eabi/5.4.1/../../../../arm-none-eabi/lib/armv7e-m/crt0.o (exit)
c:/program files (x86)/embitz/1.11/share/em_armgcc/bin/../lib/gcc/arm-none-eabi/5.4.1/../../../../arm-none-eabi/lib/armv7e-m\libg_n.a(lib_a-impure.o)
                              c:/program files (x86)/embitz/1.11/share/em_armgcc/bin/../lib/gcc/arm-none-eabi/5.4.1/../../../../arm-none-eabi/lib/armv7e-m\libg_n.a(lib_a-exit.o) (_global_impure_ptr)
c:/program files (x86)/embitz/1.11/share/em_armgcc/bin/../lib/gcc/arm-none-eabi/5.4.1/../../../../arm-none-eabi/lib/armv7e-m\libg_n.a(lib_a-init.o)
                              c:/program files (x86)/embitz/1.11/share/em_armgcc/bin/../lib/gcc/arm-none-eabi/5.4.1/../../../../arm-none-eabi/lib/armv7e-m/crt0.o (__libc_init_array)
c:/program files (x86)/embitz/1.11/share/em_armgcc/bin/../lib/gcc/arm-none-eabi/5.4.1/../../../../arm-none-eabi/lib/armv7e-m\libg_n.a(lib_a-memcpy-stub.o)
                              obj\debug\src\lcd.o (memcpy)
c:/program files (x86)/embitz/1.11/share/em_armgcc/bin/../lib/gcc/arm-none-eabi/5.4.1/../../../../arm-none-eabi/lib/armv7e-m\libg_n.a(lib_a-memset.o)
                              c:/program files (x86)/embitz/1.11/share/em_armgcc/bin/../lib/gcc/arm-none-eabi/5.4.1/../../../../arm-none-eabi/lib/armv7e-m/crt0.o (memset)
c:/program files (x86)/embitz/1.11/share/em_armgcc/bin/../lib/gcc/arm-none-eabi/5.4.1/../../../../arm-none-eabi/lib/armv7e-m\libg_n.a(lib_a-nano-vfprintf_float.o)
                              (_printf_float)
c:/program files (x86)/embitz/1.11/share/em_armgcc/bin/../lib/gcc/arm-none-eabi/5.4.1/../../../../arm-none-eabi/lib/armv7e-m\libg_n.a(lib_a-nano-vfprintf_i.o)
                              c:/program files (x86)/embitz/1.11/share/em_armgcc/bin/../lib/gcc/arm-none-eabi/5.4.1/../../../../arm-none-eabi/lib/armv7e-m\libg_n.a(lib_a-nano-vfprintf_float.o) (_printf_common)
c:/program files (x86)/embitz/1.11/share/em_armgcc/bin/../lib/gcc/arm-none-eabi/5.4.1/../../../../arm-none-eabi/lib/armv7e-m\libg_n.a(lib_a-printf.o)
                              obj\debug\src\adc.o (printf)
c:/program files (x86)/embitz/1.11/share/em_armgcc/bin/../lib/gcc/arm-none-eabi/5.4.1/../../../../arm-none-eabi/lib/armv7e-m\libg_n.a(lib_a-puts.o)
                              obj\debug\src\main.o (puts)
c:/program files (x86)/embitz/1.11/share/em_armgcc/bin/../lib/gcc/arm-none-eabi/5.4.1/../../../../arm-none-eabi/lib/armv7e-m\libg_n.a(lib_a-setbuf.o)
                              obj\debug\src\30021_io.o (setbuf)
c:/program files (x86)/embitz/1.11/share/em_armgcc/bin/../lib/gcc/arm-none-eabi/5.4.1/../../../../arm-none-eabi/lib/armv7e-m\libg_n.a(lib_a-setvbuf.o)
                              c:/program files (x86)/embitz/1.11/share/em_armgcc/bin/../lib/gcc/arm-none-eabi/5.4.1/../../../../arm-none-eabi/lib/armv7e-m\libg_n.a(lib_a-setbuf.o) (setvbuf)
c:/program files (x86)/embitz/1.11/share/em_armgcc/bin/../lib/gcc/arm-none-eabi/5.4.1/../../../../arm-none-eabi/lib/armv7e-m\libg_n.a(lib_a-strlen.o)
                              c:/program files (x86)/embitz/1.11/share/em_armgcc/bin/../lib/gcc/arm-none-eabi/5.4.1/../../../../arm-none-eabi/lib/armv7e-m\libg_n.a(lib_a-nano-vfprintf_float.o) (strlen)
c:/program files (x86)/embitz/1.11/share/em_armgcc/bin/../lib/gcc/arm-none-eabi/5.4.1/../../../../arm-none-eabi/lib/armv7e-m\libg_n.a(lib_a-wbuf.o)
                              c:/program files (x86)/embitz/1.11/share/em_armgcc/bin/../lib/gcc/arm-none-eabi/5.4.1/../../../../arm-none-eabi/lib/armv7e-m\libg_n.a(lib_a-puts.o) (__swbuf_r)
c:/program files (x86)/embitz/1.11/share/em_armgcc/bin/../lib/gcc/arm-none-eabi/5.4.1/../../../../arm-none-eabi/lib/armv7e-m\libg_n.a(lib_a-wsetup.o)
                              c:/program files (x86)/embitz/1.11/share/em_armgcc/bin/../lib/gcc/arm-none-eabi/5.4.1/../../../../arm-none-eabi/lib/armv7e-m\libg_n.a(lib_a-puts.o) (__swsetup_r)
c:/program files (x86)/embitz/1.11/share/em_armgcc/bin/../lib/gcc/arm-none-eabi/5.4.1/../../../../arm-none-eabi/lib/armv7e-m\libg_n.a(lib_a-dtoa.o)
                              c:/program files (x86)/embitz/1.11/share/em_armgcc/bin/../lib/gcc/arm-none-eabi/5.4.1/../../../../arm-none-eabi/lib/armv7e-m\libg_n.a(lib_a-nano-vfprintf_float.o) (_dtoa_r)
c:/program files (x86)/embitz/1.11/share/em_armgcc/bin/../lib/gcc/arm-none-eabi/5.4.1/../../../../arm-none-eabi/lib/armv7e-m\libg_n.a(lib_a-fflush.o)
[...]
Memory Configuration

Name             Origin             Length             Attributes
ROM              0x08000000         0x00008000         xr
RAM              0x20000000         0x00004000         xrw
*default*        0x00000000         0xffffffff

Linker script and memory map

LOAD c:/program files (x86)/embitz/1.11/share/em_armgcc/bin/../lib/gcc/arm-none-eabi/5.4.1/armv7e-m/crti.o
LOAD c:/program files (x86)/embitz/1.11/share/em_armgcc/bin/../lib/gcc/arm-none-eabi/5.4.1/armv7e-m/crtbegin.o
LOAD c:/program files (x86)/embitz/1.11/share/em_armgcc/bin/../lib/gcc/arm-none-eabi/5.4.1/../../../../arm-none-eabi/lib/armv7e-m/crt0.o
                0x00000000                __HEAP_SIZE = 0x0
                0x00000100                __STACK_SIZE = 0x100

.text           0x08000000     0x5970
 *(.isr_vector)
 .isr_vector    0x08000000      0x188 obj\debug\src\startup_stm32f30x.o
                0x08000000                __isr_vector
 *(.text*)
 .text          0x08000188       0x5c c:/program files (x86)/embitz/1.11/share/em_armgcc/bin/../lib/gcc/arm-none-eabi/5.4.1/armv7e-m/crtbegin.o
 .text          0x080001e4       0x74 c:/program files (x86)/embitz/1.11/share/em_armgcc/bin/../lib/gcc/arm-none-eabi/5.4.1/../../../../arm-none-eabi/lib/armv7e-m/crt0.o
                0x080001e4                _start
                0x080001e4                _mainCRTStartup
 .text.GPIO_Init
                0x08000258      0x12c obj\debug\spl\src\stm32f30x_gpio.o
                0x08000258                GPIO_Init
 .text.GPIO_StructInit
                0x08000384       0x34 obj\debug\spl\src\stm32f30x_gpio.o
                0x08000384                GPIO_StructInit
 .text.GPIO_WriteBit
                0x080003b8       0x30 obj\debug\spl\src\stm32f30x_gpio.o
                0x080003b8                GPIO_WriteBit
 .text.GPIO_PinAFConfig
                0x080003e8       0x90 obj\debug\spl\src\stm32f30x_gpio.o
                0x080003e8                GPIO_PinAFConfig
 .text.NVIC_Init
                0x08000478       0xc4 obj\debug\spl\src\stm32f30x_misc.o
                0x08000478                NVIC_Init
 .text.RCC_GetClocksFreq
                0x0800053c      0x414 obj\debug\spl\src\stm32f30x_rcc.o
                0x0800053c                RCC_GetClocksFreq
 .text.RCC_AHBPeriphClockCmd
                0x08000950       0x3c obj\debug\spl\src\stm32f30x_rcc.o
                0x08000950                RCC_AHBPeriphClockCmd
 .text.RCC_APB2PeriphClockCmd
                0x0800098c       0x3c obj\debug\spl\src\stm32f30x_rcc.o
                0x0800098c                RCC_APB2PeriphClockCmd
 .text.RCC_APB1PeriphClockCmd
                0x080009c8       0x3c obj\debug\spl\src\stm32f30x_rcc.o
                0x080009c8                RCC_APB1PeriphClockCmd
 .text.SPI_SendData8
                0x08000a04       0x2c obj\debug\spl\src\stm32f30x_spi.o
                0x08000a04                SPI_SendData8
 .text.SPI_ReceiveData8
                0x08000a30       0x28 obj\debug\spl\src\stm32f30x_spi.o
                0x08000a30                SPI_ReceiveData8
 .text.SPI_I2S_GetFlagStatus
                0x08000a58       0x38 obj\debug\spl\src\stm32f30x_spi.o
                0x08000a58                SPI_I2S_GetFlagStatus
 .text.TIM_TimeBaseInit
                0x08000a90       0xec obj\debug\spl\src\stm32f30x_tim.o
                0x08000a90                TIM_TimeBaseInit
 .text.TIM_TimeBaseStructInit
                0x08000b7c       0x34 obj\debug\spl\src\stm32f30x_tim.o
                0x08000b7c                TIM_TimeBaseStructInit
 .text.TIM_Cmd  0x08000bb0       0x40 obj\debug\spl\src\stm32f30x_tim.o
                0x08000bb0                TIM_Cmd
 .text.TIM_OC1Init
                0x08000bf0      0x124 obj\debug\spl\src\stm32f30x_tim.o
                0x08000bf0                TIM_OC1Init
 .text.TIM_OCStructInit
                0x08000d14       0x44 obj\debug\spl\src\stm32f30x_tim.o
                0x08000d14                TIM_OCStructInit
 .text.TIM_SetCompare1
                0x08000d58       0x1c obj\debug\spl\src\stm32f30x_tim.o
                0x08000d58                TIM_SetCompare1
 .text.TIM_OC1PreloadConfig
                0x08000d74       0x38 obj\debug\spl\src\stm32f30x_tim.o
                0x08000d74                TIM_OC1PreloadConfig
 .text.TIM_CtrlPWMOutputs
                0x08000dac       0x38 obj\debug\spl\src\stm32f30x_tim.o
                0x08000dac                TIM_CtrlPWMOutputs
 .text.TIM_ITConfig
                0x08000de4       0x40 obj\debug\spl\src\stm32f30x_tim.o
                0x08000de4                TIM_ITConfig
 .text.TIM_ClearITPendingBit
                0x08000e24       0x24 obj\debug\spl\src\stm32f30x_tim.o
                0x08000e24                TIM_ClearITPendingBit
 .text.USART_Init
                0x08000e48      0x178 obj\debug\spl\src\stm32f30x_usart.o
                0x08000e48                USART_Init
 .text.USART_StructInit
                0x08000fc0       0x38 obj\debug\spl\src\stm32f30x_usart.o
                0x08000fc0                USART_StructInit
 .text.USART_ClockInit
                0x08000ff8       0x48 obj\debug\spl\src\stm32f30x_usart.o
                0x08000ff8                USART_ClockInit
 .text.USART_ClockStructInit
                0x08001040       0x2c obj\debug\spl\src\stm32f30x_usart.o
                0x08001040                USART_ClockStructInit
 .text.USART_Cmd
                0x0800106c       0x38 obj\debug\spl\src\stm32f30x_usart.o
                0x0800106c                USART_Cmd
 .text.USART_SendData
                0x080010a4       0x24 obj\debug\spl\src\stm32f30x_usart.o
                0x080010a4                USART_SendData
 .text.USART_GetFlagStatus
                0x080010c8       0x30 obj\debug\spl\src\stm32f30x_usart.o
                0x080010c8                USART_GetFlagStatus
 .text.uart_putc
                0x080010f8       0x34 obj\debug\src\30021_io.o
                0x080010f8                uart_putc
 .text._write_r
                0x0800112c       0x4c obj\debug\src\30021_io.o
                0x0800112c                _write_r
 .text.init_usb_uart
                0x08001178      0x220 obj\debug\src\30021_io.o
                0x08001178                init_usb_uart
 .text.CS_Start
                0x08001398       0x44 obj\debug\src\imu.o
                0x08001398                CS_Start
 .text.CS_End   0x080013dc       0x44 obj\debug\src\imu.o
                0x080013dc                CS_End
 .text.IMU_write
                0x08001420       0x9c obj\debug\src\imu.o
                0x08001420                IMU_write
 .text.IMU_readInit
                0x080014bc       0xb4 obj\debug\src\imu.o
                0x080014bc                IMU_readInit
 .text.IMU_read
                0x08001570       0xb4 obj\debug\src\imu.o
                0x08001570                IMU_read
 .text.IMU_xyz  0x08001624      0x1ac obj\debug\src\imu.o
                0x08001624                IMU_xyz
 .text.IMU_print
                0x080017d0       0xb4 obj\debug\src\imu.o
                0x080017d0                IMU_print
 .text.init_spi_IMU
                0x08001884      0x208 obj\debug\src\imu.o
                0x08001884                init_spi_IMU
 .text.IMU_reset
                0x08001a8c       0xc0 obj\debug\src\imu.o
                0x08001a8c                IMU_reset
 .text.setup    0x08001b4c       0x34 obj\debug\src\main.o
                0x08001b4c                setup
 .text.main     0x08001b80       0x40 obj\debug\src\main.o
                0x08001b80                main
 .text.run_Scan
                0x08001bc0       0xc8 obj\debug\src\scanop.o
                0x08001bc0                run_Scan
 .text.Turn_Check_and_data
                0x08001c88      0x1a8 obj\debug\src\scanop.o
                0x08001c88                Turn_Check_and_data
 .text.DATA_load_to_SD
                0x08001e30       0x60 obj\debug\src\scanop.o
                0x08001e30                DATA_load_to_SD
 .text.InitSDcard
                0x08001e90      0x110 obj\debug\src\sd_driver.o
                0x08001e90                InitSDcard
 .text.GPIO_INIT_Servo
                0x08001fa0       0x6c obj\debug\src\servo.o
                0x08001fa0                GPIO_INIT_Servo
 .text.TIM15_INIT_Servo
                0x0800200c      0x104 obj\debug\src\servo.o
                0x0800200c                TIM15_INIT_Servo
 .text.Posistion_Select
                0x08002110       0x4c obj\debug\src\servo.o
                0x08002110                Posistion_Select
 .text          0x0800215c       0xe4 obj\debug\src\startup_stm32f30x.o
                0x0800215c                Reset_Handler
                0x080021a2                NMI_Handler
                0x080021a4                HardFault_Handler
                0x080021a6                MemManage_Handler
                0x080021a8                BusFault_Handler
                0x080021aa                UsageFault_Handler
                0x080021ac                SVC_Handler
                0x080021ae                DebugMon_Handler
                0x080021b0                PendSV_Handler
                0x080021b2                SysTick_Handler
                0x080021b4                WWDG_IRQHandler
                0x080021b6                PVD_IRQHandler
                0x080021b8                TAMPER_STAMP_IRQHandler
                0x080021ba                RTC_WKUP_IRQHandler
                0x080021bc                FLASH_IRQHandler
                0x080021be                RCC_IRQHandler
                0x080021c0                EXTI0_IRQHandler
                0x080021c2                EXTI1_IRQHandler
                0x080021c4                EXTI2_TS_IRQHandler
                0x080021c6                EXTI3_IRQHandler
                0x080021c8                EXTI4_IRQHandler
                0x080021ca                DMA1_Channel1_IRQHandler
                0x080021cc                DMA1_Channel2_IRQHandler
                0x080021ce                DMA1_Channel3_IRQHandler
                0x080021d0                DMA1_Channel4_IRQHandler
                0x080021d2                DMA1_Channel5_IRQHandler
                0x080021d4                DMA1_Channel6_IRQHandler
                0x080021d6                DMA1_Channel7_IRQHandler
                0x080021d8                ADC1_2_IRQHandler
                0x080021da                USB_HP_CAN1_TX_IRQHandler
                0x080021dc                USB_LP_CAN1_RX0_IRQHandler
                0x080021de                CAN1_RX1_IRQHandler
                0x080021e0                CAN1_SCE_IRQHandler
                0x080021e2                EXTI9_5_IRQHandler
                0x080021e4                TIM1_BRK_TIM15_IRQHandler
                0x080021e6                TIM1_UP_TIM16_IRQHandler
                0x080021e8                TIM1_TRG_COM_TIM17_IRQHandler
                0x080021ea                TIM1_CC_IRQHandler
                0x080021ee                TIM3_IRQHandler
                0x080021f0                TIM4_IRQHandler
                0x080021f2                I2C1_EV_IRQHandler
                0x080021f4                I2C1_ER_IRQHandler
                0x080021f6                I2C2_EV_IRQHandler
                0x080021f8                I2C2_ER_IRQHandler
                0x080021fa                SPI1_IRQHandler
                0x080021fc                SPI2_IRQHandler
                0x080021fe                USART1_IRQHandler
                0x08002200                USART2_IRQHandler
                0x08002202                USART3_IRQHandler
                0x08002204                EXTI15_10_IRQHandler
                0x08002206                RTC_Alarm_IRQHandler
                0x08002208                USBWakeUp_IRQHandler
                0x0800220a                TIM8_BRK_IRQHandler
                0x0800220c                TIM8_UP_IRQHandler
                0x0800220e                TIM8_TRG_COM_IRQHandler
                0x08002210                TIM8_CC_IRQHandler
                0x08002212                ADC3_IRQHandler
                0x08002214                SPI3_IRQHandler
                0x08002216                UART4_IRQHandler
                0x08002218                UART5_IRQHandler
                0x0800221a                TIM6_DAC_IRQHandler
                0x0800221c                TIM7_IRQHandler
                0x0800221e                DMA2_Channel1_IRQHandler
                0x08002220                DMA2_Channel2_IRQHandler
                0x08002222                DMA2_Channel3_IRQHandler
                0x08002224                DMA2_Channel4_IRQHandler
                0x08002226                DMA2_Channel5_IRQHandler
                0x08002228                ADC4_IRQHandler
                0x0800222a                COMP1_2_3_IRQHandler
                0x0800222c                COMP4_5_6_IRQHandler
                0x0800222e                COMP7_IRQHandler
                0x08002230                USB_HP_IRQHandler
                0x08002232                USB_LP_IRQHandler
                0x08002234                USBWakeUp_RMP_IRQHandler
                0x08002236                FPU_IRQHandler
 .text.SystemInit
                0x08002240       0x84 obj\debug\src\system_stm32f30x.o
                0x08002240                SystemInit
 .text.SetSysClock
                0x080022c4       0x90 obj\debug\src\system_stm32f30x.o
 .text.initTimer
                0x08002354       0x6c obj\debug\src\timer.o
                0x08002354                initTimer
 .text.TIM2_IRQHandler
                0x080023c0       0x20 obj\debug\src\timer.o
                0x080023c0                TIM2_IRQHandler
 .text.exit     0x080023e0       0x28 c:/program files (x86)/embitz/1.11/share/em_armgcc/bin/../lib/gcc/arm-none-eabi/5.4.1/../../../../arm-none-eabi/lib/armv7e-m\libg_n.a(lib_a-exit.o)
                0x080023e0                exit
 .text.__libc_init_array
                0x08002408       0x4c c:/program files (x86)/embitz/1.11/share/em_armgcc/bin/../lib/gcc/arm-none-eabi/5.4.1/../../../../arm-none-eabi/lib/armv7e-m\libg_n.a(lib_a-init.o)
                0x08002408                __libc_init_array
 .text.memcpy   0x08002454       0x16 c:/program files (x86)/embitz/1.11/share/em_armgcc/bin/../lib/gcc/arm-none-eabi/5.4.1/../../../../arm-none-eabi/lib/armv7e-m\libg_n.a(lib_a-memcpy-stub.o)
                0x08002454                memcpy
 .text.memset   0x0800246a       0x10 c:/program files (x86)/embitz/1.11/share/em_armgcc/bin/../lib/gcc/arm-none-eabi/5.4.1/../../../../arm-none-eabi/lib/armv7e-m\libg_n.a(lib_a-memset.o)
                0x0800246a                memset
 .text.__cvt    0x0800247a       0xbe c:/program files (x86)/embitz/1.11/share/em_armgcc/bin/../lib/gcc/arm-none-eabi/5.4.1/../../../../arm-none-eabi/lib/armv7e-m\libg_n.a(lib_a-nano-vfprintf_float.o)
                0x0800247a                __cvt
 .text.__exponent
                0x08002538       0x60 c:/program files (x86)/embitz/1.11/share/em_armgcc/bin/../lib/gcc/arm-none-eabi/5.4.1/../../../../arm-none-eabi/lib/armv7e-m\libg_n.a(lib_a-nano-vfprintf_float.o)
                0x08002538                __exponent
 .text._printf_float
                0x08002598      0x488 c:/program files (x86)/embitz/1.11/share/em_armgcc/bin/../lib/gcc/arm-none-eabi/5.4.1/../../../../arm-none-eabi/lib/armv7e-m\libg_n.a(lib_a-nano-vfprintf_float.o)
                0x08002598                _printf_float
 .text._printf_common
                0x08002a20       0xec c:/program files (x86)/embitz/1.11/share/em_armgcc/bin/../lib/gcc/arm-none-eabi/5.4.1/../../../../arm-none-eabi/lib/armv7e-m\libg_n.a(lib_a-nano-vfprintf_i.o)
                0x08002a20                _printf_common
 .text._printf_i
                0x08002b0c      0x24c c:/program files (x86)/embitz/1.11/share/em_armgcc/bin/../lib/gcc/arm-none-eabi/5.4.1/../../../../arm-none-eabi/lib/armv7e-m\libg_n.a(lib_a-nano-vfprintf_i.o)
                0x08002b0c                _printf_i
 .text.printf   0x08002d58       0x30 c:/program files (x86)/embitz/1.11/share/em_armgcc/bin/../lib/gcc/arm-none-eabi/5.4.1/../../../../arm-none-eabi/lib/armv7e-m\libg_n.a(lib_a-printf.o)
                0x08002d58                iprintf
                0x08002d58                printf
 .text._puts_r  0x08002d88       0xb4 c:/program files (x86)/embitz/1.11/share/em_armgcc/bin/../lib/gcc/arm-none-eabi/5.4.1/../../../../arm-none-eabi/lib/armv7e-m\libg_n.a(lib_a-puts.o)
                0x08002d88                _puts_r
 .text.puts     0x08002e3c       0x10 c:/program files (x86)/embitz/1.11/share/em_armgcc/bin/../lib/gcc/arm-none-eabi/5.4.1/../../../../arm-none-eabi/lib/armv7e-m\libg_n.a(lib_a-puts.o)
                0x08002e3c                puts
 .text.setbuf   0x08002e4c       0x10 c:/program files (x86)/embitz/1.11/share/em_armgcc/bin/../lib/gcc/arm-none-eabi/5.4.1/../../../../arm-none-eabi/lib/armv7e-m\libg_n.a(lib_a-setbuf.o)
                0x08002e4c                setbuf
 .text.setvbuf  0x08002e5c      0x154 c:/program files (x86)/embitz/1.11/share/em_armgcc/bin/../lib/gcc/arm-none-eabi/5.4.1/../../../../arm-none-eabi/lib/armv7e-m\libg_n.a(lib_a-setvbuf.o)
                0x08002e5c                setvbuf
 .text          0x08002fb0       0x10 c:/program files (x86)/embitz/1.11/share/em_armgcc/bin/../lib/gcc/arm-none-eabi/5.4.1/../../../../arm-none-eabi/lib/armv7e-m\libg_n.a(lib_a-strlen.o)
                0x08002fb0                strlen
 .text.__swbuf_r
                0x08002fc0       0xa8 c:/program files (x86)/embitz/1.11/share/em_armgcc/bin/../lib/gcc/arm-none-eabi/5.4.1/../../../../arm-none-eabi/lib/armv7e-m\libg_n.a(lib_a-wbuf.o)
                0x08002fc0                __swbuf_r
 .text.__swsetup_r
                0x08003068       0xdc c:/program files (x86)/embitz/1.11/share/em_armgcc/bin/../lib/gcc/arm-none-eabi/5.4.1/../../../../arm-none-eabi/lib/armv7e-m\libg_n.a(lib_a-wsetup.o)
                0x08003068                __swsetup_r
 .text.quorem   0x08003144      0x11e c:/program files (x86)/embitz/1.11/share/em_armgcc/bin/../lib/gcc/arm-none-eabi/5.4.1/../../../../arm-none-eabi/lib/armv7e-m\libg_n.a(lib_a-dtoa.o)
 *fill*         0x08003262        0x6 
 .text._dtoa_r  0x08003268      0xb38 c:/program files (x86)/embitz/1.11/share/em_armgcc/bin/../lib/gcc/arm-none-eabi/5.4.1/../../../../arm-none-eabi/lib/armv7e-m\libg_n.a(lib_a-dtoa.o)
                0x08003268                _dtoa_r
 .text.__sflush_r
                0x08003da0      0x110 c:/program files (x86)/embitz/1.11/share/em_armgcc/bin/../lib/gcc/arm-none-eabi/5.4.1/../../../../arm-none-eabi/lib/armv7e-m\libg_n.a(lib_a-fflush.o)
                0x08003da0                __sflush_r
 .text._fflush_r
                0x08003eb0       0x54 c:/program files (x86)/embitz/1.11/share/em_armgcc/bin/../lib/gcc/arm-none-eabi/5.4.1/../../../../arm-none-eabi/lib/armv7e-m\libg_n.a(lib_a-fflush.o)
                0x08003eb0                _fflush_r
 .text._cleanup_r
                0x08003f04        0xc c:/program files (x86)/embitz/1.11/share/em_armgcc/bin/../lib/gcc/arm-none-eabi/5.4.1/../../../../arm-none-eabi/lib/armv7e-m\libg_n.a(lib_a-findfp.o)
                0x08003f04                _cleanup_r
 .text.std.isra.0
                0x08003f10       0x48 c:/program files (x86)/embitz/1.11/share/em_armgcc/bin/../lib/gcc/arm-none-eabi/5.4.1/../../../../arm-none-eabi/lib/armv7e-m\libg_n.a(lib_a-findfp.o)
 .text.__sfmoreglue
                0x08003f58       0x2c c:/program files (x86)/embitz/1.11/share/em_armgcc/bin/../lib/gcc/arm-none-eabi/5.4.1/../../../../arm-none-eabi/lib/armv7e-m\libg_n.a(lib_a-findfp.o)
                0x08003f58                __sfmoreglue
 .text.__sinit  0x08003f84       0x60 c:/program files (x86)/embitz/1.11/share/em_armgcc/bin/../lib/gcc/arm-none-eabi/5.4.1/../../../../arm-none-eabi/lib/armv7e-m\libg_n.a(lib_a-findfp.o)
                0x08003f84                __sinit
 .text.__sfp    0x08003fe4       0x78 c:/program files (x86)/embitz/1.11/share/em_armgcc/bin/../lib/gcc/arm-none-eabi/5.4.1/../../../../arm-none-eabi/lib/armv7e-m\libg_n.a(lib_a-findfp.o)
                0x08003fe4                __sfp
 .text._fwalk_reent
                0x0800405c       0x3c c:/program files (x86)/embitz/1.11/share/em_armgcc/bin/../lib/gcc/arm-none-eabi/5.4.1/../../../../arm-none-eabi/lib/armv7e-m\libg_n.a(lib_a-fwalk.o)
                0x0800405c                _fwalk_reent
 .text._localeconv_r
                0x08004098        0x8 c:/program files (x86)/embitz/1.11/share/em_armgcc/bin/../lib/gcc/arm-none-eabi/5.4.1/../../../../arm-none-eabi/lib/armv7e-m\libg_n.a(lib_a-locale.o)
                0x08004098                _localeconv_r
 .text.__swhatbuf_r
                0x080040a0       0x46 c:/program files (x86)/embitz/1.11/share/em_armgcc/bin/../lib/gcc/arm-none-eabi/5.4.1/../../../../arm-none-eabi/lib/armv7e-m\libg_n.a(lib_a-makebuf.o)
                0x080040a0                __swhatbuf_r
 *fill*         0x080040e6        0x2 
 .text.__smakebuf_r
                0x080040e8       0x78 c:/program files (x86)/embitz/1.11/share/em_armgcc/bin/../lib/gcc/arm-none-eabi/5.4.1/../../../../arm-none-eabi/lib/armv7e-m\libg_n.a(lib_a-makebuf.o)
                0x080040e8                __smakebuf_r
 .text.malloc   0x08004160       0x10 c:/program files (x86)/embitz/1.11/share/em_armgcc/bin/../lib/gcc/arm-none-eabi/5.4.1/../../../../arm-none-eabi/lib/armv7e-m\libg_n.a(lib_a-malloc.o)
                0x08004160                malloc
 .text          0x08004170       0xa0 c:/program files (x86)/embitz/1.11/share/em_armgcc/bin/../lib/gcc/arm-none-eabi/5.4.1/../../../../arm-none-eabi/lib/armv7e-m\libg_n.a(lib_a-memchr.o)
                0x08004170                memchr
 .text._Balloc  0x08004210       0x6a c:/program files (x86)/embitz/1.11/share/em_armgcc/bin/../lib/gcc/arm-none-eabi/5.4.1/../../../../arm-none-eabi/lib/armv7e-m\libg_n.a(lib_a-mprec.o)
                0x08004210                _Balloc
 .text._Bfree   0x0800427a       0x2e c:/program files (x86)/embitz/1.11/share/em_armgcc/bin/../lib/gcc/arm-none-eabi/5.4.1/../../../../arm-none-eabi/lib/armv7e-m\libg_n.a(lib_a-mprec.o)
                0x0800427a                _Bfree
 .text.__multadd
                0x080042a8       0x76 c:/program files (x86)/embitz/1.11/share/em_armgcc/bin/../lib/gcc/arm-none-eabi/5.4.1/../../../../arm-none-eabi/lib/armv7e-m\libg_n.a(lib_a-mprec.o)
                0x080042a8                __multadd
 .text.__hi0bits
                0x0800431e       0x40 c:/program files (x86)/embitz/1.11/share/em_armgcc/bin/../lib/gcc/arm-none-eabi/5.4.1/../../../../arm-none-eabi/lib/armv7e-m\libg_n.a(lib_a-mprec.o)
                0x0800431e                __hi0bits
 .text.__lo0bits
                0x0800435e       0x5a c:/program files (x86)/embitz/1.11/share/em_armgcc/bin/../lib/gcc/arm-none-eabi/5.4.1/../../../../arm-none-eabi/lib/armv7e-m\libg_n.a(lib_a-mprec.o)
                0x0800435e                __lo0bits
 .text.__i2b    0x080043b8       0x12 c:/program files (x86)/embitz/1.11/share/em_armgcc/bin/../lib/gcc/arm-none-eabi/5.4.1/../../../../arm-none-eabi/lib/armv7e-m\libg_n.a(lib_a-mprec.o)
                0x080043b8                __i2b
 .text.__multiply
                0x080043ca      0x122 c:/program files (x86)/embitz/1.11/share/em_armgcc/bin/../lib/gcc/arm-none-eabi/5.4.1/../../../../arm-none-eabi/lib/armv7e-m\libg_n.a(lib_a-mprec.o)
                0x080043ca                __multiply
 .text.__pow5mult
                0x080044ec       0x9c c:/program files (x86)/embitz/1.11/share/em_armgcc/bin/../lib/gcc/arm-none-eabi/5.4.1/../../../../arm-none-eabi/lib/armv7e-m\libg_n.a(lib_a-mprec.o)
                0x080044ec                __pow5mult
 .text.__lshift
                0x08004588       0xa2 c:/program files (x86)/embitz/1.11/share/em_armgcc/bin/../lib/gcc/arm-none-eabi/5.4.1/../../../../arm-none-eabi/lib/armv7e-m\libg_n.a(lib_a-mprec.o)
                0x08004588                __lshift
 .text.__mcmp   0x0800462a       0x38 c:/program files (x86)/embitz/1.11/share/em_armgcc/bin/../lib/gcc/arm-none-eabi/5.4.1/../../../../arm-none-eabi/lib/armv7e-m\libg_n.a(lib_a-mprec.o)
                0x0800462a                __mcmp
 .text.__mdiff  0x08004662       0xbe c:/program files (x86)/embitz/1.11/share/em_armgcc/bin/../lib/gcc/arm-none-eabi/5.4.1/../../../../arm-none-eabi/lib/armv7e-m\libg_n.a(lib_a-mprec.o)
                0x08004662                __mdiff
 .text.__d2b    0x08004720       0x9c c:/program files (x86)/embitz/1.11/share/em_armgcc/bin/../lib/gcc/arm-none-eabi/5.4.1/../../../../arm-none-eabi/lib/armv7e-m\libg_n.a(lib_a-mprec.o)
                0x08004720                __d2b
 .text._calloc_r
                0x080047bc       0x1c c:/program files (x86)/embitz/1.11/share/em_armgcc/bin/../lib/gcc/arm-none-eabi/5.4.1/../../../../arm-none-eabi/lib/armv7e-m\libg_n.a(lib_a-nano-callocr.o)
                0x080047bc                _calloc_r
 .text._free_r  0x080047d8       0x9c c:/program files (x86)/embitz/1.11/share/em_armgcc/bin/../lib/gcc/arm-none-eabi/5.4.1/../../../../arm-none-eabi/lib/armv7e-m\libg_n.a(lib_a-nano-freer.o)
                0x080047d8                _free_r
 .text._malloc_r
                0x08004874       0xbc c:/program files (x86)/embitz/1.11/share/em_armgcc/bin/../lib/gcc/arm-none-eabi/5.4.1/../../../../arm-none-eabi/lib/armv7e-m\libg_n.a(lib_a-nano-mallocr.o)
                0x08004874                _malloc_r
 .text.__sfputc_r
                0x08004930       0x2c c:/program files (x86)/embitz/1.11/share/em_armgcc/bin/../lib/gcc/arm-none-eabi/5.4.1/../../../../arm-none-eabi/lib/armv7e-m\libg_n.a(lib_a-nano-vfprintf.o)
 .text.__sfputs_r
                0x0800495c       0x24 c:/program files (x86)/embitz/1.11/share/em_armgcc/bin/../lib/gcc/arm-none-eabi/5.4.1/../../../../arm-none-eabi/lib/armv7e-m\libg_n.a(lib_a-nano-vfprintf.o)
                0x0800495c                __sfputs_r
 .text._vfprintf_r
                0x08004980      0x238 c:/program files (x86)/embitz/1.11/share/em_armgcc/bin/../lib/gcc/arm-none-eabi/5.4.1/../../../../arm-none-eabi/lib/armv7e-m\libg_n.a(lib_a-nano-vfprintf.o)
                0x08004980                _vfprintf_r
                0x08004980                _vfiprintf_r
 .text._sbrk_r  0x08004bb8       0x20 c:/program files (x86)/embitz/1.11/share/em_armgcc/bin/../lib/gcc/arm-none-eabi/5.4.1/../../../../arm-none-eabi/lib/armv7e-m\libg_n.a(lib_a-sbrkr.o)
                0x08004bb8                _sbrk_r
 .text.__sread  0x08004bd8       0x22 c:/program files (x86)/embitz/1.11/share/em_armgcc/bin/../lib/gcc/arm-none-eabi/5.4.1/../../../../arm-none-eabi/lib/armv7e-m\libg_n.a(lib_a-stdio.o)
                0x08004bd8                __sread
 .text.__swrite
                0x08004bfa       0x38 c:/program files (x86)/embitz/1.11/share/em_armgcc/bin/../lib/gcc/arm-none-eabi/5.4.1/../../../../arm-none-eabi/lib/armv7e-m\libg_n.a(lib_a-stdio.o)
                0x08004bfa                __swrite
 .text.__sseek  0x08004c32       0x24 c:/program files (x86)/embitz/1.11/share/em_armgcc/bin/../lib/gcc/arm-none-eabi/5.4.1/../../../../arm-none-eabi/lib/armv7e-m\libg_n.a(lib_a-stdio.o)
                0x08004c32                __sseek
 .text.__sclose
                0x08004c56        0x8 c:/program files (x86)/embitz/1.11/share/em_armgcc/bin/../lib/gcc/arm-none-eabi/5.4.1/../../../../arm-none-eabi/lib/armv7e-m\libg_n.a(lib_a-stdio.o)
                0x08004c56                __sclose
 *fill*         0x08004c5e        0x2 
 .text._close_r
                0x08004c60       0x20 c:/program files (x86)/embitz/1.11/share/em_armgcc/bin/../lib/gcc/arm-none-eabi/5.4.1/../../../../arm-none-eabi/lib/armv7e-m\libg_n.a(lib_a-closer.o)
                0x08004c60                _close_r
 .text._fstat_r
                0x08004c80       0x24 c:/program files (x86)/embitz/1.11/share/em_armgcc/bin/../lib/gcc/arm-none-eabi/5.4.1/../../../../arm-none-eabi/lib/armv7e-m\libg_n.a(lib_a-fstatr.o)
                0x08004c80                _fstat_r
 .text._isatty_r
                0x08004ca4       0x20 c:/program files (x86)/embitz/1.11/share/em_armgcc/bin/../lib/gcc/arm-none-eabi/5.4.1/../../../../arm-none-eabi/lib/armv7e-m\libg_n.a(lib_a-isattyr.o)
                0x08004ca4                _isatty_r
 .text._lseek_r
                0x08004cc4       0x24 c:/program files (x86)/embitz/1.11/share/em_armgcc/bin/../lib/gcc/arm-none-eabi/5.4.1/../../../../arm-none-eabi/lib/armv7e-m\libg_n.a(lib_a-lseekr.o)
                0x08004cc4                _lseek_r
 .text.__malloc_lock
                0x08004ce8        0x2 c:/program files (x86)/embitz/1.11/share/em_armgcc/bin/../lib/gcc/arm-none-eabi/5.4.1/../../../../arm-none-eabi/lib/armv7e-m\libg_n.a(lib_a-mlock.o)
                0x08004ce8                __malloc_lock
 .text.__malloc_unlock
                0x08004cea        0x2 c:/program files (x86)/embitz/1.11/share/em_armgcc/bin/../lib/gcc/arm-none-eabi/5.4.1/../../../../arm-none-eabi/lib/armv7e-m\libg_n.a(lib_a-mlock.o)
                0x08004cea                __malloc_unlock
 .text._read_r  0x08004cec       0x24 c:/program files (x86)/embitz/1.11/share/em_armgcc/bin/../lib/gcc/arm-none-eabi/5.4.1/../../../../arm-none-eabi/lib/armv7e-m\libg_n.a(lib_a-readr.o)
                0x08004cec                _read_r
 .text          0x08004d10      0x370 c:/program files (x86)/embitz/1.11/share/em_armgcc/bin/../lib/gcc/arm-none-eabi/5.4.1/armv7e-m\libgcc.a(_arm_addsubdf3.o)
                0x08004d10                __aeabi_drsub
                0x08004d18                __aeabi_dsub
                0x08004d18                __subdf3
                0x08004d1c                __aeabi_dadd
                0x08004d1c                __adddf3
                0x08004f94                __floatunsidf
                0x08004f94                __aeabi_ui2d
                0x08004fb4                __floatsidf
                0x08004fb4                __aeabi_i2d
                0x08004fd8                __aeabi_f2d
                0x08004fd8                __extendsfdf2
                0x08005014                __floatundidf
                0x08005014                __aeabi_ul2d
                0x08005024                __floatdidf
                0x08005024                __aeabi_l2d
 .text          0x08005080      0x424 c:/program files (x86)/embitz/1.11/share/em_armgcc/bin/../lib/gcc/arm-none-eabi/5.4.1/armv7e-m\libgcc.a(_arm_muldivdf3.o)
                0x08005080                __aeabi_dmul
                0x08005080                __muldf3
                0x080052d4                __divdf3
                0x080052d4                __aeabi_ddiv
 .text          0x080054a4      0x110 c:/program files (x86)/embitz/1.11/share/em_armgcc/bin/../lib/gcc/arm-none-eabi/5.4.1/armv7e-m\libgcc.a(_arm_cmpdf2.o)
                0x080054a4                __gtdf2
                0x080054a4                __gedf2
                0x080054ac                __ltdf2
                0x080054ac                __ledf2
                0x080054b4                __nedf2
                0x080054b4                __eqdf2
                0x080054b4                __cmpdf2
                0x08005530                __aeabi_cdrcmple
                0x08005540                __aeabi_cdcmpeq
                0x08005540                __aeabi_cdcmple
                0x08005550                __aeabi_dcmpeq
                0x08005564                __aeabi_dcmplt
                0x08005578                __aeabi_dcmple
                0x0800558c                __aeabi_dcmpge
                0x080055a0                __aeabi_dcmpgt
 .text          0x080055b4       0x2c c:/program files (x86)/embitz/1.11/share/em_armgcc/bin/../lib/gcc/arm-none-eabi/5.4.1/armv7e-m\libgcc.a(_arm_unorddf2.o)
                0x080055b4                __unorddf2
                0x080055b4                __aeabi_dcmpun
 .text          0x080055e0       0x50 c:/program files (x86)/embitz/1.11/share/em_armgcc/bin/../lib/gcc/arm-none-eabi/5.4.1/armv7e-m\libgcc.a(_arm_fixdfsi.o)
                0x080055e0                __aeabi_d2iz
                0x080055e0                __fixdfsi
 .text._close   0x08005630       0x10 c:/program files (x86)/embitz/1.11/share/em_armgcc/bin/../lib/gcc/arm-none-eabi/5.4.1/../../../../arm-none-eabi/lib/armv7e-m\libnosys_s.a(close.o)
                0x08005630                _close
 .text._fstat   0x08005640       0x10 c:/program files (x86)/embitz/1.11/share/em_armgcc/bin/../lib/gcc/arm-none-eabi/5.4.1/../../../../arm-none-eabi/lib/armv7e-m\libnosys_s.a(fstat.o)
                0x08005640                _fstat
 .text._isatty  0x08005650       0x10 c:/program files (x86)/embitz/1.11/share/em_armgcc/bin/../lib/gcc/arm-none-eabi/5.4.1/../../../../arm-none-eabi/lib/armv7e-m\libnosys_s.a(isatty.o)
                0x08005650                _isatty
 .text._lseek   0x08005660       0x10 c:/program files (x86)/embitz/1.11/share/em_armgcc/bin/../lib/gcc/arm-none-eabi/5.4.1/../../../../arm-none-eabi/lib/armv7e-m\libnosys_s.a(lseek.o)
                0x08005660                _lseek
 .text._read    0x08005670       0x10 c:/program files (x86)/embitz/1.11/share/em_armgcc/bin/../lib/gcc/arm-none-eabi/5.4.1/../../../../arm-none-eabi/lib/armv7e-m\libnosys_s.a(read.o)
                0x08005670                _read
 .text._sbrk    0x08005680       0x1c c:/program files (x86)/embitz/1.11/share/em_armgcc/bin/../lib/gcc/arm-none-eabi/5.4.1/../../../../arm-none-eabi/lib/armv7e-m\libnosys_s.a(sbrk.o)
                0x08005680                _sbrk
 .text._exit    0x0800569c        0x2 c:/program files (x86)/embitz/1.11/share/em_armgcc/bin/../lib/gcc/arm-none-eabi/5.4.1/../../../../arm-none-eabi/lib/armv7e-m\libnosys_s.a(_exit.o)
                0x0800569c                _exit
 *(.init)
 *fill*         0x0800569e        0x2 
 .init          0x080056a0        0x4 c:/program files (x86)/embitz/1.11/share/em_armgcc/bin/../lib/gcc/arm-none-eabi/5.4.1/armv7e-m/crti.o
                0x080056a0                _init
 .init          0x080056a4        0x8 c:/program files (x86)/embitz/1.11/share/em_armgcc/bin/../lib/gcc/arm-none-eabi/5.4.1/armv7e-m/crtn.o
 *(.fini)
 .fini          0x080056ac        0x4 c:/program files (x86)/embitz/1.11/share/em_armgcc/bin/../lib/gcc/arm-none-eabi/5.4.1/armv7e-m/crti.o
                0x080056ac                _fini
 .fini          0x080056b0        0x8 c:/program files (x86)/embitz/1.11/share/em_armgcc/bin/../lib/gcc/arm-none-eabi/5.4.1/armv7e-m/crtn.o
 *crtbegin.o(.ctors)
 *crtbegin?.o(.ctors)
 *(EXCLUDE_FILE(*crtend.o *crtend?.o) .ctors)
 *(SORT(.ctors.*))
 *(.ctors)
 *crtbegin.o(.dtors)
 *crtbegin?.o(.dtors)
 *(EXCLUDE_FILE(*crtend.o *crtend?.o) .dtors)
 *(SORT(.dtors.*))
 *(.dtors)
 *(.rodata*)
 .rodata        0x080056b8       0xbd obj\debug\src\imu.o
 *fill*         0x08005775        0x3 
 .rodata        0x08005778       0x28 obj\debug\src\main.o
 .rodata        0x080057a0        0x5 obj\debug\src\scanop.o
 .rodata.str1.1
                0x080057a5        0x2 c:/program files (x86)/embitz/1.11/share/em_armgcc/bin/../lib/gcc/arm-none-eabi/5.4.1/../../../../arm-none-eabi/lib/armv7e-m\libg_n.a(lib_a-impure.o)
 *fill*         0x080057a7        0x1 
 .rodata._global_impure_ptr
                0x080057a8        0x4 c:/program files (x86)/embitz/1.11/share/em_armgcc/bin/../lib/gcc/arm-none-eabi/5.4.1/../../../../arm-none-eabi/lib/armv7e-m\libg_n.a(lib_a-impure.o)
                0x080057a8                _global_impure_ptr
 .rodata.str1.1
                0x080057ac       0x12 c:/program files (x86)/embitz/1.11/share/em_armgcc/bin/../lib/gcc/arm-none-eabi/5.4.1/../../../../arm-none-eabi/lib/armv7e-m\libg_n.a(lib_a-nano-vfprintf_float.o)
 .rodata.str1.1
                0x080057be       0x22 c:/program files (x86)/embitz/1.11/share/em_armgcc/bin/../lib/gcc/arm-none-eabi/5.4.1/../../../../arm-none-eabi/lib/armv7e-m\libg_n.a(lib_a-nano-vfprintf_i.o)
 .rodata.str1.1
                0x080057e0        0xd c:/program files (x86)/embitz/1.11/share/em_armgcc/bin/../lib/gcc/arm-none-eabi/5.4.1/../../../../arm-none-eabi/lib/armv7e-m\libg_n.a(lib_a-dtoa.o)
                                  0xf (size before relaxing)
 *fill*         0x080057ed        0x3 
 .rodata.__sf_fake_stdin
                0x080057f0       0x20 c:/program files (x86)/embitz/1.11/share/em_armgcc/bin/../lib/gcc/arm-none-eabi/5.4.1/../../../../arm-none-eabi/lib/armv7e-m\libg_n.a(lib_a-findfp.o)
                0x080057f0                __sf_fake_stdin
 .rodata.__sf_fake_stdout
                0x08005810       0x20 c:/program files (x86)/embitz/1.11/share/em_armgcc/bin/../lib/gcc/arm-none-eabi/5.4.1/../../../../arm-none-eabi/lib/armv7e-m\libg_n.a(lib_a-findfp.o)
                0x08005810                __sf_fake_stdout
 .rodata.__sf_fake_stderr
                0x08005830       0x20 c:/program files (x86)/embitz/1.11/share/em_armgcc/bin/../lib/gcc/arm-none-eabi/5.4.1/../../../../arm-none-eabi/lib/armv7e-m\libg_n.a(lib_a-findfp.o)
                0x08005830                __sf_fake_stderr
 .rodata.str1.1
                0x08005850        0x8 c:/program files (x86)/embitz/1.11/share/em_armgcc/bin/../lib/gcc/arm-none-eabi/5.4.1/../../../../arm-none-eabi/lib/armv7e-m\libg_n.a(lib_a-locale.o)
                                  0xb (size before relaxing)
 .rodata.__mprec_tens
                0x08005858       0xc8 c:/program files (x86)/embitz/1.11/share/em_armgcc/bin/../lib/gcc/arm-none-eabi/5.4.1/../../../../arm-none-eabi/lib/armv7e-m\libg_n.a(lib_a-mprec.o)
                0x08005858                __mprec_tens
 .rodata.p05.5408
                0x08005920        0xc c:/program files (x86)/embitz/1.11/share/em_armgcc/bin/../lib/gcc/arm-none-eabi/5.4.1/../../../../arm-none-eabi/lib/armv7e-m\libg_n.a(lib_a-mprec.o)
 *fill*         0x0800592c        0x4 
 .rodata.__mprec_bigtens
                0x08005930       0x28 c:/program files (x86)/embitz/1.11/share/em_armgcc/bin/../lib/gcc/arm-none-eabi/5.4.1/../../../../arm-none-eabi/lib/armv7e-m\libg_n.a(lib_a-mprec.o)
                0x08005930                __mprec_bigtens
 .rodata.str1.1
                0x08005958       0x11 c:/program files (x86)/embitz/1.11/share/em_armgcc/bin/../lib/gcc/arm-none-eabi/5.4.1/../../../../arm-none-eabi/lib/armv7e-m\libg_n.a(lib_a-nano-vfprintf.o)
 *(.eh_frame*)
 *fill*         0x08005969        0x3 
 .eh_frame      0x0800596c        0x0 c:/program files (x86)/embitz/1.11/share/em_armgcc/bin/../lib/gcc/arm-none-eabi/5.4.1/armv7e-m/crtbegin.o
 .eh_frame      0x0800596c        0x4 c:/program files (x86)/embitz/1.11/share/em_armgcc/bin/../lib/gcc/arm-none-eabi/5.4.1/armv7e-m/crtend.o

.glue_7         0x08005970        0x0
 .glue_7        0x08005970        0x0 linker stubs

.glue_7t        0x08005970        0x0
 .glue_7t       0x08005970        0x0 linker stubs

.vfp11_veneer   0x08005970        0x0
 .vfp11_veneer  0x08005970        0x0 linker stubs

.v4_bx          0x08005970        0x0
 .v4_bx         0x08005970        0x0 linker stubs

.iplt           0x08005970        0x0
 .iplt          0x08005970        0x0 c:/program files (x86)/embitz/1.11/share/em_armgcc/bin/../lib/gcc/arm-none-eabi/5.4.1/armv7e-m/crtbegin.o

.ARM.extab
 *(.ARM.extab* .gnu.linkonce.armextab.*)
                0x08005970                __exidx_start = .

.ARM.exidx      0x08005970        0x8
 *(.ARM.exidx* .gnu.linkonce.armexidx.*)
 .ARM.exidx     0x08005970        0x8 c:/program files (x86)/embitz/1.11/share/em_armgcc/bin/../lib/gcc/arm-none-eabi/5.4.1/../../../../arm-none-eabi/lib/armv7e-m/crt0.o
                0x08005978                __exidx_end = .
                0x08005978                __etext = .

.rel.dyn        0x08005978        0x0
 .rel.iplt      0x08005978        0x0 c:/program files (x86)/embitz/1.11/share/em_armgcc/bin/../lib/gcc/arm-none-eabi/5.4.1/armv7e-m/crtbegin.o

.data           0x20000000       0xd0 load address 0x08005978
                0x20000000                __data_start__ = .
 *(vtable)
 *(.data*)
 .data.APBAHBPrescTable
                0x20000000       0x10 obj\debug\spl\src\stm32f30x_rcc.o
 .data.ADCPrescTable
                0x20000010       0x1a obj\debug\spl\src\stm32f30x_rcc.o
 *fill*         0x2000002a        0x2 
 .data.impure_data
                0x2000002c       0x60 c:/program files (x86)/embitz/1.11/share/em_armgcc/bin/../lib/gcc/arm-none-eabi/5.4.1/../../../../arm-none-eabi/lib/armv7e-m\libg_n.a(lib_a-impure.o)
 .data._impure_ptr
                0x2000008c        0x4 c:/program files (x86)/embitz/1.11/share/em_armgcc/bin/../lib/gcc/arm-none-eabi/5.4.1/../../../../arm-none-eabi/lib/armv7e-m\libg_n.a(lib_a-impure.o)
                0x2000008c                _impure_ptr
 .data.lconv    0x20000090       0x38 c:/program files (x86)/embitz/1.11/share/em_armgcc/bin/../lib/gcc/arm-none-eabi/5.4.1/../../../../arm-none-eabi/lib/armv7e-m\libg_n.a(lib_a-locale.o)
                0x200000c8                . = ALIGN (0x4)
                0x200000c8                PROVIDE (__preinit_array_start, .)
 *(.preinit_array)
                0x200000c8                PROVIDE (__preinit_array_end, .)
                0x200000c8                . = ALIGN (0x4)
                0x200000c8                PROVIDE (__init_array_start, .)
 *(SORT(.init_array.*))
 *(.init_array)
 .init_array    0x200000c8        0x4 c:/program files (x86)/embitz/1.11/share/em_armgcc/bin/../lib/gcc/arm-none-eabi/5.4.1/armv7e-m/crtbegin.o
                0x200000cc                PROVIDE (__init_array_end, .)
                0x200000cc                . = ALIGN (0x4)
                [!provide]                PROVIDE (__fini_array_start, .)
 *(SORT(.fini_array.*))
 *(.fini_array)
 .fini_array    0x200000cc        0x4 c:/program files (x86)/embitz/1.11/share/em_armgcc/bin/../lib/gcc/arm-none-eabi/5.4.1/armv7e-m/crtbegin.o
                [!provide]                PROVIDE (__fini_array_end, .)
                0x200000d0                . = ALIGN (0x4)
                0x200000d0                __data_end__ = .

.jcr            0x200000d0        0x0 load address 0x08005a48
 .jcr           0x200000d0        0x0 c:/program files (x86)/embitz/1.11/share/em_armgcc/bin/../lib/gcc/arm-none-eabi/5.4.1/armv7e-m/crtbegin.o

.igot.plt       0x200000d0        0x0 load address 0x08005a48
 .igot.plt      0x200000d0        0x0 c:/program files (x86)/embitz/1.11/share/em_armgcc/bin/../lib/gcc/arm-none-eabi/5.4.1/armv7e-m/crtbegin.o

.bss            0x200000d0       0x38 load address 0x08005a48
                0x200000d0                __bss_start__ = .
 *(.bss*)
 .bss           0x200000d0       0x1c c:/program files (x86)/embitz/1.11/share/em_armgcc/bin/../lib/gcc/arm-none-eabi/5.4.1/armv7e-m/crtbegin.o
 .bss.__malloc_sbrk_start
                0x200000ec        0x4 c:/program files (x86)/embitz/1.11/share/em_armgcc/bin/../lib/gcc/arm-none-eabi/5.4.1/../../../../arm-none-eabi/lib/armv7e-m\libg_n.a(lib_a-nano-mallocr.o)
                0x200000ec                __malloc_sbrk_start
 .bss.__malloc_free_list
                0x200000f0        0x4 c:/program files (x86)/embitz/1.11/share/em_armgcc/bin/../lib/gcc/arm-none-eabi/5.4.1/../../../../arm-none-eabi/lib/armv7e-m\libg_n.a(lib_a-nano-mallocr.o)
                0x200000f0                __malloc_free_list
 .bss.heap_end.4167
                0x200000f4        0x4 c:/program files (x86)/embitz/1.11/share/em_armgcc/bin/../lib/gcc/arm-none-eabi/5.4.1/../../../../arm-none-eabi/lib/armv7e-m\libnosys_s.a(sbrk.o)
 *(COMMON)
 COMMON         0x200000f8        0xc obj\debug\src\main.o
                0x200000f8                T_SDMU1
                0x200000fc                time1
                0x20000100                t1
 COMMON         0x20000104        0x4 c:/program files (x86)/embitz/1.11/share/em_armgcc/bin/../lib/gcc/arm-none-eabi/5.4.1/../../../../arm-none-eabi/lib/armv7e-m\libg_n.a(lib_a-reent.o)
                0x20000104                errno
                0x20000108                __bss_end__ = .

.heap           0x20000108        0x0
                0x20000108                __end__ = .
                0x20000108                end = __end__
 *(.heap*)
 .heap          0x20000108        0x0 obj\debug\src\startup_stm32f30x.o
                0x20000108                __HeapLimit = .

.stack_dummy    0x20000108      0x100
 *(.stack)
 .stack         0x20000108      0x100 obj\debug\src\startup_stm32f30x.o
                0x20004000                __StackTop = (ORIGIN (RAM) + LENGTH (RAM))
                0x20003f00                __StackLimit = (__StackTop - SIZEOF (.stack_dummy))
                0x20004000                PROVIDE (__stack, __StackTop)
                0x00000001                ASSERT ((__StackLimit >= __HeapLimit), region RAM overflowed with stack)
LOAD obj\debug\inc\sd_driver.o
LOAD obj\debug\inc\template.o
LOAD obj\debug\spl\src\stm32f30x_adc.o
LOAD obj\debug\spl\src\stm32f30x_can.o
LOAD obj\debug\spl\src\stm32f30x_comp.o
LOAD obj\debug\spl\src\stm32f30x_crc.o
LOAD obj\debug\spl\src\stm32f30x_dac.o
LOAD obj\debug\spl\src\stm32f30x_dbgmcu.o
LOAD obj\debug\spl\src\stm32f30x_dma.o
LOAD obj\debug\spl\src\stm32f30x_exti.o
LOAD obj\debug\spl\src\stm32f30x_flash.o
LOAD obj\debug\spl\src\stm32f30x_gpio.o
LOAD obj\debug\spl\src\stm32f30x_i2c.o
LOAD obj\debug\spl\src\stm32f30x_iwdg.o
LOAD obj\debug\spl\src\stm32f30x_misc.o
LOAD obj\debug\spl\src\stm32f30x_opamp.o
LOAD obj\debug\spl\src\stm32f30x_pwr.o
LOAD obj\debug\spl\src\stm32f30x_rcc.o
LOAD obj\debug\spl\src\stm32f30x_rtc.o
LOAD obj\debug\spl\src\stm32f30x_spi.o
LOAD obj\debug\spl\src\stm32f30x_syscfg.o
LOAD obj\debug\spl\src\stm32f30x_tim.o
LOAD obj\debug\spl\src\stm32f30x_usart.o
LOAD obj\debug\spl\src\stm32f30x_wwdg.o
LOAD obj\debug\src\30021_io.o
LOAD obj\debug\src\adc.o
LOAD obj\debug\src\ansi.o
LOAD obj\debug\src\flash.o
LOAD obj\debug\src\gpio.o
LOAD obj\debug\src\gyro.o
LOAD obj\debug\src\imu.o
LOAD obj\debug\src\lcd.o
LOAD obj\debug\src\main.o
LOAD obj\debug\src\pwm.o
LOAD obj\debug\src\rangefinder.o
LOAD obj\debug\src\scanop.o
LOAD obj\debug\src\sd_driver.o
LOAD obj\debug\src\sdmu.o
LOAD obj\debug\src\servo.o
LOAD obj\debug\src\startup_stm32f30x.o
LOAD obj\debug\src\stepper.o
LOAD obj\debug\src\system_stm32f30x.o
LOAD obj\debug\src\timer.o
LOAD obj\debug\src\ui.o
START GROUP
LOAD c:/program files (x86)/embitz/1.11/share/em_armgcc/bin/../lib/gcc/arm-none-eabi/5.4.1/armv7e-m\libgcc.a
LOAD c:/program files (x86)/embitz/1.11/share/em_armgcc/bin/../lib/gcc/arm-none-eabi/5.4.1/../../../../arm-none-eabi/lib/armv7e-m\libg_n.a
LOAD c:/program files (x86)/embitz/1.11/share/em_armgcc/bin/../lib/gcc/arm-none-eabi/5.4.1/../../../../arm-none-eabi/lib/armv7e-m\libc_n.a
END GROUP
START GROUP
LOAD c:/program files (x86)/embitz/1.11/share/em_armgcc/bin/../lib/gcc/arm-none-eabi/5.4.1/armv7e-m\libgcc.a
LOAD c:/program files (x86)/embitz/1.11/share/em_armgcc/bin/../lib/gcc/arm-none-eabi/5.4.1/../../../../arm-none-eabi/lib/armv7e-m\libc_n.a
LOAD c:/program files (x86)/embitz/1.11/share/em_armgcc/bin/../lib/gcc/arm-none-eabi/5.4.1/../../../../arm-none-eabi/lib/armv7e-m\libnosys_s.a
END GROUP
LOAD c:/program files (x86)/embitz/1.11/share/em_armgcc/bin/../lib/gcc/arm-none-eabi/5.4.1/armv7e-m/crtend.o
LOAD c:/program files (x86)/embitz/1.11/share/em_armgcc/bin/../lib/gcc/arm-none-eabi/5.4.1/armv7e-m/crtn.o
OUTPUT(bin\Debug\Project_Digital_Instrumentering.elf elf32-littlearm)

.ARM.attributes
                0x00000000       0x2a
 .ARM.attributes
                0x00000000       0x1e c:/program files (x86)/embitz/1.11/share/em_armgcc/bin/../lib/gcc/arm-none-eabi/5.4.1/armv7e-m/crti.o
 .ARM.attributes
                0x0000001e       0x2e c:/program files (x86)/embitz/1.11/share/em_armgcc/bin/../lib/gcc/arm-none-eabi/5.4.1/armv7e-m/crtbegin.o
 .ARM.attributes
                0x0000004c       0x1c c:/program files (x86)/embitz/1.11/share/em_armgcc/bin/../lib/gcc/arm-none-eabi/5.4.1/../../../../arm-none-eabi/lib/armv7e-m/crt0.o
 .ARM.attributes
                0x00000068       0x33 obj\debug\spl\src\stm32f30x_gpio.o
 .ARM.attributes
                0x0000009b       0x33 obj\debug\spl\src\stm32f30x_misc.o
 .ARM.attributes
                0x000000ce       0x33 obj\debug\spl\src\stm32f30x_rcc.o
 .ARM.attributes
                0x00000101       0x33 obj\debug\spl\src\stm32f30x_spi.o
 .ARM.attributes
                0x00000134       0x33 obj\debug\spl\src\stm32f30x_tim.o
 .ARM.attributes
                0x00000167       0x33 obj\debug\spl\src\stm32f30x_usart.o
 .ARM.attributes
                0x0000019a       0x33 obj\debug\src\30021_io.o
 .ARM.attributes
                0x000001cd       0x33 obj\debug\src\imu.o
 .ARM.attributes
                0x00000200       0x33 obj\debug\src\main.o
 .ARM.attributes
                0x00000233       0x33 obj\debug\src\scanop.o
 .ARM.attributes
                0x00000266       0x33 obj\debug\src\sd_driver.o
 .ARM.attributes
                0x00000299       0x33 obj\debug\src\servo.o
 .ARM.attributes
                0x000002cc       0x1b obj\debug\src\startup_stm32f30x.o
 .ARM.attributes
                0x000002e7       0x33 obj\debug\src\system_stm32f30x.o
 .ARM.attributes
                0x0000031a       0x33 obj\debug\src\timer.o
 .ARM.attributes
                0x0000034d       0x2e c:/program files (x86)/embitz/1.11/share/em_armgcc/bin/../lib/gcc/arm-none-eabi/5.4.1/../../../../arm-none-eabi/lib/armv7e-m\libg_n.a(lib_a-exit.o)
 .ARM.attributes
                0x0000037b       0x2e c:/program files (x86)/embitz/1.11/share/em_armgcc/bin/../lib/gcc/arm-none-eabi/5.4.1/../../../../arm-none-eabi/lib/armv7e-m\libg_n.a(lib_a-impure.o)
 .ARM.attributes
                0x000003a9       0x2e c:/program files (x86)/embitz/1.11/share/em_armgcc/bin/../lib/gcc/arm-none-eabi/5.4.1/../../../../arm-none-eabi/lib/armv7e-m\libg_n.a(lib_a-init.o)
 .ARM.attributes
                0x000003d7       0x2e c:/program files (x86)/embitz/1.11/share/em_armgcc/bin/../lib/gcc/arm-none-eabi/5.4.1/../../../../arm-none-eabi/lib/armv7e-m\libg_n.a(lib_a-memcpy-stub.o)
 .ARM.attributes
                0x00000405       0x2e c:/program files (x86)/embitz/1.11/share/em_armgcc/bin/../lib/gcc/arm-none-eabi/5.4.1/../../../../arm-none-eabi/lib/armv7e-m\libg_n.a(lib_a-memset.o)
 .ARM.attributes
                0x00000433       0x2e c:/program files (x86)/embitz/1.11/share/em_armgcc/bin/../lib/gcc/arm-none-eabi/5.4.1/../../../../arm-none-eabi/lib/armv7e-m\libg_n.a(lib_a-nano-vfprintf_float.o)
 .ARM.attributes
                0x00000461       0x2e c:/program files (x86)/embitz/1.11/share/em_armgcc/bin/../lib/gcc/arm-none-eabi/5.4.1/../../../../arm-none-eabi/lib/armv7e-m\libg_n.a(lib_a-nano-vfprintf_i.o)
 .ARM.attributes
                0x0000048f       0x2e c:/program files (x86)/embitz/1.11/share/em_armgcc/bin/../lib/gcc/arm-none-eabi/5.4.1/../../../../arm-none-eabi/lib/armv7e-m\libg_n.a(lib_a-printf.o)
 .ARM.attributes
                0x000004bd       0x2e c:/program files (x86)/embitz/1.11/share/em_armgcc/bin/../lib/gcc/arm-none-eabi/5.4.1/../../../../arm-none-eabi/lib/armv7e-m\libg_n.a(lib_a-puts.o)
 .ARM.attributes
                0x000004eb       0x2e c:/program files (x86)/embitz/1.11/share/em_armgcc/bin/../lib/gcc/arm-none-eabi/5.4.1/../../../../arm-none-eabi/lib/armv7e-m\libg_n.a(lib_a-setbuf.o)
 .ARM.attributes
                0x00000519       0x2e c:/program files (x86)/embitz/1.11/share/em_armgcc/bin/../lib/gcc/arm-none-eabi/5.4.1/../../../../arm-none-eabi/lib/armv7e-m\libg_n.a(lib_a-setvbuf.o)
 .ARM.attributes
                0x00000547       0x17 c:/program files (x86)/embitz/1.11/share/em_armgcc/bin/../lib/gcc/arm-none-eabi/5.4.1/../../../../arm-none-eabi/lib/armv7e-m\libg_n.a(lib_a-strlen.o)
 .ARM.attributes
                0x0000055e       0x2e c:/program files (x86)/embitz/1.11/share/em_armgcc/bin/../lib/gcc/arm-none-eabi/5.4.1/../../../../arm-none-eabi/lib/armv7e-m\libg_n.a(lib_a-wbuf.o)
 .ARM.attributes
                0x0000058c       0x2e c:/program files (x86)/embitz/1.11/share/em_armgcc/bin/../lib/gcc/arm-none-eabi/5.4.1/../../../../arm-none-eabi/lib/armv7e-m\libg_n.a(lib_a-wsetup.o)
 .ARM.attributes
                0x000005ba       0x2e c:/program files (x86)/embitz/1.11/share/em_armgcc/bin/../lib/gcc/arm-none-eabi/5.4.1/../../../../arm-none-eabi/lib/armv7e-m\libg_n.a(lib_a-dtoa.o)
 .ARM.attributes
                0x000005e8       0x2e c:/program files (x86)/embitz/1.11/share/em_armgcc/bin/../lib/gcc/arm-none-eabi/5.4.1/../../../../arm-none-eabi/lib/armv7e-m\libg_n.a(lib_a-fflush.o)
 .ARM.attributes
                0x00000616       0x2e c:/program files (x86)/embitz/1.11/share/em_armgcc/bin/../lib/gcc/arm-none-eabi/5.4.1/../../../../arm-none-eabi/lib/armv7e-m\libg_n.a(lib_a-findfp.o)
 .ARM.attributes
                0x00000644       0x2e c:/program files (x86)/embitz/1.11/share/em_armgcc/bin/../lib/gcc/arm-none-eabi/5.4.1/../../../../arm-none-eabi/lib/armv7e-m\libg_n.a(lib_a-fwalk.o)
 .ARM.attributes
                0x00000672       0x2e c:/program files (x86)/embitz/1.11/share/em_armgcc/bin/../lib/gcc/arm-none-eabi/5.4.1/../../../../arm-none-eabi/lib/armv7e-m\libg_n.a(lib_a-locale.o)
 .ARM.attributes
                0x000006a0       0x2e c:/program files (x86)/embitz/1.11/share/em_armgcc/bin/../lib/gcc/arm-none-eabi/5.4.1/../../../../arm-none-eabi/lib/armv7e-m\libg_n.a(lib_a-makebuf.o)
 .ARM.attributes
                0x000006ce       0x2e c:/program files (x86)/embitz/1.11/share/em_armgcc/bin/../lib/gcc/arm-none-eabi/5.4.1/../../../../arm-none-eabi/lib/armv7e-m\libg_n.a(lib_a-malloc.o)
 .ARM.attributes
                0x000006fc       0x1c c:/program files (x86)/embitz/1.11/share/em_armgcc/bin/../lib/gcc/arm-none-eabi/5.4.1/../../../../arm-none-eabi/lib/armv7e-m\libg_n.a(lib_a-memchr.o)
 .ARM.attributes
                0x00000718       0x2e c:/program files (x86)/embitz/1.11/share/em_armgcc/bin/../lib/gcc/arm-none-eabi/5.4.1/../../../../arm-none-eabi/lib/armv7e-m\libg_n.a(lib_a-mprec.o)
 .ARM.attributes
                0x00000746       0x2e c:/program files (x86)/embitz/1.11/share/em_armgcc/bin/../lib/gcc/arm-none-eabi/5.4.1/../../../../arm-none-eabi/lib/armv7e-m\libg_n.a(lib_a-nano-callocr.o)
 .ARM.attributes
                0x00000774       0x2e c:/program files (x86)/embitz/1.11/share/em_armgcc/bin/../lib/gcc/arm-none-eabi/5.4.1/../../../../arm-none-eabi/lib/armv7e-m\libg_n.a(lib_a-nano-freer.o)
 .ARM.attributes
                0x000007a2       0x2e c:/program files (x86)/embitz/1.11/share/em_armgcc/bin/../lib/gcc/arm-none-eabi/5.4.1/../../../../arm-none-eabi/lib/armv7e-m\libg_n.a(lib_a-nano-mallocr.o)
 .ARM.attributes
                0x000007d0       0x2e c:/program files (x86)/embitz/1.11/share/em_armgcc/bin/../lib/gcc/arm-none-eabi/5.4.1/../../../../arm-none-eabi/lib/armv7e-m\libg_n.a(lib_a-nano-vfprintf.o)
 .ARM.attributes
                0x000007fe       0x2e c:/program files (x86)/embitz/1.11/share/em_armgcc/bin/../lib/gcc/arm-none-eabi/5.4.1/../../../../arm-none-eabi/lib/armv7e-m\libg_n.a(lib_a-sbrkr.o)
 .ARM.attributes
                0x0000082c       0x2e c:/program files (x86)/embitz/1.11/share/em_armgcc/bin/../lib/gcc/arm-none-eabi/5.4.1/../../../../arm-none-eabi/lib/armv7e-m\libg_n.a(lib_a-stdio.o)
 .ARM.attributes
                0x0000085a       0x2e c:/program files (x86)/embitz/1.11/share/em_armgcc/bin/../lib/gcc/arm-none-eabi/5.4.1/../../../../arm-none-eabi/lib/armv7e-m\libg_n.a(lib_a-closer.o)
 .ARM.attributes
                0x00000888       0x2e c:/program files (x86)/embitz/1.11/share/em_armgcc/bin/../lib/gcc/arm-none-eabi/5.4.1/../../../../arm-none-eabi/lib/armv7e-m\libg_n.a(lib_a-fstatr.o)
 .ARM.attributes
                0x000008b6       0x2e c:/program files (x86)/embitz/1.11/share/em_armgcc/bin/../lib/gcc/arm-none-eabi/5.4.1/../../../../arm-none-eabi/lib/armv7e-m\libg_n.a(lib_a-isattyr.o)
 .ARM.attributes
                0x000008e4       0x2e c:/program files (x86)/embitz/1.11/share/em_armgcc/bin/../lib/gcc/arm-none-eabi/5.4.1/../../../../arm-none-eabi/lib/armv7e-m\libg_n.a(lib_a-lseekr.o)
 .ARM.attributes
                0x00000912       0x2e c:/program files (x86)/embitz/1.11/share/em_armgcc/bin/../lib/gcc/arm-none-eabi/5.4.1/../../../../arm-none-eabi/lib/armv7e-m\libg_n.a(lib_a-mlock.o)
 .ARM.attributes
                0x00000940       0x2e c:/program files (x86)/embitz/1.11/share/em_armgcc/bin/../lib/gcc/arm-none-eabi/5.4.1/../../../../arm-none-eabi/lib/armv7e-m\libg_n.a(lib_a-readr.o)
 .ARM.attributes
                0x0000096e       0x2e c:/program files (x86)/embitz/1.11/share/em_armgcc/bin/../lib/gcc/arm-none-eabi/5.4.1/../../../../arm-none-eabi/lib/armv7e-m\libg_n.a(lib_a-reent.o)
 .ARM.attributes
                0x0000099c       0x1e c:/program files (x86)/embitz/1.11/share/em_armgcc/bin/../lib/gcc/arm-none-eabi/5.4.1/armv7e-m\libgcc.a(_arm_addsubdf3.o)
 .ARM.attributes
                0x000009ba       0x1e c:/program files (x86)/embitz/1.11/share/em_armgcc/bin/../lib/gcc/arm-none-eabi/5.4.1/armv7e-m\libgcc.a(_arm_muldivdf3.o)
 .ARM.attributes
                0x000009d8       0x1e c:/program files (x86)/embitz/1.11/share/em_armgcc/bin/../lib/gcc/arm-none-eabi/5.4.1/armv7e-m\libgcc.a(_arm_cmpdf2.o)
 .ARM.attributes
                0x000009f6       0x1e c:/program files (x86)/embitz/1.11/share/em_armgcc/bin/../lib/gcc/arm-none-eabi/5.4.1/armv7e-m\libgcc.a(_arm_unorddf2.o)
 .ARM.attributes
                0x00000a14       0x1e c:/program files (x86)/embitz/1.11/share/em_armgcc/bin/../lib/gcc/arm-none-eabi/5.4.1/armv7e-m\libgcc.a(_arm_fixdfsi.o)
 .ARM.attributes
                0x00000a32       0x2e c:/program files (x86)/embitz/1.11/share/em_armgcc/bin/../lib/gcc/arm-none-eabi/5.4.1/../../../../arm-none-eabi/lib/armv7e-m\libnosys_s.a(close.o)
 .ARM.attributes
                0x00000a60       0x2e c:/program files (x86)/embitz/1.11/share/em_armgcc/bin/../lib/gcc/arm-none-eabi/5.4.1/../../../../arm-none-eabi/lib/armv7e-m\libnosys_s.a(fstat.o)
 .ARM.attributes
                0x00000a8e       0x2e c:/program files (x86)/embitz/1.11/share/em_armgcc/bin/../lib/gcc/arm-none-eabi/5.4.1/../../../../arm-none-eabi/lib/armv7e-m\libnosys_s.a(isatty.o)
 .ARM.attributes
                0x00000abc       0x2e c:/program files (x86)/embitz/1.11/share/em_armgcc/bin/../lib/gcc/arm-none-eabi/5.4.1/../../../../arm-none-eabi/lib/armv7e-m\libnosys_s.a(lseek.o)
 .ARM.attributes
                0x00000aea       0x2e c:/program files (x86)/embitz/1.11/share/em_armgcc/bin/../lib/gcc/arm-none-eabi/5.4.1/../../../../arm-none-eabi/lib/armv7e-m\libnosys_s.a(read.o)
 .ARM.attributes
                0x00000b18       0x2e c:/program files (x86)/embitz/1.11/share/em_armgcc/bin/../lib/gcc/arm-none-eabi/5.4.1/../../../../arm-none-eabi/lib/armv7e-m\libnosys_s.a(sbrk.o)
 .ARM.attributes
                0x00000b46       0x2e c:/program files (x86)/embitz/1.11/share/em_armgcc/bin/../lib/gcc/arm-none-eabi/5.4.1/../../../../arm-none-eabi/lib/armv7e-m\libnosys_s.a(_exit.o)
 .ARM.attributes
                0x00000b74       0x2e c:/program files (x86)/embitz/1.11/share/em_armgcc/bin/../lib/gcc/arm-none-eabi/5.4.1/armv7e-m/crtend.o
 .ARM.attributes
                0x00000ba2       0x1e c:/program files (x86)/embitz/1.11/share/em_armgcc/bin/../lib/gcc/arm-none-eabi/5.4.1/armv7e-m/crtn.o

.comment        0x00000000       0x6e
 .comment       0x00000000       0x6e obj\debug\spl\src\stm32f30x_gpio.o
                                 0x6f (size before relaxing)
 .comment       0x0000006e       0x6f obj\debug\spl\src\stm32f30x_misc.o
 .comment       0x0000006e       0x6f obj\debug\spl\src\stm32f30x_rcc.o
 .comment       0x0000006e       0x6f obj\debug\spl\src\stm32f30x_spi.o
 .comment       0x0000006e       0x6f obj\debug\spl\src\stm32f30x_tim.o
 .comment       0x0000006e       0x6f obj\debug\spl\src\stm32f30x_usart.o
 .comment       0x0000006e       0x6f obj\debug\src\30021_io.o
 .comment       0x0000006e       0x6f obj\debug\src\imu.o
 .comment       0x0000006e       0x6f obj\debug\src\main.o
 .comment       0x0000006e       0x6f obj\debug\src\scanop.o
 .comment       0x0000006e       0x6f obj\debug\src\sd_driver.o
 .comment       0x0000006e       0x6f obj\debug\src\servo.o
 .comment       0x0000006e       0x6f obj\debug\src\system_stm32f30x.o
 .comment       0x0000006e       0x6f obj\debug\src\timer.o

.debug_info     0x00000000     0x8370
 .debug_info    0x00000000      0x61a obj\debug\spl\src\stm32f30x_gpio.o
 .debug_info    0x0000061a      0x55e obj\debug\spl\src\stm32f30x_misc.o
 .debug_info    0x00000b78      0xad4 obj\debug\spl\src\stm32f30x_rcc.o
 .debug_info    0x0000164c      0xb82 obj\debug\spl\src\stm32f30x_spi.o
 .debug_info    0x000021ce     0x2194 obj\debug\spl\src\stm32f30x_tim.o
 .debug_info    0x00004362      0xecc obj\debug\spl\src\stm32f30x_usart.o
 .debug_info    0x0000522e      0xd55 obj\debug\src\30021_io.o
 .debug_info    0x00005f83      0x695 obj\debug\src\imu.o
 .debug_info    0x00006618      0x2a2 obj\debug\src\main.o
 .debug_info    0x000068ba      0x3c0 obj\debug\src\scanop.o
 .debug_info    0x00006c7a      0x513 obj\debug\src\sd_driver.o
 .debug_info    0x0000718d      0x5c4 obj\debug\src\servo.o
 .debug_info    0x00007751       0xb6 obj\debug\src\startup_stm32f30x.o
 .debug_info    0x00007807      0x470 obj\debug\src\system_stm32f30x.o
 .debug_info    0x00007c77      0x6f9 obj\debug\src\timer.o

.debug_abbrev   0x00000000     0x1479
 .debug_abbrev  0x00000000      0x19d obj\debug\spl\src\stm32f30x_gpio.o
 .debug_abbrev  0x0000019d      0x14c obj\debug\spl\src\stm32f30x_misc.o
 .debug_abbrev  0x000002e9      0x1ea obj\debug\spl\src\stm32f30x_rcc.o
 .debug_abbrev  0x000004d3      0x190 obj\debug\spl\src\stm32f30x_spi.o
 .debug_abbrev  0x00000663      0x18e obj\debug\spl\src\stm32f30x_tim.o
 .debug_abbrev  0x000007f1      0x15c obj\debug\spl\src\stm32f30x_usart.o
 .debug_abbrev  0x0000094d      0x23b obj\debug\src\30021_io.o
 .debug_abbrev  0x00000b88      0x1a2 obj\debug\src\imu.o
 .debug_abbrev  0x00000d2a      0x102 obj\debug\src\main.o
 .debug_abbrev  0x00000e2c      0x100 obj\debug\src\scanop.o
 .debug_abbrev  0x00000f2c      0x161 obj\debug\src\sd_driver.o
 .debug_abbrev  0x0000108d      0x117 obj\debug\src\servo.o
 .debug_abbrev  0x000011a4       0x14 obj\debug\src\startup_stm32f30x.o
 .debug_abbrev  0x000011b8      0x11a obj\debug\src\system_stm32f30x.o
 .debug_abbrev  0x000012d2      0x1a7 obj\debug\src\timer.o

.debug_aranges  0x00000000      0xa50
 .debug_aranges
                0x00000000       0x80 obj\debug\spl\src\stm32f30x_gpio.o
 .debug_aranges
                0x00000080       0x40 obj\debug\spl\src\stm32f30x_misc.o
 .debug_aranges
                0x000000c0      0x150 obj\debug\spl\src\stm32f30x_rcc.o
 .debug_aranges
                0x00000210      0x118 obj\debug\spl\src\stm32f30x_spi.o
 .debug_aranges
                0x00000328      0x3a8 obj\debug\spl\src\stm32f30x_tim.o
 .debug_aranges
                0x000006d0      0x1a0 obj\debug\spl\src\stm32f30x_usart.o
 .debug_aranges
                0x00000870       0x38 obj\debug\src\30021_io.o
 .debug_aranges
                0x000008a8       0x60 obj\debug\src\imu.o
 .debug_aranges
                0x00000908       0x28 obj\debug\src\main.o
 .debug_aranges
                0x00000930       0x30 obj\debug\src\scanop.o
 .debug_aranges
                0x00000960       0x30 obj\debug\src\sd_driver.o
 .debug_aranges
                0x00000990       0x30 obj\debug\src\servo.o
 .debug_aranges
                0x000009c0       0x20 obj\debug\src\startup_stm32f30x.o
 .debug_aranges
                0x000009e0       0x30 obj\debug\src\system_stm32f30x.o
 .debug_aranges
                0x00000a10       0x40 obj\debug\src\timer.o

.debug_ranges   0x00000000      0x950
 .debug_ranges  0x00000000       0x70 obj\debug\spl\src\stm32f30x_gpio.o
 .debug_ranges  0x00000070       0x30 obj\debug\spl\src\stm32f30x_misc.o
 .debug_ranges  0x000000a0      0x140 obj\debug\spl\src\stm32f30x_rcc.o
 .debug_ranges  0x000001e0      0x108 obj\debug\spl\src\stm32f30x_spi.o
 .debug_ranges  0x000002e8      0x398 obj\debug\spl\src\stm32f30x_tim.o
 .debug_ranges  0x00000680      0x190 obj\debug\spl\src\stm32f30x_usart.o
 .debug_ranges  0x00000810       0x28 obj\debug\src\30021_io.o
 .debug_ranges  0x00000838       0x50 obj\debug\src\imu.o
 .debug_ranges  0x00000888       0x18 obj\debug\src\main.o
 .debug_ranges  0x000008a0       0x20 obj\debug\src\scanop.o
 .debug_ranges  0x000008c0       0x20 obj\debug\src\sd_driver.o
 .debug_ranges  0x000008e0       0x20 obj\debug\src\servo.o
 .debug_ranges  0x00000900       0x20 obj\debug\src\system_stm32f30x.o
 .debug_ranges  0x00000920       0x30 obj\debug\src\timer.o

.debug_macro    0x00000000     0x4671
 .debug_macro   0x00000000      0x19b obj\debug\spl\src\stm32f30x_gpio.o
 .debug_macro   0x0000019b      0x1b0 obj\debug\spl\src\stm32f30x_gpio.o
 .debug_macro   0x0000034b      0x1a1 obj\debug\spl\src\stm32f30x_misc.o
 .debug_macro   0x000004ec       0x83 obj\debug\spl\src\stm32f30x_misc.o
 .debug_macro   0x0000056f      0x238 obj\debug\spl\src\stm32f30x_rcc.o
 .debug_macro   0x000007a7      0x5c0 obj\debug\spl\src\stm32f30x_rcc.o
 .debug_macro   0x00000d67      0x1b0 obj\debug\spl\src\stm32f30x_spi.o
 .debug_macro   0x00000f17      0x3a5 obj\debug\spl\src\stm32f30x_spi.o
 .debug_macro   0x000012bc      0x1c5 obj\debug\spl\src\stm32f30x_tim.o
 .debug_macro   0x00001481      0x8d2 obj\debug\spl\src\stm32f30x_tim.o
 .debug_macro   0x00001d53      0x1b3 obj\debug\spl\src\stm32f30x_usart.o
 .debug_macro   0x00001f06      0x35e obj\debug\spl\src\stm32f30x_usart.o
 .debug_macro   0x00002264      0x2d8 obj\debug\src\30021_io.o
 .debug_macro   0x0000253c       0x52 obj\debug\src\30021_io.o
 .debug_macro   0x0000258e       0x35 obj\debug\src\30021_io.o
 .debug_macro   0x000025c3       0x9c obj\debug\src\30021_io.o
 .debug_macro   0x0000265f       0x16 obj\debug\src\30021_io.o
 .debug_macro   0x00002675       0x97 obj\debug\src\30021_io.o
 .debug_macro   0x0000270c      0x30d obj\debug\src\30021_io.o
 .debug_macro   0x00002a19       0xfd obj\debug\src\30021_io.o
 .debug_macro   0x00002b16       0x10 obj\debug\src\30021_io.o
 .debug_macro   0x00002b26       0x52 obj\debug\src\30021_io.o
 .debug_macro   0x00002b78       0x1f obj\debug\src\30021_io.o
 .debug_macro   0x00002b97       0x43 obj\debug\src\30021_io.o
 .debug_macro   0x00002bda       0x20 obj\debug\src\30021_io.o
 .debug_macro   0x00002bfa      0x187 obj\debug\src\30021_io.o
 .debug_macro   0x00002d81       0x10 obj\debug\src\30021_io.o
 .debug_macro   0x00002d91       0x1c obj\debug\src\30021_io.o
 .debug_macro   0x00002dad       0x52 obj\debug\src\30021_io.o
 .debug_macro   0x00002dff       0x40 obj\debug\src\30021_io.o
 .debug_macro   0x00002e3f       0x10 obj\debug\src\30021_io.o
 .debug_macro   0x00002e4f       0x40 obj\debug\src\30021_io.o
 .debug_macro   0x00002e8f       0xd7 obj\debug\src\30021_io.o
 .debug_macro   0x00002f66       0x16 obj\debug\src\30021_io.o
 .debug_macro   0x00002f7c      0x189 obj\debug\src\30021_io.o
 .debug_macro   0x00003105      0x2dd obj\debug\src\imu.o
 .debug_macro   0x000033e2       0xf4 obj\debug\src\imu.o
 .debug_macro   0x000034d6      0x322 obj\debug\src\main.o
 .debug_macro   0x000037f8       0xfa obj\debug\src\main.o
 .debug_macro   0x000038f2       0x22 obj\debug\src\main.o
 .debug_macro   0x00003914      0x30e obj\debug\src\scanop.o
 .debug_macro   0x00003c22      0x2e6 obj\debug\src\sd_driver.o
 .debug_macro   0x00003f08      0x2e2 obj\debug\src\servo.o
 .debug_macro   0x000041ea      0x197 obj\debug\src\system_stm32f30x.o
 .debug_macro   0x00004381      0x2f0 obj\debug\src\timer.o

.debug_line     0x00000000     0x5f48
 .debug_line    0x00000000      0x57f obj\debug\spl\src\stm32f30x_gpio.o
 .debug_line    0x0000057f      0x49a obj\debug\spl\src\stm32f30x_misc.o
 .debug_line    0x00000a19      0x7e5 obj\debug\spl\src\stm32f30x_rcc.o
 .debug_line    0x000011fe      0x736 obj\debug\spl\src\stm32f30x_spi.o
 .debug_line    0x00001934      0xeef obj\debug\spl\src\stm32f30x_tim.o
 .debug_line    0x00002823      0x86c obj\debug\spl\src\stm32f30x_usart.o
 .debug_line    0x0000308f      0x5cb obj\debug\src\30021_io.o
 .debug_line    0x0000365a      0x6c4 obj\debug\src\imu.o
 .debug_line    0x00003d1e      0x5a5 obj\debug\src\main.o
 .debug_line    0x000042c3      0x64f obj\debug\src\scanop.o
 .debug_line    0x00004912      0x5aa obj\debug\src\sd_driver.o
 .debug_line    0x00004ebc      0x59b obj\debug\src\servo.o
 .debug_line    0x00005457       0xbb obj\debug\src\startup_stm32f30x.o
 .debug_line    0x00005512      0x443 obj\debug\src\system_stm32f30x.o
 .debug_line    0x00005955      0x5f3 obj\debug\src\timer.o

.debug_str      0x00000000    0x595e0
 .debug_str     0x00000000    0x5249c obj\debug\spl\src\stm32f30x_gpio.o
                              0x52657 (size before relaxing)
 .debug_str     0x0005249c      0x251 obj\debug\spl\src\stm32f30x_misc.o
                              0x525b0 (size before relaxing)
 .debug_str     0x000526ed      0xa58 obj\debug\spl\src\stm32f30x_rcc.o
                              0x52e0b (size before relaxing)
 .debug_str     0x00053145      0x4e0 obj\debug\spl\src\stm32f30x_spi.o
                              0x529e8 (size before relaxing)
 .debug_str     0x00053625      0xdfd obj\debug\spl\src\stm32f30x_tim.o
                              0x531fe (size before relaxing)
 .debug_str     0x00054422      0x7e5 obj\debug\spl\src\stm32f30x_usart.o
                              0x52cdf (size before relaxing)
 .debug_str     0x00054c07     0x3e8d obj\debug\src\30021_io.o
                              0x564b7 (size before relaxing)
 .debug_str     0x00058a94      0x352 obj\debug\src\imu.o
                              0x563ed (size before relaxing)
 .debug_str     0x00058de6      0x10f obj\debug\src\main.o
                              0x56261 (size before relaxing)
 .debug_str     0x00058ef5       0x76 obj\debug\src\scanop.o
                              0x562d8 (size before relaxing)
 .debug_str     0x00058f6b       0x5e obj\debug\src\sd_driver.o
                              0x5619d (size before relaxing)
 .debug_str     0x00058fc9       0x5a obj\debug\src\servo.o
                              0x56228 (size before relaxing)
 .debug_str     0x00059023      0x104 obj\debug\src\system_stm32f30x.o
                              0x5249f (size before relaxing)
 .debug_str     0x00059127      0x4b9 obj\debug\src\timer.o
                              0x565b0 (size before relaxing)

.debug_frame    0x00000000     0x3928
 .debug_frame   0x00000000      0x214 obj\debug\spl\src\stm32f30x_gpio.o
 .debug_frame   0x00000214       0xd8 obj\debug\spl\src\stm32f30x_misc.o
 .debug_frame   0x000002ec      0x60c obj\debug\spl\src\stm32f30x_rcc.o
 .debug_frame   0x000008f8      0x508 obj\debug\spl\src\stm32f30x_spi.o
 .debug_frame   0x00000e00     0x11c4 obj\debug\spl\src\stm32f30x_tim.o
 .debug_frame   0x00001fc4      0x7b0 obj\debug\spl\src\stm32f30x_usart.o
 .debug_frame   0x00002774       0xa4 obj\debug\src\30021_io.o
 .debug_frame   0x00002818      0x158 obj\debug\src\imu.o
 .debug_frame   0x00002970       0x4c obj\debug\src\main.o
 .debug_frame   0x000029bc       0x7c obj\debug\src\scanop.o
 .debug_frame   0x00002a38       0x7c obj\debug\src\sd_driver.o
 .debug_frame   0x00002ab4       0x7c obj\debug\src\servo.o
 .debug_frame   0x00002b30       0x74 obj\debug\src\system_stm32f30x.o
 .debug_frame   0x00002ba4       0xbc obj\debug\src\timer.o
 .debug_frame   0x00002c60       0x28 c:/program files (x86)/embitz/1.11/share/em_armgcc/bin/../lib/gcc/arm-none-eabi/5.4.1/../../../../arm-none-eabi/lib/armv7e-m\libg_n.a(lib_a-exit.o)
 .debug_frame   0x00002c88       0x2c c:/program files (x86)/embitz/1.11/share/em_armgcc/bin/../lib/gcc/arm-none-eabi/5.4.1/../../../../arm-none-eabi/lib/armv7e-m\libg_n.a(lib_a-init.o)
 .debug_frame   0x00002cb4       0x28 c:/program files (x86)/embitz/1.11/share/em_armgcc/bin/../lib/gcc/arm-none-eabi/5.4.1/../../../../arm-none-eabi/lib/armv7e-m\libg_n.a(lib_a-memcpy-stub.o)
 .debug_frame   0x00002cdc       0x20 c:/program files (x86)/embitz/1.11/share/em_armgcc/bin/../lib/gcc/arm-none-eabi/5.4.1/../../../../arm-none-eabi/lib/armv7e-m\libg_n.a(lib_a-memset.o)
 .debug_frame   0x00002cfc       0x8c c:/program files (x86)/embitz/1.11/share/em_armgcc/bin/../lib/gcc/arm-none-eabi/5.4.1/../../../../arm-none-eabi/lib/armv7e-m\libg_n.a(lib_a-nano-vfprintf_float.o)
 .debug_frame   0x00002d88       0x60 c:/program files (x86)/embitz/1.11/share/em_armgcc/bin/../lib/gcc/arm-none-eabi/5.4.1/../../../../arm-none-eabi/lib/armv7e-m\libg_n.a(lib_a-nano-vfprintf_i.o)
 .debug_frame   0x00002de8       0x74 c:/program files (x86)/embitz/1.11/share/em_armgcc/bin/../lib/gcc/arm-none-eabi/5.4.1/../../../../arm-none-eabi/lib/armv7e-m\libg_n.a(lib_a-printf.o)
 .debug_frame   0x00002e5c       0x3c c:/program files (x86)/embitz/1.11/share/em_armgcc/bin/../lib/gcc/arm-none-eabi/5.4.1/../../../../arm-none-eabi/lib/armv7e-m\libg_n.a(lib_a-puts.o)
 .debug_frame   0x00002e98       0x20 c:/program files (x86)/embitz/1.11/share/em_armgcc/bin/../lib/gcc/arm-none-eabi/5.4.1/../../../../arm-none-eabi/lib/armv7e-m\libg_n.a(lib_a-setbuf.o)
 .debug_frame   0x00002eb8       0x38 c:/program files (x86)/embitz/1.11/share/em_armgcc/bin/../lib/gcc/arm-none-eabi/5.4.1/../../../../arm-none-eabi/lib/armv7e-m\libg_n.a(lib_a-setvbuf.o)
 .debug_frame   0x00002ef0       0x40 c:/program files (x86)/embitz/1.11/share/em_armgcc/bin/../lib/gcc/arm-none-eabi/5.4.1/../../../../arm-none-eabi/lib/armv7e-m\libg_n.a(lib_a-wbuf.o)
 .debug_frame   0x00002f30       0x2c c:/program files (x86)/embitz/1.11/share/em_armgcc/bin/../lib/gcc/arm-none-eabi/5.4.1/../../../../arm-none-eabi/lib/armv7e-m\libg_n.a(lib_a-wsetup.o)
 .debug_frame   0x00002f5c       0x6c c:/program files (x86)/embitz/1.11/share/em_armgcc/bin/../lib/gcc/arm-none-eabi/5.4.1/../../../../arm-none-eabi/lib/armv7e-m\libg_n.a(lib_a-dtoa.o)
 .debug_frame   0x00002fc8       0x68 c:/program files (x86)/embitz/1.11/share/em_armgcc/bin/../lib/gcc/arm-none-eabi/5.4.1/../../../../arm-none-eabi/lib/armv7e-m\libg_n.a(lib_a-fflush.o)
 .debug_frame   0x00003030      0x11c c:/program files (x86)/embitz/1.11/share/em_armgcc/bin/../lib/gcc/arm-none-eabi/5.4.1/../../../../arm-none-eabi/lib/armv7e-m\libg_n.a(lib_a-findfp.o)
 .debug_frame   0x0000314c       0x54 c:/program files (x86)/embitz/1.11/share/em_armgcc/bin/../lib/gcc/arm-none-eabi/5.4.1/../../../../arm-none-eabi/lib/armv7e-m\libg_n.a(lib_a-fwalk.o)
 .debug_frame   0x000031a0       0x98 c:/program files (x86)/embitz/1.11/share/em_armgcc/bin/../lib/gcc/arm-none-eabi/5.4.1/../../../../arm-none-eabi/lib/armv7e-m\libg_n.a(lib_a-locale.o)
 .debug_frame   0x00003238       0x54 c:/program files (x86)/embitz/1.11/share/em_armgcc/bin/../lib/gcc/arm-none-eabi/5.4.1/../../../../arm-none-eabi/lib/armv7e-m\libg_n.a(lib_a-makebuf.o)
 .debug_frame   0x0000328c       0x30 c:/program files (x86)/embitz/1.11/share/em_armgcc/bin/../lib/gcc/arm-none-eabi/5.4.1/../../../../arm-none-eabi/lib/armv7e-m\libg_n.a(lib_a-malloc.o)
 .debug_frame   0x000032bc      0x234 c:/program files (x86)/embitz/1.11/share/em_armgcc/bin/../lib/gcc/arm-none-eabi/5.4.1/../../../../arm-none-eabi/lib/armv7e-m\libg_n.a(lib_a-mprec.o)
 .debug_frame   0x000034f0       0x2c c:/program files (x86)/embitz/1.11/share/em_armgcc/bin/../lib/gcc/arm-none-eabi/5.4.1/../../../../arm-none-eabi/lib/armv7e-m\libg_n.a(lib_a-nano-callocr.o)
 .debug_frame   0x0000351c       0x38 c:/program files (x86)/embitz/1.11/share/em_armgcc/bin/../lib/gcc/arm-none-eabi/5.4.1/../../../../arm-none-eabi/lib/armv7e-m\libg_n.a(lib_a-nano-freer.o)
 .debug_frame   0x00003554       0x2c c:/program files (x86)/embitz/1.11/share/em_armgcc/bin/../lib/gcc/arm-none-eabi/5.4.1/../../../../arm-none-eabi/lib/armv7e-m\libg_n.a(lib_a-nano-mallocr.o)
 .debug_frame   0x00003580       0xac c:/program files (x86)/embitz/1.11/share/em_armgcc/bin/../lib/gcc/arm-none-eabi/5.4.1/../../../../arm-none-eabi/lib/armv7e-m\libg_n.a(lib_a-nano-vfprintf.o)
 .debug_frame   0x0000362c       0x2c c:/program files (x86)/embitz/1.11/share/em_armgcc/bin/../lib/gcc/arm-none-eabi/5.4.1/../../../../arm-none-eabi/lib/armv7e-m\libg_n.a(lib_a-sbrkr.o)
 .debug_frame   0x00003658       0x88 c:/program files (x86)/embitz/1.11/share/em_armgcc/bin/../lib/gcc/arm-none-eabi/5.4.1/../../../../arm-none-eabi/lib/armv7e-m\libg_n.a(lib_a-stdio.o)
 .debug_frame   0x000036e0       0x2c c:/program files (x86)/embitz/1.11/share/em_armgcc/bin/../lib/gcc/arm-none-eabi/5.4.1/../../../../arm-none-eabi/lib/armv7e-m\libg_n.a(lib_a-closer.o)
 .debug_frame   0x0000370c       0x2c c:/program files (x86)/embitz/1.11/share/em_armgcc/bin/../lib/gcc/arm-none-eabi/5.4.1/../../../../arm-none-eabi/lib/armv7e-m\libg_n.a(lib_a-fstatr.o)
 .debug_frame   0x00003738       0x2c c:/program files (x86)/embitz/1.11/share/em_armgcc/bin/../lib/gcc/arm-none-eabi/5.4.1/../../../../arm-none-eabi/lib/armv7e-m\libg_n.a(lib_a-isattyr.o)
 .debug_frame   0x00003764       0x2c c:/program files (x86)/embitz/1.11/share/em_armgcc/bin/../lib/gcc/arm-none-eabi/5.4.1/../../../../arm-none-eabi/lib/armv7e-m\libg_n.a(lib_a-lseekr.o)
 .debug_frame   0x00003790       0x30 c:/program files (x86)/embitz/1.11/share/em_armgcc/bin/../lib/gcc/arm-none-eabi/5.4.1/../../../../arm-none-eabi/lib/armv7e-m\libg_n.a(lib_a-mlock.o)
 .debug_frame   0x000037c0       0x2c c:/program files (x86)/embitz/1.11/share/em_armgcc/bin/../lib/gcc/arm-none-eabi/5.4.1/../../../../arm-none-eabi/lib/armv7e-m\libg_n.a(lib_a-readr.o)
 .debug_frame   0x000037ec       0x5c c:/program files (x86)/embitz/1.11/share/em_armgcc/bin/../lib/gcc/arm-none-eabi/5.4.1/../../../../arm-none-eabi/lib/armv7e-m\libg_n.a(lib_a-reent.o)
 .debug_frame   0x00003848       0x20 c:/program files (x86)/embitz/1.11/share/em_armgcc/bin/../lib/gcc/arm-none-eabi/5.4.1/../../../../arm-none-eabi/lib/armv7e-m\libnosys_s.a(close.o)
 .debug_frame   0x00003868       0x20 c:/program files (x86)/embitz/1.11/share/em_armgcc/bin/../lib/gcc/arm-none-eabi/5.4.1/../../../../arm-none-eabi/lib/armv7e-m\libnosys_s.a(fstat.o)
 .debug_frame   0x00003888       0x20 c:/program files (x86)/embitz/1.11/share/em_armgcc/bin/../lib/gcc/arm-none-eabi/5.4.1/../../../../arm-none-eabi/lib/armv7e-m\libnosys_s.a(isatty.o)
 .debug_frame   0x000038a8       0x20 c:/program files (x86)/embitz/1.11/share/em_armgcc/bin/../lib/gcc/arm-none-eabi/5.4.1/../../../../arm-none-eabi/lib/armv7e-m\libnosys_s.a(lseek.o)
 .debug_frame   0x000038c8       0x20 c:/program files (x86)/embitz/1.11/share/em_armgcc/bin/../lib/gcc/arm-none-eabi/5.4.1/../../../../arm-none-eabi/lib/armv7e-m\libnosys_s.a(read.o)
 .debug_frame   0x000038e8       0x20 c:/program files (x86)/embitz/1.11/share/em_armgcc/bin/../lib/gcc/arm-none-eabi/5.4.1/../../../../arm-none-eabi/lib/armv7e-m\libnosys_s.a(sbrk.o)
 .debug_frame   0x00003908       0x20 c:/program files (x86)/embitz/1.11/share/em_armgcc/bin/../lib/gcc/arm-none-eabi/5.4.1/../../../../arm-none-eabi/lib/armv7e-m\libnosys_s.a(_exit.o)

.stab           0x00000000       0x84
 .stab          0x00000000       0x24 c:/program files (x86)/embitz/1.11/share/em_armgcc/bin/../lib/gcc/arm-none-eabi/5.4.1/../../../../arm-none-eabi/lib/armv7e-m\libnosys_s.a(close.o)
 .stab          0x00000024       0x18 c:/program files (x86)/embitz/1.11/share/em_armgcc/bin/../lib/gcc/arm-none-eabi/5.4.1/../../../../arm-none-eabi/lib/armv7e-m\libnosys_s.a(fstat.o)
                                 0x24 (size before relaxing)
 .stab          0x0000003c       0x18 c:/program files (x86)/embitz/1.11/share/em_armgcc/bin/../lib/gcc/arm-none-eabi/5.4.1/../../../../arm-none-eabi/lib/armv7e-m\libnosys_s.a(isatty.o)
                                 0x24 (size before relaxing)
 .stab          0x00000054       0x18 c:/program files (x86)/embitz/1.11/share/em_armgcc/bin/../lib/gcc/arm-none-eabi/5.4.1/../../../../arm-none-eabi/lib/armv7e-m\libnosys_s.a(lseek.o)
                                 0x24 (size before relaxing)
 .stab          0x0000006c       0x18 c:/program files (x86)/embitz/1.11/share/em_armgcc/bin/../lib/gcc/arm-none-eabi/5.4.1/../../../../arm-none-eabi/lib/armv7e-m\libnosys_s.a(read.o)
                                 0x24 (size before relaxing)

.stabstr        0x00000000      0x117
 .stabstr       0x00000000      0x117 c:/program files (x86)/embitz/1.11/share/em_armgcc/bin/../lib/gcc/arm-none-eabi/5.4.1/../../../../arm-none-eabi/lib/armv7e-m\libnosys_s.a(close.o)
